Archive member included to satisfy reference by file (symbol)

C:/ST/STM32CubeIDE_1.18.1/STM32CubeIDE/plugins/com.st.stm32cube.ide.mcu.externaltools.gnu-tools-for-stm32.13.3.rel1.win32_1.0.0.202411081344/tools/bin/../lib/gcc/arm-none-eabi/13.3.1/../../../../arm-none-eabi/lib/thumb/v7e-m+dp/hard\libm.a(libm_a-wf_atan2.o)
                              ./location/location.o (atan2f)
C:/ST/STM32CubeIDE_1.18.1/STM32CubeIDE/plugins/com.st.stm32cube.ide.mcu.externaltools.gnu-tools-for-stm32.13.3.rel1.win32_1.0.0.202411081344/tools/bin/../lib/gcc/arm-none-eabi/13.3.1/../../../../arm-none-eabi/lib/thumb/v7e-m+dp/hard\libm.a(libm_a-wf_sqrt.o)
                              ./location/location.o (sqrtf)
C:/ST/STM32CubeIDE_1.18.1/STM32CubeIDE/plugins/com.st.stm32cube.ide.mcu.externaltools.gnu-tools-for-stm32.13.3.rel1.win32_1.0.0.202411081344/tools/bin/../lib/gcc/arm-none-eabi/13.3.1/../../../../arm-none-eabi/lib/thumb/v7e-m+dp/hard\libm.a(libm_a-sinf.o)
                              ./Chassis/chassis.o (sinf)
C:/ST/STM32CubeIDE_1.18.1/STM32CubeIDE/plugins/com.st.stm32cube.ide.mcu.externaltools.gnu-tools-for-stm32.13.3.rel1.win32_1.0.0.202411081344/tools/bin/../lib/gcc/arm-none-eabi/13.3.1/../../../../arm-none-eabi/lib/thumb/v7e-m+dp/hard\libm.a(libm_a-cosf.o)
                              ./Chassis/chassis.o (cosf)
C:/ST/STM32CubeIDE_1.18.1/STM32CubeIDE/plugins/com.st.stm32cube.ide.mcu.externaltools.gnu-tools-for-stm32.13.3.rel1.win32_1.0.0.202411081344/tools/bin/../lib/gcc/arm-none-eabi/13.3.1/../../../../arm-none-eabi/lib/thumb/v7e-m+dp/hard\libm.a(libm_a-sincosf_data.o)
                              C:/ST/STM32CubeIDE_1.18.1/STM32CubeIDE/plugins/com.st.stm32cube.ide.mcu.externaltools.gnu-tools-for-stm32.13.3.rel1.win32_1.0.0.202411081344/tools/bin/../lib/gcc/arm-none-eabi/13.3.1/../../../../arm-none-eabi/lib/thumb/v7e-m+dp/hard\libm.a(libm_a-sinf.o) (__inv_pio4)
C:/ST/STM32CubeIDE_1.18.1/STM32CubeIDE/plugins/com.st.stm32cube.ide.mcu.externaltools.gnu-tools-for-stm32.13.3.rel1.win32_1.0.0.202411081344/tools/bin/../lib/gcc/arm-none-eabi/13.3.1/../../../../arm-none-eabi/lib/thumb/v7e-m+dp/hard\libm.a(libm_a-math_errf.o)
                              C:/ST/STM32CubeIDE_1.18.1/STM32CubeIDE/plugins/com.st.stm32cube.ide.mcu.externaltools.gnu-tools-for-stm32.13.3.rel1.win32_1.0.0.202411081344/tools/bin/../lib/gcc/arm-none-eabi/13.3.1/../../../../arm-none-eabi/lib/thumb/v7e-m+dp/hard\libm.a(libm_a-sinf.o) (__math_invalidf)
C:/ST/STM32CubeIDE_1.18.1/STM32CubeIDE/plugins/com.st.stm32cube.ide.mcu.externaltools.gnu-tools-for-stm32.13.3.rel1.win32_1.0.0.202411081344/tools/bin/../lib/gcc/arm-none-eabi/13.3.1/../../../../arm-none-eabi/lib/thumb/v7e-m+dp/hard\libm.a(libm_a-ef_sqrt.o)
                              C:/ST/STM32CubeIDE_1.18.1/STM32CubeIDE/plugins/com.st.stm32cube.ide.mcu.externaltools.gnu-tools-for-stm32.13.3.rel1.win32_1.0.0.202411081344/tools/bin/../lib/gcc/arm-none-eabi/13.3.1/../../../../arm-none-eabi/lib/thumb/v7e-m+dp/hard\libm.a(libm_a-wf_sqrt.o) (__ieee754_sqrtf)
C:/ST/STM32CubeIDE_1.18.1/STM32CubeIDE/plugins/com.st.stm32cube.ide.mcu.externaltools.gnu-tools-for-stm32.13.3.rel1.win32_1.0.0.202411081344/tools/bin/../lib/gcc/arm-none-eabi/13.3.1/../../../../arm-none-eabi/lib/thumb/v7e-m+dp/hard\libm.a(libm_a-ef_atan2.o)
                              C:/ST/STM32CubeIDE_1.18.1/STM32CubeIDE/plugins/com.st.stm32cube.ide.mcu.externaltools.gnu-tools-for-stm32.13.3.rel1.win32_1.0.0.202411081344/tools/bin/../lib/gcc/arm-none-eabi/13.3.1/../../../../arm-none-eabi/lib/thumb/v7e-m+dp/hard\libm.a(libm_a-wf_atan2.o) (__ieee754_atan2f)
C:/ST/STM32CubeIDE_1.18.1/STM32CubeIDE/plugins/com.st.stm32cube.ide.mcu.externaltools.gnu-tools-for-stm32.13.3.rel1.win32_1.0.0.202411081344/tools/bin/../lib/gcc/arm-none-eabi/13.3.1/../../../../arm-none-eabi/lib/thumb/v7e-m+dp/hard\libm.a(libm_a-sf_atan.o)
                              C:/ST/STM32CubeIDE_1.18.1/STM32CubeIDE/plugins/com.st.stm32cube.ide.mcu.externaltools.gnu-tools-for-stm32.13.3.rel1.win32_1.0.0.202411081344/tools/bin/../lib/gcc/arm-none-eabi/13.3.1/../../../../arm-none-eabi/lib/thumb/v7e-m+dp/hard\libm.a(libm_a-ef_atan2.o) (atanf)
C:/ST/STM32CubeIDE_1.18.1/STM32CubeIDE/plugins/com.st.stm32cube.ide.mcu.externaltools.gnu-tools-for-stm32.13.3.rel1.win32_1.0.0.202411081344/tools/bin/../lib/gcc/arm-none-eabi/13.3.1/../../../../arm-none-eabi/lib/thumb/v7e-m+dp/hard\libm.a(libm_a-sf_fabs.o)
                              C:/ST/STM32CubeIDE_1.18.1/STM32CubeIDE/plugins/com.st.stm32cube.ide.mcu.externaltools.gnu-tools-for-stm32.13.3.rel1.win32_1.0.0.202411081344/tools/bin/../lib/gcc/arm-none-eabi/13.3.1/../../../../arm-none-eabi/lib/thumb/v7e-m+dp/hard\libm.a(libm_a-ef_atan2.o) (fabsf)
C:/ST/STM32CubeIDE_1.18.1/STM32CubeIDE/plugins/com.st.stm32cube.ide.mcu.externaltools.gnu-tools-for-stm32.13.3.rel1.win32_1.0.0.202411081344/tools/bin/../lib/gcc/arm-none-eabi/13.3.1/../../../../arm-none-eabi/lib/thumb/v7e-m+dp/hard\libc_nano.a(libc_a-exit.o)
[...]
Memory Configuration

Name             Origin             Length             Attributes
ITCMRAM          0x00000000         0x00010000         xrw
DTCMRAM          0x20000000         0x00020000         xrw
FLASH            0x08000000         0x00100000         xr
RAM_D1           0x24000000         0x00050000         xrw
RAM_D2           0x30000000         0x00008000         xrw
RAM_D3           0x38000000         0x00004000         xrw
*default*        0x00000000         0xffffffff

Linker script and memory map

LOAD C:/ST/STM32CubeIDE_1.18.1/STM32CubeIDE/plugins/com.st.stm32cube.ide.mcu.externaltools.gnu-tools-for-stm32.13.3.rel1.win32_1.0.0.202411081344/tools/bin/../lib/gcc/arm-none-eabi/13.3.1/thumb/v7e-m+dp/hard/crti.o
LOAD C:/ST/STM32CubeIDE_1.18.1/STM32CubeIDE/plugins/com.st.stm32cube.ide.mcu.externaltools.gnu-tools-for-stm32.13.3.rel1.win32_1.0.0.202411081344/tools/bin/../lib/gcc/arm-none-eabi/13.3.1/thumb/v7e-m+dp/hard/crtbegin.o
LOAD C:/ST/STM32CubeIDE_1.18.1/STM32CubeIDE/plugins/com.st.stm32cube.ide.mcu.externaltools.gnu-tools-for-stm32.13.3.rel1.win32_1.0.0.202411081344/tools/bin/../lib/gcc/arm-none-eabi/13.3.1/../../../../arm-none-eabi/lib/thumb/v7e-m+dp/hard/crt0.o
LOAD ./Chassis/chassis.o
LOAD ./Core/Inc/duration.o
LOAD ./Core/Inc/time.o
LOAD ./Core/Src/main.o
LOAD ./Core/Src/mainpp.o
LOAD ./Core/Src/stm32h7xx_hal_msp.o
LOAD ./Core/Src/stm32h7xx_it.o
LOAD ./Core/Src/syscalls.o
LOAD ./Core/Src/sysmem.o
LOAD ./Core/Src/system_stm32h7xx.o
LOAD ./Core/Startup/startup_stm32h723zgtx.o
LOAD ./Drivers/STM32H7xx_HAL_Driver/Src/stm32h7xx_hal.o
LOAD ./Drivers/STM32H7xx_HAL_Driver/Src/stm32h7xx_hal_adc.o
LOAD ./Drivers/STM32H7xx_HAL_Driver/Src/stm32h7xx_hal_adc_ex.o
LOAD ./Drivers/STM32H7xx_HAL_Driver/Src/stm32h7xx_hal_cortex.o
LOAD ./Drivers/STM32H7xx_HAL_Driver/Src/stm32h7xx_hal_dma.o
LOAD ./Drivers/STM32H7xx_HAL_Driver/Src/stm32h7xx_hal_dma_ex.o
LOAD ./Drivers/STM32H7xx_HAL_Driver/Src/stm32h7xx_hal_exti.o
LOAD ./Drivers/STM32H7xx_HAL_Driver/Src/stm32h7xx_hal_flash.o
LOAD ./Drivers/STM32H7xx_HAL_Driver/Src/stm32h7xx_hal_flash_ex.o
LOAD ./Drivers/STM32H7xx_HAL_Driver/Src/stm32h7xx_hal_gpio.o
LOAD ./Drivers/STM32H7xx_HAL_Driver/Src/stm32h7xx_hal_hsem.o
LOAD ./Drivers/STM32H7xx_HAL_Driver/Src/stm32h7xx_hal_i2c.o
LOAD ./Drivers/STM32H7xx_HAL_Driver/Src/stm32h7xx_hal_i2c_ex.o
LOAD ./Drivers/STM32H7xx_HAL_Driver/Src/stm32h7xx_hal_mdma.o
LOAD ./Drivers/STM32H7xx_HAL_Driver/Src/stm32h7xx_hal_pwr.o
LOAD ./Drivers/STM32H7xx_HAL_Driver/Src/stm32h7xx_hal_pwr_ex.o
LOAD ./Drivers/STM32H7xx_HAL_Driver/Src/stm32h7xx_hal_rcc.o
LOAD ./Drivers/STM32H7xx_HAL_Driver/Src/stm32h7xx_hal_rcc_ex.o
LOAD ./Drivers/STM32H7xx_HAL_Driver/Src/stm32h7xx_hal_tim.o
LOAD ./Drivers/STM32H7xx_HAL_Driver/Src/stm32h7xx_hal_tim_ex.o
LOAD ./Drivers/STM32H7xx_HAL_Driver/Src/stm32h7xx_hal_uart.o
LOAD ./Drivers/STM32H7xx_HAL_Driver/Src/stm32h7xx_hal_uart_ex.o
LOAD ./Drivers/VL53L0X/vl53l0x_api.o
LOAD ./Drivers/VL53L0X/vl53l0x_api_calibration.o
LOAD ./Drivers/VL53L0X/vl53l0x_api_core.o
LOAD ./Drivers/VL53L0X/vl53l0x_api_ranging.o
LOAD ./Drivers/VL53L0X/vl53l0x_api_strings.o
LOAD ./Drivers/VL53L0X/vl53l0x_platform.o
LOAD ./Drivers/VL53L0X/vl53l0x_platform_log.o
LOAD ./Lifter/lifter.o
LOAD ./Motor/DC_motor.o
LOAD ./ROS1/ros1.o
LOAD ./location/VL53.o
LOAD ./location/location.o
LOAD ./location/pathsensor.o
LOAD ./location/script.o
START GROUP
LOAD C:/ST/STM32CubeIDE_1.18.1/STM32CubeIDE/plugins/com.st.stm32cube.ide.mcu.externaltools.gnu-tools-for-stm32.13.3.rel1.win32_1.0.0.202411081344/tools/bin/../lib/gcc/arm-none-eabi/13.3.1/../../../../arm-none-eabi/lib/thumb/v7e-m+dp/hard\libstdc++_nano.a
LOAD C:/ST/STM32CubeIDE_1.18.1/STM32CubeIDE/plugins/com.st.stm32cube.ide.mcu.externaltools.gnu-tools-for-stm32.13.3.rel1.win32_1.0.0.202411081344/tools/bin/../lib/gcc/arm-none-eabi/13.3.1/../../../../arm-none-eabi/lib/thumb/v7e-m+dp/hard\libsupc++_nano.a
END GROUP
LOAD C:/ST/STM32CubeIDE_1.18.1/STM32CubeIDE/plugins/com.st.stm32cube.ide.mcu.externaltools.gnu-tools-for-stm32.13.3.rel1.win32_1.0.0.202411081344/tools/bin/../lib/gcc/arm-none-eabi/13.3.1/../../../../arm-none-eabi/lib/thumb/v7e-m+dp/hard\libstdc++_nano.a
LOAD C:/ST/STM32CubeIDE_1.18.1/STM32CubeIDE/plugins/com.st.stm32cube.ide.mcu.externaltools.gnu-tools-for-stm32.13.3.rel1.win32_1.0.0.202411081344/tools/bin/../lib/gcc/arm-none-eabi/13.3.1/../../../../arm-none-eabi/lib/thumb/v7e-m+dp/hard\libm.a
LOAD C:/ST/STM32CubeIDE_1.18.1/STM32CubeIDE/plugins/com.st.stm32cube.ide.mcu.externaltools.gnu-tools-for-stm32.13.3.rel1.win32_1.0.0.202411081344/tools/bin/../lib/gcc/arm-none-eabi/13.3.1/../../../../arm-none-eabi/lib/thumb/v7e-m+dp/hard\libc_nano.a
START GROUP
LOAD C:/ST/STM32CubeIDE_1.18.1/STM32CubeIDE/plugins/com.st.stm32cube.ide.mcu.externaltools.gnu-tools-for-stm32.13.3.rel1.win32_1.0.0.202411081344/tools/bin/../lib/gcc/arm-none-eabi/13.3.1/thumb/v7e-m+dp/hard\libgcc.a
LOAD C:/ST/STM32CubeIDE_1.18.1/STM32CubeIDE/plugins/com.st.stm32cube.ide.mcu.externaltools.gnu-tools-for-stm32.13.3.rel1.win32_1.0.0.202411081344/tools/bin/../lib/gcc/arm-none-eabi/13.3.1/../../../../arm-none-eabi/lib/thumb/v7e-m+dp/hard\libc_nano.a
END GROUP
START GROUP
LOAD C:/ST/STM32CubeIDE_1.18.1/STM32CubeIDE/plugins/com.st.stm32cube.ide.mcu.externaltools.gnu-tools-for-stm32.13.3.rel1.win32_1.0.0.202411081344/tools/bin/../lib/gcc/arm-none-eabi/13.3.1/thumb/v7e-m+dp/hard\libgcc.a
LOAD C:/ST/STM32CubeIDE_1.18.1/STM32CubeIDE/plugins/com.st.stm32cube.ide.mcu.externaltools.gnu-tools-for-stm32.13.3.rel1.win32_1.0.0.202411081344/tools/bin/../lib/gcc/arm-none-eabi/13.3.1/../../../../arm-none-eabi/lib/thumb/v7e-m+dp/hard\libc_nano.a
LOAD C:/ST/STM32CubeIDE_1.18.1/STM32CubeIDE/plugins/com.st.stm32cube.ide.mcu.externaltools.gnu-tools-for-stm32.13.3.rel1.win32_1.0.0.202411081344/tools/bin/../lib/gcc/arm-none-eabi/13.3.1/../../../../arm-none-eabi/lib/thumb/v7e-m+dp/hard\libnosys.a
END GROUP
START GROUP
LOAD C:/ST/STM32CubeIDE_1.18.1/STM32CubeIDE/plugins/com.st.stm32cube.ide.mcu.externaltools.gnu-tools-for-stm32.13.3.rel1.win32_1.0.0.202411081344/tools/bin/../lib/gcc/arm-none-eabi/13.3.1/thumb/v7e-m+dp/hard\libgcc.a
LOAD C:/ST/STM32CubeIDE_1.18.1/STM32CubeIDE/plugins/com.st.stm32cube.ide.mcu.externaltools.gnu-tools-for-stm32.13.3.rel1.win32_1.0.0.202411081344/tools/bin/../lib/gcc/arm-none-eabi/13.3.1/../../../../arm-none-eabi/lib/thumb/v7e-m+dp/hard\libc_nano.a
LOAD C:/ST/STM32CubeIDE_1.18.1/STM32CubeIDE/plugins/com.st.stm32cube.ide.mcu.externaltools.gnu-tools-for-stm32.13.3.rel1.win32_1.0.0.202411081344/tools/bin/../lib/gcc/arm-none-eabi/13.3.1/../../../../arm-none-eabi/lib/thumb/v7e-m+dp/hard\libnosys.a
END GROUP
LOAD C:/ST/STM32CubeIDE_1.18.1/STM32CubeIDE/plugins/com.st.stm32cube.ide.mcu.externaltools.gnu-tools-for-stm32.13.3.rel1.win32_1.0.0.202411081344/tools/bin/../lib/gcc/arm-none-eabi/13.3.1/thumb/v7e-m+dp/hard/crtend.o
LOAD C:/ST/STM32CubeIDE_1.18.1/STM32CubeIDE/plugins/com.st.stm32cube.ide.mcu.externaltools.gnu-tools-for-stm32.13.3.rel1.win32_1.0.0.202411081344/tools/bin/../lib/gcc/arm-none-eabi/13.3.1/thumb/v7e-m+dp/hard/crtn.o
                0x24050000                        _estack = (ORIGIN (RAM_D1) + LENGTH (RAM_D1))
                0x00000200                        _Min_Heap_Size = 0x200
                0x00000400                        _Min_Stack_Size = 0x400

.isr_vector     0x08000000      0x2cc
                0x08000000                        . = ALIGN (0x4)
 *(.isr_vector)
 .isr_vector    0x08000000      0x2cc ./Core/Startup/startup_stm32h723zgtx.o
                0x08000000                g_pfnVectors
                0x080002cc                        . = ALIGN (0x4)

.text           0x080002d0    0x13704
                0x080002d0                        . = ALIGN (0x4)
 *(.text)
 .text          0x080002d0       0x40 C:/ST/STM32CubeIDE_1.18.1/STM32CubeIDE/plugins/com.st.stm32cube.ide.mcu.externaltools.gnu-tools-for-stm32.13.3.rel1.win32_1.0.0.202411081344/tools/bin/../lib/gcc/arm-none-eabi/13.3.1/thumb/v7e-m+dp/hard/crtbegin.o
 .text          0x08000310       0x10 C:/ST/STM32CubeIDE_1.18.1/STM32CubeIDE/plugins/com.st.stm32cube.ide.mcu.externaltools.gnu-tools-for-stm32.13.3.rel1.win32_1.0.0.202411081344/tools/bin/../lib/gcc/arm-none-eabi/13.3.1/../../../../arm-none-eabi/lib/thumb/v7e-m+dp/hard\libc_nano.a(libc_a-strlen.o)
                0x08000310                strlen
 .text          0x08000320      0x378 C:/ST/STM32CubeIDE_1.18.1/STM32CubeIDE/plugins/com.st.stm32cube.ide.mcu.externaltools.gnu-tools-for-stm32.13.3.rel1.win32_1.0.0.202411081344/tools/bin/../lib/gcc/arm-none-eabi/13.3.1/thumb/v7e-m+dp/hard\libgcc.a(_arm_addsubdf3.o)
                0x08000320                __aeabi_drsub
                0x08000328                __aeabi_dsub
                0x08000328                __subdf3
                0x0800032c                __aeabi_dadd
                0x0800032c                __adddf3
                0x080005a4                __floatunsidf
                0x080005a4                __aeabi_ui2d
                0x080005c4                __floatsidf
                0x080005c4                __aeabi_i2d
                0x080005e8                __aeabi_f2d
                0x080005e8                __extendsfdf2
                0x0800062c                __floatundidf
                0x0800062c                __aeabi_ul2d
                0x0800063c                __floatdidf
                0x0800063c                __aeabi_l2d
 .text          0x08000698       0x30 C:/ST/STM32CubeIDE_1.18.1/STM32CubeIDE/plugins/com.st.stm32cube.ide.mcu.externaltools.gnu-tools-for-stm32.13.3.rel1.win32_1.0.0.202411081344/tools/bin/../lib/gcc/arm-none-eabi/13.3.1/thumb/v7e-m+dp/hard\libgcc.a(_aeabi_uldivmod.o)
                0x08000698                __aeabi_uldivmod
 .text          0x080006c8      0x2f8 C:/ST/STM32CubeIDE_1.18.1/STM32CubeIDE/plugins/com.st.stm32cube.ide.mcu.externaltools.gnu-tools-for-stm32.13.3.rel1.win32_1.0.0.202411081344/tools/bin/../lib/gcc/arm-none-eabi/13.3.1/thumb/v7e-m+dp/hard\libgcc.a(_udivmoddi4.o)
                0x080006c8                __udivmoddi4
 .text          0x080009c0        0x4 C:/ST/STM32CubeIDE_1.18.1/STM32CubeIDE/plugins/com.st.stm32cube.ide.mcu.externaltools.gnu-tools-for-stm32.13.3.rel1.win32_1.0.0.202411081344/tools/bin/../lib/gcc/arm-none-eabi/13.3.1/thumb/v7e-m+dp/hard\libgcc.a(_dvmd_tls.o)
                0x080009c0                __aeabi_idiv0
                0x080009c0                __aeabi_ldiv0
 *(.text*)
 .text._ZSt3cosf
                0x080009c4       0x20 ./Chassis/chassis.o
                0x080009c4                std::cos(float)
 .text._ZSt3sinf
                0x080009e4       0x20 ./Chassis/chassis.o
                0x080009e4                std::sin(float)
 .text._ZNK8DC_motor9get_speedEv
                0x08000a04       0x1e ./Chassis/chassis.o
                0x08000a04                DC_motor::get_speed() const
 *fill*         0x08000a22        0x2 
 .text._ZN8DC_motorC2EP17TIM_HandleTypeDefP12GPIO_TypeDeftS1_mffb
                0x08000a24       0xe0 ./Chassis/chassis.o
                0x08000a24                DC_motor::DC_motor(TIM_HandleTypeDef*, GPIO_TypeDef*, unsigned short, TIM_HandleTypeDef*, unsigned long, float, float, bool)
                0x08000a24                DC_motor::DC_motor(TIM_HandleTypeDef*, GPIO_TypeDef*, unsigned short, TIM_HandleTypeDef*, unsigned long, float, float, bool)
 .text._Z13chassis_setupv
                0x08000b04       0x30 ./Chassis/chassis.o
                0x08000b04                chassis_setup()
 .text._Z18mecan_IK_transformfff
                0x08000b34      0x198 ./Chassis/chassis.o
                0x08000b34                mecan_IK_transform(float, float, float)
 .text._Z18mecan_FK_transformv
                0x08000ccc      0x164 ./Chassis/chassis.o
                0x08000ccc                mecan_FK_transform()
 .text._Z12localizationv
                0x08000e30      0x160 ./Chassis/chassis.o
                0x08000e30                localization()
 .text._Z20chassis_update_speedfff
                0x08000f90       0x80 ./Chassis/chassis.o
                0x08000f90                chassis_update_speed(float, float, float)
 .text._Z41__static_initialization_and_destruction_0v
                0x08001010       0xc0 ./Chassis/chassis.o
 .text._GLOBAL__sub_I_chassis_width
                0x080010d0        0xa ./Chassis/chassis.o
 *fill*         0x080010da        0x2 
 .text._ZN3ros16normalizeSecNSecERmS0_
                0x080010dc       0x58 ./Core/Inc/time.o
                0x080010dc                ros::normalizeSecNSec(unsigned long&, unsigned long&)
 .text.main     0x08001134       0x78 ./Core/Src/main.o
                0x08001134                main
 .text.SystemClock_Config
                0x080011ac       0xdc ./Core/Src/main.o
                0x080011ac                SystemClock_Config
 .text.PeriphCommonClock_Config
                0x08001288       0x5e ./Core/Src/main.o
                0x08001288                PeriphCommonClock_Config
 *fill*         0x080012e6        0x2 
 .text.MX_ADC1_Init
                0x080012e8      0x148 ./Core/Src/main.o
 .text.MX_ADC2_Init
                0x08001430       0xe4 ./Core/Src/main.o
 .text.MX_ADC3_Init
                0x08001514      0x250 ./Core/Src/main.o
 .text.MX_I2C1_Init
                0x08001764       0x80 ./Core/Src/main.o
 .text.MX_I2C2_Init
                0x080017e4       0x80 ./Core/Src/main.o
 .text.MX_TIM1_Init
                0x08001864       0xb4 ./Core/Src/main.o
 .text.MX_TIM2_Init
                0x08001918       0xa8 ./Core/Src/main.o
 .text.MX_TIM3_Init
                0x080019c0       0xac ./Core/Src/main.o
 .text.MX_TIM4_Init
                0x08001a6c       0xac ./Core/Src/main.o
 .text.MX_TIM5_Init
                0x08001b18       0xf8 ./Core/Src/main.o
 .text.MX_TIM6_Init
                0x08001c10       0x6c ./Core/Src/main.o
 .text.MX_TIM7_Init
                0x08001c7c       0x6c ./Core/Src/main.o
 .text.MX_TIM8_Init
                0x08001ce8       0xb4 ./Core/Src/main.o
 .text.MX_TIM12_Init
                0x08001d9c       0xcc ./Core/Src/main.o
 .text.MX_TIM13_Init
                0x08001e68       0x48 ./Core/Src/main.o
 .text.MX_TIM15_Init
                0x08001eb0      0x124 ./Core/Src/main.o
 .text.MX_TIM16_Init
                0x08001fd4       0xf4 ./Core/Src/main.o
 .text.MX_TIM17_Init
                0x080020c8       0xf4 ./Core/Src/main.o
 .text.MX_TIM23_Init
                0x080021bc       0xac ./Core/Src/main.o
 .text.MX_TIM24_Init
                0x08002268       0xac ./Core/Src/main.o
 .text.MX_USART1_UART_Init
                0x08002314       0x98 ./Core/Src/main.o
 .text.MX_USART3_UART_Init
                0x080023ac       0x98 ./Core/Src/main.o
 .text.MX_DMA_Init
                0x08002444       0x90 ./Core/Src/main.o
 .text.MX_GPIO_Init
                0x080024d4      0x234 ./Core/Src/main.o
 .text.Error_Handler
                0x08002708        0xc ./Core/Src/main.o
                0x08002708                Error_Handler
 .text._Z5setupv
                0x08002714       0x30 ./Core/Src/mainpp.o
                0x08002714                setup()
 .text.main_function
                0x08002744        0xc ./Core/Src/mainpp.o
                0x08002744                main_function
 .text.HAL_TIM_PeriodElapsedCallback
                0x08002750       0x84 ./Core/Src/mainpp.o
                0x08002750                HAL_TIM_PeriodElapsedCallback
 .text.HAL_ADC_ConvCpltCallback
                0x080027d4       0x4c ./Core/Src/mainpp.o
                0x080027d4                HAL_ADC_ConvCpltCallback
 .text.HAL_MspInit
                0x08002820       0x40 ./Core/Src/stm32h7xx_hal_msp.o
                0x08002820                HAL_MspInit
 .text.HAL_ADC_MspInit
                0x08002860      0x30c ./Core/Src/stm32h7xx_hal_msp.o
                0x08002860                HAL_ADC_MspInit
 .text.HAL_I2C_MspInit
                0x08002b6c      0x170 ./Core/Src/stm32h7xx_hal_msp.o
                0x08002b6c                HAL_I2C_MspInit
 .text.HAL_TIM_Encoder_MspInit
                0x08002cdc      0x388 ./Core/Src/stm32h7xx_hal_msp.o
                0x08002cdc                HAL_TIM_Encoder_MspInit
 .text.HAL_TIM_PWM_MspInit
                0x08003064       0xa0 ./Core/Src/stm32h7xx_hal_msp.o
                0x08003064                HAL_TIM_PWM_MspInit
 .text.HAL_TIM_Base_MspInit
                0x08003104      0x128 ./Core/Src/stm32h7xx_hal_msp.o
                0x08003104                HAL_TIM_Base_MspInit
 .text.HAL_TIM_MspPostInit
                0x0800322c      0x1bc ./Core/Src/stm32h7xx_hal_msp.o
                0x0800322c                HAL_TIM_MspPostInit
 .text.HAL_UART_MspInit
                0x080033e8      0x334 ./Core/Src/stm32h7xx_hal_msp.o
                0x080033e8                HAL_UART_MspInit
 .text.NMI_Handler
                0x0800371c        0x8 ./Core/Src/stm32h7xx_it.o
                0x0800371c                NMI_Handler
 .text.HardFault_Handler
                0x08003724        0x8 ./Core/Src/stm32h7xx_it.o
                0x08003724                HardFault_Handler
 .text.MemManage_Handler
                0x0800372c        0x8 ./Core/Src/stm32h7xx_it.o
                0x0800372c                MemManage_Handler
 .text.BusFault_Handler
                0x08003734        0x8 ./Core/Src/stm32h7xx_it.o
                0x08003734                BusFault_Handler
 .text.UsageFault_Handler
                0x0800373c        0x8 ./Core/Src/stm32h7xx_it.o
                0x0800373c                UsageFault_Handler
 .text.SVC_Handler
                0x08003744        0xe ./Core/Src/stm32h7xx_it.o
                0x08003744                SVC_Handler
 .text.DebugMon_Handler
                0x08003752        0xe ./Core/Src/stm32h7xx_it.o
                0x08003752                DebugMon_Handler
 .text.PendSV_Handler
                0x08003760        0xe ./Core/Src/stm32h7xx_it.o
                0x08003760                PendSV_Handler
 .text.SysTick_Handler
                0x0800376e        0xc ./Core/Src/stm32h7xx_it.o
                0x0800376e                SysTick_Handler
 .text.RCC_IRQHandler
                0x0800377a        0xe ./Core/Src/stm32h7xx_it.o
                0x0800377a                RCC_IRQHandler
 .text.DMA1_Stream0_IRQHandler
                0x08003788       0x14 ./Core/Src/stm32h7xx_it.o
                0x08003788                DMA1_Stream0_IRQHandler
 .text.DMA1_Stream1_IRQHandler
                0x0800379c       0x14 ./Core/Src/stm32h7xx_it.o
                0x0800379c                DMA1_Stream1_IRQHandler
 .text.DMA1_Stream2_IRQHandler
                0x080037b0       0x14 ./Core/Src/stm32h7xx_it.o
                0x080037b0                DMA1_Stream2_IRQHandler
 .text.DMA1_Stream3_IRQHandler
                0x080037c4       0x14 ./Core/Src/stm32h7xx_it.o
                0x080037c4                DMA1_Stream3_IRQHandler
 .text.DMA1_Stream4_IRQHandler
                0x080037d8       0x14 ./Core/Src/stm32h7xx_it.o
                0x080037d8                DMA1_Stream4_IRQHandler
 .text.DMA1_Stream5_IRQHandler
                0x080037ec       0x14 ./Core/Src/stm32h7xx_it.o
                0x080037ec                DMA1_Stream5_IRQHandler
 .text.ADC_IRQHandler
                0x08003800       0x1c ./Core/Src/stm32h7xx_it.o
                0x08003800                ADC_IRQHandler
 .text.USART1_IRQHandler
                0x0800381c       0x14 ./Core/Src/stm32h7xx_it.o
                0x0800381c                USART1_IRQHandler
 .text.USART3_IRQHandler
                0x08003830       0x14 ./Core/Src/stm32h7xx_it.o
                0x08003830                USART3_IRQHandler
 .text.TIM8_UP_TIM13_IRQHandler
                0x08003844       0x1c ./Core/Src/stm32h7xx_it.o
                0x08003844                TIM8_UP_TIM13_IRQHandler
 .text.TIM6_DAC_IRQHandler
                0x08003860       0x14 ./Core/Src/stm32h7xx_it.o
                0x08003860                TIM6_DAC_IRQHandler
 .text.TIM7_IRQHandler
                0x08003874       0x14 ./Core/Src/stm32h7xx_it.o
                0x08003874                TIM7_IRQHandler
 .text.ADC3_IRQHandler
                0x08003888       0x14 ./Core/Src/stm32h7xx_it.o
                0x08003888                ADC3_IRQHandler
 .text._sbrk    0x0800389c       0x6c ./Core/Src/sysmem.o
                0x0800389c                _sbrk
 .text.SystemInit
                0x08003908      0x120 ./Core/Src/system_stm32h7xx.o
                0x08003908                SystemInit
 .text.ExitRun0Mode
                0x08003a28       0x30 ./Core/Src/system_stm32h7xx.o
                0x08003a28                ExitRun0Mode
 .text.Reset_Handler
                0x08003a58       0x54 ./Core/Startup/startup_stm32h723zgtx.o
                0x08003a58                Reset_Handler
 .text.Default_Handler
                0x08003aac        0x2 ./Core/Startup/startup_stm32h723zgtx.o
                0x08003aac                RTC_Alarm_IRQHandler
                0x08003aac                EXTI2_IRQHandler
                0x08003aac                TIM8_CC_IRQHandler
                0x08003aac                UART8_IRQHandler
                0x08003aac                SPI4_IRQHandler
                0x08003aac                FDCAN3_IT0_IRQHandler
                0x08003aac                TIM1_CC_IRQHandler
                0x08003aac                BDMA_Channel6_IRQHandler
                0x08003aac                DMA2_Stream5_IRQHandler
                0x08003aac                CORDIC_IRQHandler
                0x08003aac                BDMA_Channel1_IRQHandler
                0x08003aac                TAMP_STAMP_IRQHandler
                0x08003aac                EXTI3_IRQHandler
                0x08003aac                LPTIM4_IRQHandler
                0x08003aac                TIM8_TRG_COM_TIM14_IRQHandler
                0x08003aac                LPTIM2_IRQHandler
                0x08003aac                DFSDM1_FLT1_IRQHandler
                0x08003aac                DMAMUX2_OVR_IRQHandler
                0x08003aac                I2C3_ER_IRQHandler
                0x08003aac                DFSDM1_FLT2_IRQHandler
                0x08003aac                I2C5_EV_IRQHandler
                0x08003aac                USART10_IRQHandler
                0x08003aac                MDMA_IRQHandler
                0x08003aac                LPTIM3_IRQHandler
                0x08003aac                HSEM1_IRQHandler
                0x08003aac                EXTI0_IRQHandler
                0x08003aac                I2C2_EV_IRQHandler
                0x08003aac                FPU_IRQHandler
                0x08003aac                OTG_HS_WKUP_IRQHandler
                0x08003aac                FDCAN1_IT1_IRQHandler
                0x08003aac                LTDC_ER_IRQHandler
                0x08003aac                DMA2_Stream2_IRQHandler
                0x08003aac                SPI1_IRQHandler
                0x08003aac                OCTOSPI1_IRQHandler
                0x08003aac                DMA2_Stream3_IRQHandler
                0x08003aac                OCTOSPI2_IRQHandler
                0x08003aac                DFSDM1_FLT3_IRQHandler
                0x08003aac                TIM23_IRQHandler
                0x08003aac                USART6_IRQHandler
                0x08003aac                TIM17_IRQHandler
                0x08003aac                BDMA_Channel7_IRQHandler
                0x08003aac                LPTIM5_IRQHandler
                0x08003aac                UART5_IRQHandler
                0x08003aac                DMA2_Stream0_IRQHandler
                0x08003aac                TIM4_IRQHandler
                0x08003aac                BDMA_Channel2_IRQHandler
                0x08003aac                I2C1_EV_IRQHandler
                0x08003aac                DMA1_Stream6_IRQHandler
                0x08003aac                DMAMUX1_OVR_IRQHandler
                0x08003aac                TIM16_IRQHandler
                0x08003aac                UART4_IRQHandler
                0x08003aac                BDMA_Channel5_IRQHandler
                0x08003aac                TIM3_IRQHandler
                0x08003aac                UART9_IRQHandler
                0x08003aac                TIM8_BRK_TIM12_IRQHandler
                0x08003aac                TIM1_TRG_COM_IRQHandler
                0x08003aac                Default_Handler
                0x08003aac                ECC_IRQHandler
                0x08003aac                FMAC_IRQHandler
                0x08003aac                CEC_IRQHandler
                0x08003aac                EXTI15_10_IRQHandler
                0x08003aac                BDMA_Channel0_IRQHandler
                0x08003aac                I2C5_ER_IRQHandler
                0x08003aac                DMA1_Stream7_IRQHandler
                0x08003aac                SPI5_IRQHandler
                0x08003aac                FDCAN3_IT1_IRQHandler
                0x08003aac                SDMMC1_IRQHandler
                0x08003aac                TIM5_IRQHandler
                0x08003aac                DMA2_Stream7_IRQHandler
                0x08003aac                TIM15_IRQHandler
                0x08003aac                PVD_AVD_IRQHandler
                0x08003aac                I2C3_EV_IRQHandler
                0x08003aac                EXTI9_5_IRQHandler
                0x08003aac                RTC_WKUP_IRQHandler
                0x08003aac                LTDC_IRQHandler
                0x08003aac                ETH_WKUP_IRQHandler
                0x08003aac                SPDIF_RX_IRQHandler
                0x08003aac                SPI2_IRQHandler
                0x08003aac                OTG_HS_EP1_IN_IRQHandler
                0x08003aac                TIM24_IRQHandler
                0x08003aac                CRS_IRQHandler
                0x08003aac                EXTI4_IRQHandler
                0x08003aac                RNG_IRQHandler
                0x08003aac                FDCAN2_IT1_IRQHandler
                0x08003aac                ETH_IRQHandler
                0x08003aac                TIM1_UP_IRQHandler
                0x08003aac                BDMA_Channel4_IRQHandler
                0x08003aac                OTG_HS_EP1_OUT_IRQHandler
                0x08003aac                WWDG_IRQHandler
                0x08003aac                SPI6_IRQHandler
                0x08003aac                MDIOS_IRQHandler
                0x08003aac                I2C4_EV_IRQHandler
                0x08003aac                FDCAN2_IT0_IRQHandler
                0x08003aac                LPUART1_IRQHandler
                0x08003aac                FDCAN1_IT0_IRQHandler
                0x08003aac                TIM2_IRQHandler
                0x08003aac                OTG_HS_IRQHandler
                0x08003aac                DMA2D_IRQHandler
                0x08003aac                TIM1_BRK_IRQHandler
                0x08003aac                EXTI1_IRQHandler
                0x08003aac                SDMMC2_IRQHandler
                0x08003aac                BDMA_Channel3_IRQHandler
                0x08003aac                DTS_IRQHandler
                0x08003aac                UART7_IRQHandler
                0x08003aac                MDIOS_WKUP_IRQHandler
                0x08003aac                USART2_IRQHandler
                0x08003aac                DFSDM1_FLT0_IRQHandler
                0x08003aac                SAI4_IRQHandler
                0x08003aac                I2C2_ER_IRQHandler
                0x08003aac                DMA2_Stream1_IRQHandler
                0x08003aac                FLASH_IRQHandler
                0x08003aac                DMA2_Stream4_IRQHandler
                0x08003aac                SPI3_IRQHandler
                0x08003aac                WAKEUP_PIN_IRQHandler
                0x08003aac                I2C1_ER_IRQHandler
                0x08003aac                FMC_IRQHandler
                0x08003aac                FDCAN_CAL_IRQHandler
                0x08003aac                SWPMI1_IRQHandler
                0x08003aac                COMP1_IRQHandler
                0x08003aac                LPTIM1_IRQHandler
                0x08003aac                DCMI_PSSI_IRQHandler
                0x08003aac                I2C4_ER_IRQHandler
                0x08003aac                DMA2_Stream6_IRQHandler
                0x08003aac                SAI1_IRQHandler
 *fill*         0x08003aae        0x2 
 .text.HAL_Init
                0x08003ab0       0x78 ./Drivers/STM32H7xx_HAL_Driver/Src/stm32h7xx_hal.o
                0x08003ab0                HAL_Init
 .text.HAL_InitTick
                0x08003b28       0x6c ./Drivers/STM32H7xx_HAL_Driver/Src/stm32h7xx_hal.o
                0x08003b28                HAL_InitTick
 .text.HAL_IncTick
                0x08003b94       0x28 ./Drivers/STM32H7xx_HAL_Driver/Src/stm32h7xx_hal.o
                0x08003b94                HAL_IncTick
 .text.HAL_GetTick
                0x08003bbc       0x18 ./Drivers/STM32H7xx_HAL_Driver/Src/stm32h7xx_hal.o
                0x08003bbc                HAL_GetTick
 .text.HAL_SYSCFG_AnalogSwitchConfig
                0x08003bd4       0x2c ./Drivers/STM32H7xx_HAL_Driver/Src/stm32h7xx_hal.o
                0x08003bd4                HAL_SYSCFG_AnalogSwitchConfig
 .text.LL_ADC_SetCommonClock
                0x08003c00       0x26 ./Drivers/STM32H7xx_HAL_Driver/Src/stm32h7xx_hal_adc.o
 .text.LL_ADC_SetCommonPathInternalCh
                0x08003c26       0x26 ./Drivers/STM32H7xx_HAL_Driver/Src/stm32h7xx_hal_adc.o
 .text.LL_ADC_GetCommonPathInternalCh
                0x08003c4c       0x1c ./Drivers/STM32H7xx_HAL_Driver/Src/stm32h7xx_hal_adc.o
 .text.LL_ADC_SetChannelPreselection
                0x08003c68       0x74 ./Drivers/STM32H7xx_HAL_Driver/Src/stm32h7xx_hal_adc.o
 .text.LL_ADC_SetOffset
                0x08003cdc       0x64 ./Drivers/STM32H7xx_HAL_Driver/Src/stm32h7xx_hal_adc.o
 .text.LL_ADC_GetOffsetChannel
                0x08003d40       0x2c ./Drivers/STM32H7xx_HAL_Driver/Src/stm32h7xx_hal_adc.o
 .text.LL_ADC_SetDataRightShift
                0x08003d6c       0x32 ./Drivers/STM32H7xx_HAL_Driver/Src/stm32h7xx_hal_adc.o
 *fill*         0x08003d9e        0x2 
 .text.LL_ADC_SetOffsetSignedSaturation
                0x08003da0       0x44 ./Drivers/STM32H7xx_HAL_Driver/Src/stm32h7xx_hal_adc.o
 .text.LL_ADC_SetOffsetSaturation
                0x08003de4       0x44 ./Drivers/STM32H7xx_HAL_Driver/Src/stm32h7xx_hal_adc.o
 .text.LL_ADC_SetOffsetSign
                0x08003e28       0x44 ./Drivers/STM32H7xx_HAL_Driver/Src/stm32h7xx_hal_adc.o
 .text.LL_ADC_SetOffsetState
                0x08003e6c       0x54 ./Drivers/STM32H7xx_HAL_Driver/Src/stm32h7xx_hal_adc.o
 .text.LL_ADC_REG_IsTriggerSourceSWStart
                0x08003ec0       0x26 ./Drivers/STM32H7xx_HAL_Driver/Src/stm32h7xx_hal_adc.o
 .text.LL_ADC_REG_SetSequencerRanks
                0x08003ee6       0x58 ./Drivers/STM32H7xx_HAL_Driver/Src/stm32h7xx_hal_adc.o
 .text.LL_ADC_REG_SetDataTransferMode
                0x08003f3e       0x26 ./Drivers/STM32H7xx_HAL_Driver/Src/stm32h7xx_hal_adc.o
 .text.LL_ADC_EnableDMAReq
                0x08003f64       0x20 ./Drivers/STM32H7xx_HAL_Driver/Src/stm32h7xx_hal_adc.o
 .text.LL_ADC_REG_SetDMATransferMode
                0x08003f84       0x34 ./Drivers/STM32H7xx_HAL_Driver/Src/stm32h7xx_hal_adc.o
 .text.LL_ADC_INJ_IsTriggerSourceSWStart
                0x08003fb8       0x26 ./Drivers/STM32H7xx_HAL_Driver/Src/stm32h7xx_hal_adc.o
 .text.LL_ADC_SetChannelSamplingTime
                0x08003fde       0x56 ./Drivers/STM32H7xx_HAL_Driver/Src/stm32h7xx_hal_adc.o
 .text.LL_ADC_SetChannelSingleDiff
                0x08004034       0x80 ./Drivers/STM32H7xx_HAL_Driver/Src/stm32h7xx_hal_adc.o
 .text.LL_ADC_GetMultimode
                0x080040b4       0x1c ./Drivers/STM32H7xx_HAL_Driver/Src/stm32h7xx_hal_adc.o
 .text.LL_ADC_GetMultiDMATransfer
                0x080040d0       0x1c ./Drivers/STM32H7xx_HAL_Driver/Src/stm32h7xx_hal_adc.o
 .text.LL_ADC_DisableDeepPowerDown
                0x080040ec       0x24 ./Drivers/STM32H7xx_HAL_Driver/Src/stm32h7xx_hal_adc.o
 .text.LL_ADC_IsDeepPowerDownEnabled
                0x08004110       0x28 ./Drivers/STM32H7xx_HAL_Driver/Src/stm32h7xx_hal_adc.o
 .text.LL_ADC_EnableInternalRegulator
                0x08004138       0x28 ./Drivers/STM32H7xx_HAL_Driver/Src/stm32h7xx_hal_adc.o
 .text.LL_ADC_IsInternalRegulatorEnabled
                0x08004160       0x28 ./Drivers/STM32H7xx_HAL_Driver/Src/stm32h7xx_hal_adc.o
 .text.LL_ADC_Enable
                0x08004188       0x28 ./Drivers/STM32H7xx_HAL_Driver/Src/stm32h7xx_hal_adc.o
 .text.LL_ADC_IsEnabled
                0x080041b0       0x26 ./Drivers/STM32H7xx_HAL_Driver/Src/stm32h7xx_hal_adc.o
 *fill*         0x080041d6        0x2 
 .text.LL_ADC_REG_StartConversion
                0x080041d8       0x28 ./Drivers/STM32H7xx_HAL_Driver/Src/stm32h7xx_hal_adc.o
 .text.LL_ADC_REG_IsConversionOngoing
                0x08004200       0x26 ./Drivers/STM32H7xx_HAL_Driver/Src/stm32h7xx_hal_adc.o
 .text.LL_ADC_INJ_IsConversionOngoing
                0x08004226       0x26 ./Drivers/STM32H7xx_HAL_Driver/Src/stm32h7xx_hal_adc.o
 .text.HAL_ADC_Init
                0x0800424c      0x410 ./Drivers/STM32H7xx_HAL_Driver/Src/stm32h7xx_hal_adc.o
                0x0800424c                HAL_ADC_Init
 .text.HAL_ADC_Start_DMA
                0x0800465c      0x1b8 ./Drivers/STM32H7xx_HAL_Driver/Src/stm32h7xx_hal_adc.o
                0x0800465c                HAL_ADC_Start_DMA
 .text.HAL_ADC_IRQHandler
                0x08004814      0x474 ./Drivers/STM32H7xx_HAL_Driver/Src/stm32h7xx_hal_adc.o
                0x08004814                HAL_ADC_IRQHandler
 .text.HAL_ADC_ConvHalfCpltCallback
                0x08004c88       0x14 ./Drivers/STM32H7xx_HAL_Driver/Src/stm32h7xx_hal_adc.o
                0x08004c88                HAL_ADC_ConvHalfCpltCallback
 .text.HAL_ADC_LevelOutOfWindowCallback
                0x08004c9c       0x14 ./Drivers/STM32H7xx_HAL_Driver/Src/stm32h7xx_hal_adc.o
                0x08004c9c                HAL_ADC_LevelOutOfWindowCallback
 .text.HAL_ADC_ErrorCallback
                0x08004cb0       0x14 ./Drivers/STM32H7xx_HAL_Driver/Src/stm32h7xx_hal_adc.o
                0x08004cb0                HAL_ADC_ErrorCallback
 .text.HAL_ADC_ConfigChannel
                0x08004cc4      0x9a8 ./Drivers/STM32H7xx_HAL_Driver/Src/stm32h7xx_hal_adc.o
                0x08004cc4                HAL_ADC_ConfigChannel
 .text.ADC_Enable
                0x0800566c      0x114 ./Drivers/STM32H7xx_HAL_Driver/Src/stm32h7xx_hal_adc.o
                0x0800566c                ADC_Enable
 .text.ADC_DMAConvCplt
                0x08005780       0xd8 ./Drivers/STM32H7xx_HAL_Driver/Src/stm32h7xx_hal_adc.o
                0x08005780                ADC_DMAConvCplt
 .text.ADC_DMAHalfConvCplt
                0x08005858       0x1c ./Drivers/STM32H7xx_HAL_Driver/Src/stm32h7xx_hal_adc.o
                0x08005858                ADC_DMAHalfConvCplt
 .text.ADC_DMAError
                0x08005874       0x34 ./Drivers/STM32H7xx_HAL_Driver/Src/stm32h7xx_hal_adc.o
                0x08005874                ADC_DMAError
 .text.ADC_ConfigureBoostMode
                0x080058a8      0x1dc ./Drivers/STM32H7xx_HAL_Driver/Src/stm32h7xx_hal_adc.o
                0x080058a8                ADC_ConfigureBoostMode
 .text.LL_ADC_IsEnabled
                0x08005a84       0x26 ./Drivers/STM32H7xx_HAL_Driver/Src/stm32h7xx_hal_adc_ex.o
 .text.LL_ADC_REG_IsConversionOngoing
                0x08005aaa       0x26 ./Drivers/STM32H7xx_HAL_Driver/Src/stm32h7xx_hal_adc_ex.o
 .text.HAL_ADCEx_InjectedConvCpltCallback
                0x08005ad0       0x14 ./Drivers/STM32H7xx_HAL_Driver/Src/stm32h7xx_hal_adc_ex.o
                0x08005ad0                HAL_ADCEx_InjectedConvCpltCallback
 .text.HAL_ADCEx_InjectedQueueOverflowCallback
                0x08005ae4       0x14 ./Drivers/STM32H7xx_HAL_Driver/Src/stm32h7xx_hal_adc_ex.o
                0x08005ae4                HAL_ADCEx_InjectedQueueOverflowCallback
 .text.HAL_ADCEx_LevelOutOfWindow2Callback
                0x08005af8       0x14 ./Drivers/STM32H7xx_HAL_Driver/Src/stm32h7xx_hal_adc_ex.o
                0x08005af8                HAL_ADCEx_LevelOutOfWindow2Callback
 .text.HAL_ADCEx_LevelOutOfWindow3Callback
                0x08005b0c       0x14 ./Drivers/STM32H7xx_HAL_Driver/Src/stm32h7xx_hal_adc_ex.o
                0x08005b0c                HAL_ADCEx_LevelOutOfWindow3Callback
 .text.HAL_ADCEx_EndOfSamplingCallback
                0x08005b20       0x14 ./Drivers/STM32H7xx_HAL_Driver/Src/stm32h7xx_hal_adc_ex.o
                0x08005b20                HAL_ADCEx_EndOfSamplingCallback
 .text.HAL_ADCEx_MultiModeConfigChannel
                0x08005b34      0x1c4 ./Drivers/STM32H7xx_HAL_Driver/Src/stm32h7xx_hal_adc_ex.o
                0x08005b34                HAL_ADCEx_MultiModeConfigChannel
 .text.__NVIC_SetPriorityGrouping
                0x08005cf8       0x48 ./Drivers/STM32H7xx_HAL_Driver/Src/stm32h7xx_hal_cortex.o
 .text.__NVIC_GetPriorityGrouping
                0x08005d40       0x1c ./Drivers/STM32H7xx_HAL_Driver/Src/stm32h7xx_hal_cortex.o
 .text.__NVIC_EnableIRQ
                0x08005d5c       0x3c ./Drivers/STM32H7xx_HAL_Driver/Src/stm32h7xx_hal_cortex.o
 .text.__NVIC_SetPriority
                0x08005d98       0x54 ./Drivers/STM32H7xx_HAL_Driver/Src/stm32h7xx_hal_cortex.o
 .text.NVIC_EncodePriority
                0x08005dec       0x66 ./Drivers/STM32H7xx_HAL_Driver/Src/stm32h7xx_hal_cortex.o
 *fill*         0x08005e52        0x2 
 .text.SysTick_Config
                0x08005e54       0x44 ./Drivers/STM32H7xx_HAL_Driver/Src/stm32h7xx_hal_cortex.o
 .text.HAL_NVIC_SetPriorityGrouping
                0x08005e98       0x16 ./Drivers/STM32H7xx_HAL_Driver/Src/stm32h7xx_hal_cortex.o
                0x08005e98                HAL_NVIC_SetPriorityGrouping
 .text.HAL_NVIC_SetPriority
                0x08005eae       0x34 ./Drivers/STM32H7xx_HAL_Driver/Src/stm32h7xx_hal_cortex.o
                0x08005eae                HAL_NVIC_SetPriority
 .text.HAL_NVIC_EnableIRQ
                0x08005ee2       0x1c ./Drivers/STM32H7xx_HAL_Driver/Src/stm32h7xx_hal_cortex.o
                0x08005ee2                HAL_NVIC_EnableIRQ
 .text.HAL_SYSTICK_Config
                0x08005efe       0x18 ./Drivers/STM32H7xx_HAL_Driver/Src/stm32h7xx_hal_cortex.o
                0x08005efe                HAL_SYSTICK_Config
 *fill*         0x08005f16        0x2 
 .text.HAL_DMA_Init
                0x08005f18      0x6b0 ./Drivers/STM32H7xx_HAL_Driver/Src/stm32h7xx_hal_dma.o
                0x08005f18                HAL_DMA_Init
 .text.HAL_DMA_Start_IT
                0x080065c8      0x4d4 ./Drivers/STM32H7xx_HAL_Driver/Src/stm32h7xx_hal_dma.o
                0x080065c8                HAL_DMA_Start_IT
 .text.HAL_DMA_Abort
                0x08006a9c      0x63c ./Drivers/STM32H7xx_HAL_Driver/Src/stm32h7xx_hal_dma.o
                0x08006a9c                HAL_DMA_Abort
 .text.HAL_DMA_Abort_IT
                0x080070d8      0x48c ./Drivers/STM32H7xx_HAL_Driver/Src/stm32h7xx_hal_dma.o
                0x080070d8                HAL_DMA_Abort_IT
 .text.HAL_DMA_IRQHandler
                0x08007564      0xe54 ./Drivers/STM32H7xx_HAL_Driver/Src/stm32h7xx_hal_dma.o
                0x08007564                HAL_DMA_IRQHandler
 .text.DMA_SetConfig
                0x080083b8      0x358 ./Drivers/STM32H7xx_HAL_Driver/Src/stm32h7xx_hal_dma.o
 .text.DMA_CalcBaseAndBitshift
                0x08008710      0x164 ./Drivers/STM32H7xx_HAL_Driver/Src/stm32h7xx_hal_dma.o
 .text.DMA_CheckFifoParam
                0x08008874       0xf8 ./Drivers/STM32H7xx_HAL_Driver/Src/stm32h7xx_hal_dma.o
 .text.DMA_CalcDMAMUXChannelBaseAndMask
                0x0800896c      0x134 ./Drivers/STM32H7xx_HAL_Driver/Src/stm32h7xx_hal_dma.o
 .text.DMA_CalcDMAMUXRequestGenBaseAndMask
                0x08008aa0       0xe8 ./Drivers/STM32H7xx_HAL_Driver/Src/stm32h7xx_hal_dma.o
 .text.HAL_GPIO_Init
                0x08008b88      0x350 ./Drivers/STM32H7xx_HAL_Driver/Src/stm32h7xx_hal_gpio.o
                0x08008b88                HAL_GPIO_Init
 .text.HAL_GPIO_WritePin
                0x08008ed8       0x32 ./Drivers/STM32H7xx_HAL_Driver/Src/stm32h7xx_hal_gpio.o
                0x08008ed8                HAL_GPIO_WritePin
 *fill*         0x08008f0a        0x2 
 .text.HAL_I2C_Init
                0x08008f0c      0x138 ./Drivers/STM32H7xx_HAL_Driver/Src/stm32h7xx_hal_i2c.o
                0x08008f0c                HAL_I2C_Init
 .text.HAL_I2CEx_ConfigAnalogFilter
                0x08009044       0x96 ./Drivers/STM32H7xx_HAL_Driver/Src/stm32h7xx_hal_i2c_ex.o
                0x08009044                HAL_I2CEx_ConfigAnalogFilter
 .text.HAL_I2CEx_ConfigDigitalFilter
                0x080090da       0x98 ./Drivers/STM32H7xx_HAL_Driver/Src/stm32h7xx_hal_i2c_ex.o
                0x080090da                HAL_I2CEx_ConfigDigitalFilter
 *fill*         0x08009172        0x2 
 .text.HAL_PWREx_ConfigSupply
                0x08009174       0x74 ./Drivers/STM32H7xx_HAL_Driver/Src/stm32h7xx_hal_pwr_ex.o
                0x08009174                HAL_PWREx_ConfigSupply
 .text.HAL_RCC_OscConfig
                0x080091e8      0x7b4 ./Drivers/STM32H7xx_HAL_Driver/Src/stm32h7xx_hal_rcc.o
                0x080091e8                HAL_RCC_OscConfig
 .text.HAL_RCC_ClockConfig
                0x0800999c      0x36c ./Drivers/STM32H7xx_HAL_Driver/Src/stm32h7xx_hal_rcc.o
                0x0800999c                HAL_RCC_ClockConfig
 .text.HAL_RCC_GetSysClockFreq
                0x08009d08      0x2f4 ./Drivers/STM32H7xx_HAL_Driver/Src/stm32h7xx_hal_rcc.o
                0x08009d08                HAL_RCC_GetSysClockFreq
 .text.HAL_RCC_GetHCLKFreq
                0x08009ffc       0x60 ./Drivers/STM32H7xx_HAL_Driver/Src/stm32h7xx_hal_rcc.o
                0x08009ffc                HAL_RCC_GetHCLKFreq
 .text.HAL_RCC_GetPCLK1Freq
                0x0800a05c       0x2c ./Drivers/STM32H7xx_HAL_Driver/Src/stm32h7xx_hal_rcc.o
                0x0800a05c                HAL_RCC_GetPCLK1Freq
 .text.HAL_RCC_GetPCLK2Freq
                0x0800a088       0x2c ./Drivers/STM32H7xx_HAL_Driver/Src/stm32h7xx_hal_rcc.o
                0x0800a088                HAL_RCC_GetPCLK2Freq
 .text.HAL_RCCEx_PeriphCLKConfig
                0x0800a0b4     0x1340 ./Drivers/STM32H7xx_HAL_Driver/Src/stm32h7xx_hal_rcc_ex.o
                0x0800a0b4                HAL_RCCEx_PeriphCLKConfig
 .text.HAL_RCCEx_GetPeriphCLKFreq
                0x0800b3f4      0x9a4 ./Drivers/STM32H7xx_HAL_Driver/Src/stm32h7xx_hal_rcc_ex.o
                0x0800b3f4                HAL_RCCEx_GetPeriphCLKFreq
 .text.HAL_RCCEx_GetD3PCLK1Freq
                0x0800bd98       0x2c ./Drivers/STM32H7xx_HAL_Driver/Src/stm32h7xx_hal_rcc_ex.o
                0x0800bd98                HAL_RCCEx_GetD3PCLK1Freq
 .text.HAL_RCCEx_GetPLL2ClockFreq
                0x0800bdc4      0x2a8 ./Drivers/STM32H7xx_HAL_Driver/Src/stm32h7xx_hal_rcc_ex.o
                0x0800bdc4                HAL_RCCEx_GetPLL2ClockFreq
 .text.HAL_RCCEx_GetPLL3ClockFreq
                0x0800c06c      0x2a8 ./Drivers/STM32H7xx_HAL_Driver/Src/stm32h7xx_hal_rcc_ex.o
                0x0800c06c                HAL_RCCEx_GetPLL3ClockFreq
 .text.HAL_RCCEx_GetPLL1ClockFreq
                0x0800c314      0x2a4 ./Drivers/STM32H7xx_HAL_Driver/Src/stm32h7xx_hal_rcc_ex.o
                0x0800c314                HAL_RCCEx_GetPLL1ClockFreq
 .text.RCCEx_PLL2_Config
                0x0800c5b8      0x164 ./Drivers/STM32H7xx_HAL_Driver/Src/stm32h7xx_hal_rcc_ex.o
 .text.RCCEx_PLL3_Config
                0x0800c71c      0x164 ./Drivers/STM32H7xx_HAL_Driver/Src/stm32h7xx_hal_rcc_ex.o
 .text.HAL_TIM_Base_Init
                0x0800c880       0xae ./Drivers/STM32H7xx_HAL_Driver/Src/stm32h7xx_hal_tim.o
                0x0800c880                HAL_TIM_Base_Init
 *fill*         0x0800c92e        0x2 
 .text.HAL_TIM_Base_Start_IT
                0x0800c930      0x10c ./Drivers/STM32H7xx_HAL_Driver/Src/stm32h7xx_hal_tim.o
                0x0800c930                HAL_TIM_Base_Start_IT
 .text.HAL_TIM_PWM_Init
                0x0800ca3c       0xae ./Drivers/STM32H7xx_HAL_Driver/Src/stm32h7xx_hal_tim.o
                0x0800ca3c                HAL_TIM_PWM_Init
 *fill*         0x0800caea        0x2 
 .text.HAL_TIM_PWM_Start_IT
                0x0800caec      0x2d0 ./Drivers/STM32H7xx_HAL_Driver/Src/stm32h7xx_hal_tim.o
                0x0800caec                HAL_TIM_PWM_Start_IT
 .text.HAL_TIM_Encoder_Init
                0x0800cdbc      0x14c ./Drivers/STM32H7xx_HAL_Driver/Src/stm32h7xx_hal_tim.o
                0x0800cdbc                HAL_TIM_Encoder_Init
 .text.HAL_TIM_Encoder_Start
                0x0800cf08      0x11c ./Drivers/STM32H7xx_HAL_Driver/Src/stm32h7xx_hal_tim.o
                0x0800cf08                HAL_TIM_Encoder_Start
 .text.HAL_TIM_IRQHandler
                0x0800d024      0x20e ./Drivers/STM32H7xx_HAL_Driver/Src/stm32h7xx_hal_tim.o
                0x0800d024                HAL_TIM_IRQHandler
 *fill*         0x0800d232        0x2 
 .text.HAL_TIM_PWM_ConfigChannel
                0x0800d234      0x228 ./Drivers/STM32H7xx_HAL_Driver/Src/stm32h7xx_hal_tim.o
                0x0800d234                HAL_TIM_PWM_ConfigChannel
 .text.HAL_TIM_OC_DelayElapsedCallback
                0x0800d45c       0x14 ./Drivers/STM32H7xx_HAL_Driver/Src/stm32h7xx_hal_tim.o
                0x0800d45c                HAL_TIM_OC_DelayElapsedCallback
 .text.HAL_TIM_IC_CaptureCallback
                0x0800d470       0x14 ./Drivers/STM32H7xx_HAL_Driver/Src/stm32h7xx_hal_tim.o
                0x0800d470                HAL_TIM_IC_CaptureCallback
 .text.HAL_TIM_PWM_PulseFinishedCallback
                0x0800d484       0x14 ./Drivers/STM32H7xx_HAL_Driver/Src/stm32h7xx_hal_tim.o
                0x0800d484                HAL_TIM_PWM_PulseFinishedCallback
 .text.HAL_TIM_TriggerCallback
                0x0800d498       0x14 ./Drivers/STM32H7xx_HAL_Driver/Src/stm32h7xx_hal_tim.o
                0x0800d498                HAL_TIM_TriggerCallback
 .text.TIM_Base_SetConfig
                0x0800d4ac      0x158 ./Drivers/STM32H7xx_HAL_Driver/Src/stm32h7xx_hal_tim.o
                0x0800d4ac                TIM_Base_SetConfig
 .text.TIM_OC1_SetConfig
                0x0800d604      0x120 ./Drivers/STM32H7xx_HAL_Driver/Src/stm32h7xx_hal_tim.o
 .text.TIM_OC2_SetConfig
                0x0800d724      0x114 ./Drivers/STM32H7xx_HAL_Driver/Src/stm32h7xx_hal_tim.o
                0x0800d724                TIM_OC2_SetConfig
 .text.TIM_OC3_SetConfig
                0x0800d838      0x110 ./Drivers/STM32H7xx_HAL_Driver/Src/stm32h7xx_hal_tim.o
 .text.TIM_OC4_SetConfig
                0x0800d948       0xd4 ./Drivers/STM32H7xx_HAL_Driver/Src/stm32h7xx_hal_tim.o
 .text.TIM_OC5_SetConfig
                0x0800da1c       0xc8 ./Drivers/STM32H7xx_HAL_Driver/Src/stm32h7xx_hal_tim.o
 .text.TIM_OC6_SetConfig
                0x0800dae4       0xcc ./Drivers/STM32H7xx_HAL_Driver/Src/stm32h7xx_hal_tim.o
 .text.TIM_CCxChannelCmd
                0x0800dbb0       0x4a ./Drivers/STM32H7xx_HAL_Driver/Src/stm32h7xx_hal_tim.o
                0x0800dbb0                TIM_CCxChannelCmd
 *fill*         0x0800dbfa        0x2 
 .text.HAL_TIMEx_MasterConfigSynchronization
                0x0800dbfc      0x138 ./Drivers/STM32H7xx_HAL_Driver/Src/stm32h7xx_hal_tim_ex.o
                0x0800dbfc                HAL_TIMEx_MasterConfigSynchronization
 .text.HAL_TIMEx_ConfigBreakDeadTime
                0x0800dd34      0x118 ./Drivers/STM32H7xx_HAL_Driver/Src/stm32h7xx_hal_tim_ex.o
                0x0800dd34                HAL_TIMEx_ConfigBreakDeadTime
 .text.HAL_TIMEx_CommutCallback
                0x0800de4c       0x14 ./Drivers/STM32H7xx_HAL_Driver/Src/stm32h7xx_hal_tim_ex.o
                0x0800de4c                HAL_TIMEx_CommutCallback
 .text.HAL_TIMEx_BreakCallback
                0x0800de60       0x14 ./Drivers/STM32H7xx_HAL_Driver/Src/stm32h7xx_hal_tim_ex.o
                0x0800de60                HAL_TIMEx_BreakCallback
 .text.HAL_TIMEx_Break2Callback
                0x0800de74       0x14 ./Drivers/STM32H7xx_HAL_Driver/Src/stm32h7xx_hal_tim_ex.o
                0x0800de74                HAL_TIMEx_Break2Callback
 .text.HAL_UART_Init
                0x0800de88       0xa0 ./Drivers/STM32H7xx_HAL_Driver/Src/stm32h7xx_hal_uart.o
                0x0800de88                HAL_UART_Init
 .text.HAL_UART_Transmit_DMA
                0x0800df28      0x100 ./Drivers/STM32H7xx_HAL_Driver/Src/stm32h7xx_hal_uart.o
                0x0800df28                HAL_UART_Transmit_DMA
 .text.HAL_UART_IRQHandler
                0x0800e028      0x7ac ./Drivers/STM32H7xx_HAL_Driver/Src/stm32h7xx_hal_uart.o
                0x0800e028                HAL_UART_IRQHandler
 .text.HAL_UART_TxCpltCallback
                0x0800e7d4       0x14 ./Drivers/STM32H7xx_HAL_Driver/Src/stm32h7xx_hal_uart.o
                0x0800e7d4                HAL_UART_TxCpltCallback
 .text.HAL_UART_TxHalfCpltCallback
                0x0800e7e8       0x14 ./Drivers/STM32H7xx_HAL_Driver/Src/stm32h7xx_hal_uart.o
                0x0800e7e8                HAL_UART_TxHalfCpltCallback
 .text.HAL_UART_ErrorCallback
                0x0800e7fc       0x14 ./Drivers/STM32H7xx_HAL_Driver/Src/stm32h7xx_hal_uart.o
                0x0800e7fc                HAL_UART_ErrorCallback
 .text.HAL_UARTEx_RxEventCallback
                0x0800e810       0x18 ./Drivers/STM32H7xx_HAL_Driver/Src/stm32h7xx_hal_uart.o
                0x0800e810                HAL_UARTEx_RxEventCallback
 .text.UART_SetConfig
                0x0800e828      0xcd8 ./Drivers/STM32H7xx_HAL_Driver/Src/stm32h7xx_hal_uart.o
                0x0800e828                UART_SetConfig
 .text.UART_AdvFeatureConfig
                0x0800f500      0x144 ./Drivers/STM32H7xx_HAL_Driver/Src/stm32h7xx_hal_uart.o
                0x0800f500                UART_AdvFeatureConfig
 .text.UART_CheckIdleState
                0x0800f644      0x154 ./Drivers/STM32H7xx_HAL_Driver/Src/stm32h7xx_hal_uart.o
                0x0800f644                UART_CheckIdleState
 .text.UART_WaitOnFlagUntilTimeout
                0x0800f798       0xda ./Drivers/STM32H7xx_HAL_Driver/Src/stm32h7xx_hal_uart.o
                0x0800f798                UART_WaitOnFlagUntilTimeout
 .text.UART_EndTxTransfer
                0x0800f872       0x82 ./Drivers/STM32H7xx_HAL_Driver/Src/stm32h7xx_hal_uart.o
 .text.UART_EndRxTransfer
                0x0800f8f4       0xcc ./Drivers/STM32H7xx_HAL_Driver/Src/stm32h7xx_hal_uart.o
 .text.UART_DMATransmitCplt
                0x0800f9c0       0x96 ./Drivers/STM32H7xx_HAL_Driver/Src/stm32h7xx_hal_uart.o
 .text.UART_DMATxHalfCplt
                0x0800fa56       0x1c ./Drivers/STM32H7xx_HAL_Driver/Src/stm32h7xx_hal_uart.o
 .text.UART_DMAError
                0x0800fa72       0x80 ./Drivers/STM32H7xx_HAL_Driver/Src/stm32h7xx_hal_uart.o
 .text.UART_DMAAbortOnError
                0x0800faf2       0x24 ./Drivers/STM32H7xx_HAL_Driver/Src/stm32h7xx_hal_uart.o
 .text.UART_EndTransmit_IT
                0x0800fb16       0x56 ./Drivers/STM32H7xx_HAL_Driver/Src/stm32h7xx_hal_uart.o
 .text.HAL_UARTEx_WakeupCallback
                0x0800fb6c       0x14 ./Drivers/STM32H7xx_HAL_Driver/Src/stm32h7xx_hal_uart_ex.o
                0x0800fb6c                HAL_UARTEx_WakeupCallback
 .text.HAL_UARTEx_RxFifoFullCallback
                0x0800fb80       0x14 ./Drivers/STM32H7xx_HAL_Driver/Src/stm32h7xx_hal_uart_ex.o
                0x0800fb80                HAL_UARTEx_RxFifoFullCallback
 .text.HAL_UARTEx_TxFifoEmptyCallback
                0x0800fb94       0x14 ./Drivers/STM32H7xx_HAL_Driver/Src/stm32h7xx_hal_uart_ex.o
                0x0800fb94                HAL_UARTEx_TxFifoEmptyCallback
 .text.HAL_UARTEx_DisableFifoMode
                0x0800fba8       0x72 ./Drivers/STM32H7xx_HAL_Driver/Src/stm32h7xx_hal_uart_ex.o
                0x0800fba8                HAL_UARTEx_DisableFifoMode
 .text.HAL_UARTEx_SetTxFifoThreshold
                0x0800fc1a       0x7c ./Drivers/STM32H7xx_HAL_Driver/Src/stm32h7xx_hal_uart_ex.o
                0x0800fc1a                HAL_UARTEx_SetTxFifoThreshold
 .text.HAL_UARTEx_SetRxFifoThreshold
                0x0800fc96       0x7c ./Drivers/STM32H7xx_HAL_Driver/Src/stm32h7xx_hal_uart_ex.o
                0x0800fc96                HAL_UARTEx_SetRxFifoThreshold
 *fill*         0x0800fd12        0x2 
 .text.UARTEx_SetNbDataToProcess
                0x0800fd14       0x9c ./Drivers/STM32H7xx_HAL_Driver/Src/stm32h7xx_hal_uart_ex.o
 .text._ZN7VL53L0XC2EP12GPIO_TypeDefti
                0x0800fdb0       0x30 ./Lifter/lifter.o
                0x0800fdb0                VL53L0X::VL53L0X(GPIO_TypeDef*, unsigned short, int)
                0x0800fdb0                VL53L0X::VL53L0X(GPIO_TypeDef*, unsigned short, int)
 .text._Z41__static_initialization_and_destruction_0v
                0x0800fde0       0xdc ./Lifter/lifter.o
 .text._GLOBAL__sub_I_lifter_right_wheel
                0x0800febc        0xa ./Lifter/lifter.o
 .text._ZSt4fabsf
                0x0800fec6       0x20 ./Motor/DC_motor.o
                0x0800fec6                std::fabs(float)
 *fill*         0x0800fee6        0x2 
 .text._ZN8DC_motor6PI_runEv
                0x0800fee8      0x26c ./Motor/DC_motor.o
                0x0800fee8                DC_motor::PI_run()
 .text._ZN8DC_motor8setspeedEf
                0x08010154       0x1e ./Motor/DC_motor.o
                0x08010154                DC_motor::setspeed(float)
 .text._ZN8DC_motor12update_speedEi
                0x08010172       0x70 ./Motor/DC_motor.o
                0x08010172                DC_motor::update_speed(int)
 .text._ZN8DC_motor5setupEv
                0x080101e2       0x38 ./Motor/DC_motor.o
                0x080101e2                DC_motor::setup()
 .text._ZN3ros4TimeC2Ev
                0x0801021a       0x22 ./ROS1/ros1.o
                0x0801021a                ros::Time::Time()
                0x0801021a                ros::Time::Time()
 .text._ZN3ros3MsgC2Ev
                0x0801023c       0x20 ./ROS1/ros1.o
                0x0801023c                ros::Msg::Msg()
                0x0801023c                ros::Msg::Msg()
 .text._ZN8std_msgs4TimeC2Ev
                0x0801025c       0x30 ./ROS1/ros1.o
                0x0801025c                std_msgs::Time::Time()
                0x0801025c                std_msgs::Time::Time()
 .text._ZNK8std_msgs4Time9serializeEPh
                0x0801028c       0xb0 ./ROS1/ros1.o
                0x0801028c                std_msgs::Time::serialize(unsigned char*) const
 .text._ZN8std_msgs4Time11deserializeEPh
                0x0801033c       0xc8 ./ROS1/ros1.o
                0x0801033c                std_msgs::Time::deserialize(unsigned char*)
 .text._ZN8std_msgs4Time7getTypeEv
                0x08010404       0x1c ./ROS1/ros1.o
                0x08010404                std_msgs::Time::getType()
 .text._ZN8std_msgs4Time6getMD5Ev
                0x08010420       0x1c ./ROS1/ros1.o
                0x08010420                std_msgs::Time::getMD5()
 .text._ZN14rosserial_msgs9TopicInfoC2Ev
                0x0801043c       0x48 ./ROS1/ros1.o
                0x0801043c                rosserial_msgs::TopicInfo::TopicInfo()
                0x0801043c                rosserial_msgs::TopicInfo::TopicInfo()
 .text._ZNK14rosserial_msgs9TopicInfo9serializeEPh
                0x08010484      0x136 ./ROS1/ros1.o
                0x08010484                rosserial_msgs::TopicInfo::serialize(unsigned char*) const
 .text._ZN14rosserial_msgs9TopicInfo11deserializeEPh
                0x080105ba      0x1d2 ./ROS1/ros1.o
                0x080105ba                rosserial_msgs::TopicInfo::deserialize(unsigned char*)
 .text._ZN14rosserial_msgs9TopicInfo7getTypeEv
                0x0801078c       0x1c ./ROS1/ros1.o
                0x0801078c                rosserial_msgs::TopicInfo::getType()
 .text._ZN14rosserial_msgs9TopicInfo6getMD5Ev
                0x080107a8       0x1c ./ROS1/ros1.o
                0x080107a8                rosserial_msgs::TopicInfo::getMD5()
 .text._ZN14rosserial_msgs3LogC2Ev
                0x080107c4       0x34 ./ROS1/ros1.o
                0x080107c4                rosserial_msgs::Log::Log()
                0x080107c4                rosserial_msgs::Log::Log()
 .text._ZNK14rosserial_msgs3Log9serializeEPh
                0x080107f8       0x64 ./ROS1/ros1.o
                0x080107f8                rosserial_msgs::Log::serialize(unsigned char*) const
 .text._ZN14rosserial_msgs3Log11deserializeEPh
                0x0801085c       0x90 ./ROS1/ros1.o
                0x0801085c                rosserial_msgs::Log::deserialize(unsigned char*)
 .text._ZN14rosserial_msgs3Log7getTypeEv
                0x080108ec       0x1c ./ROS1/ros1.o
                0x080108ec                rosserial_msgs::Log::getType()
 .text._ZN14rosserial_msgs3Log6getMD5Ev
                0x08010908       0x1c ./ROS1/ros1.o
                0x08010908                rosserial_msgs::Log::getMD5()
 .text._ZN14rosserial_msgs20RequestParamResponseC2Ev
                0x08010924       0x48 ./ROS1/ros1.o
                0x08010924                rosserial_msgs::RequestParamResponse::RequestParamResponse()
                0x08010924                rosserial_msgs::RequestParamResponse::RequestParamResponse()
 .text._ZNK14rosserial_msgs20RequestParamResponse9serializeEPh
                0x0801096c      0x222 ./ROS1/ros1.o
                0x0801096c                rosserial_msgs::RequestParamResponse::serialize(unsigned char*) const
 .text._ZN14rosserial_msgs20RequestParamResponse11deserializeEPh
                0x08010b8e      0x2e2 ./ROS1/ros1.o
                0x08010b8e                rosserial_msgs::RequestParamResponse::deserialize(unsigned char*)
 .text._ZN14rosserial_msgs20RequestParamResponse7getTypeEv
                0x08010e70       0x1c ./ROS1/ros1.o
                0x08010e70                rosserial_msgs::RequestParamResponse::getType()
 .text._ZN14rosserial_msgs20RequestParamResponse6getMD5Ev
                0x08010e8c       0x1c ./ROS1/ros1.o
                0x08010e8c                rosserial_msgs::RequestParamResponse::getMD5()
 .text._ZN3ros9PublisherC2EPKcPNS_3MsgEi
                0x08010ea8       0x2e ./ROS1/ros1.o
                0x08010ea8                ros::Publisher::Publisher(char const*, ros::Msg*, int)
                0x08010ea8                ros::Publisher::Publisher(char const*, ros::Msg*, int)
 .text._ZN3ros9Publisher15getEndpointTypeEv
                0x08010ed6       0x18 ./ROS1/ros1.o
                0x08010ed6                ros::Publisher::getEndpointType()
 *fill*         0x08010eee        0x2 
 .text._ZN13STM32Hardware10getRdmaIndEv
                0x08010ef0      0x180 ./ROS1/ros1.o
                0x08010ef0                STM32Hardware::getRdmaInd()
 .text._ZN13STM32HardwareC2Ev
                0x08011070       0x40 ./ROS1/ros1.o
                0x08011070                STM32Hardware::STM32Hardware()
                0x08011070                STM32Hardware::STM32Hardware()
 .text._ZN13STM32Hardware4readEv
                0x080110b0       0x64 ./ROS1/ros1.o
                0x080110b0                STM32Hardware::read()
 .text._ZN13STM32Hardware5flushEv
                0x08011114       0xd0 ./ROS1/ros1.o
                0x08011114                STM32Hardware::flush()
 .text._ZN13STM32Hardware5writeEPhi
                0x080111e4       0xa2 ./ROS1/ros1.o
                0x080111e4                STM32Hardware::write(unsigned char*, int)
 .text._ZN13STM32Hardware4timeEv
                0x08011286       0x16 ./ROS1/ros1.o
                0x08011286                STM32Hardware::time()
 .text._ZN13geometry_msgs7Vector3C2Ev
                0x0801129c       0x50 ./ROS1/ros1.o
                0x0801129c                geometry_msgs::Vector3::Vector3()
                0x0801129c                geometry_msgs::Vector3::Vector3()
 .text._ZNK13geometry_msgs7Vector39serializeEPh
                0x080112ec      0x2e6 ./ROS1/ros1.o
                0x080112ec                geometry_msgs::Vector3::serialize(unsigned char*) const
 .text._ZN13geometry_msgs7Vector311deserializeEPh
                0x080115d2      0x6be ./ROS1/ros1.o
                0x080115d2                geometry_msgs::Vector3::deserialize(unsigned char*)
 .text._ZN13geometry_msgs7Vector37getTypeEv
                0x08011c90       0x1c ./ROS1/ros1.o
                0x08011c90                geometry_msgs::Vector3::getType()
 .text._ZN13geometry_msgs7Vector36getMD5Ev
                0x08011cac       0x1c ./ROS1/ros1.o
                0x08011cac                geometry_msgs::Vector3::getMD5()
 .text._ZN13geometry_msgs5TwistC2Ev
                0x08011cc8       0x38 ./ROS1/ros1.o
                0x08011cc8                geometry_msgs::Twist::Twist()
                0x08011cc8                geometry_msgs::Twist::Twist()
 .text._ZNK13geometry_msgs5Twist9serializeEPh
                0x08011d00       0x4c ./ROS1/ros1.o
                0x08011d00                geometry_msgs::Twist::serialize(unsigned char*) const
 .text._ZN13geometry_msgs5Twist11deserializeEPh
                0x08011d4c       0x4c ./ROS1/ros1.o
                0x08011d4c                geometry_msgs::Twist::deserialize(unsigned char*)
 .text._ZN13geometry_msgs5Twist7getTypeEv
                0x08011d98       0x1c ./ROS1/ros1.o
                0x08011d98                geometry_msgs::Twist::getType()
 .text._ZN13geometry_msgs5Twist6getMD5Ev
                0x08011db4       0x1c ./ROS1/ros1.o
                0x08011db4                geometry_msgs::Twist::getMD5()
 .text._ZN8std_msgs5Int32C2Ev
                0x08011dd0       0x2c ./ROS1/ros1.o
                0x08011dd0                std_msgs::Int32::Int32()
                0x08011dd0                std_msgs::Int32::Int32()
 .text._ZNK8std_msgs5Int329serializeEPh
                0x08011dfc       0x64 ./ROS1/ros1.o
                0x08011dfc                std_msgs::Int32::serialize(unsigned char*) const
 .text._ZN8std_msgs5Int3211deserializeEPh
                0x08011e60       0x70 ./ROS1/ros1.o
                0x08011e60                std_msgs::Int32::deserialize(unsigned char*)
 .text._ZN8std_msgs5Int327getTypeEv
                0x08011ed0       0x1c ./ROS1/ros1.o
                0x08011ed0                std_msgs::Int32::getType()
 .text._ZN8std_msgs5Int326getMD5Ev
                0x08011eec       0x1c ./ROS1/ros1.o
                0x08011eec                std_msgs::Int32::getMD5()
 .text._ZN8std_msgs4BoolC2Ev
                0x08011f08       0x2c ./ROS1/ros1.o
                0x08011f08                std_msgs::Bool::Bool()
                0x08011f08                std_msgs::Bool::Bool()
 .text._ZNK8std_msgs4Bool9serializeEPh
                0x08011f34       0x32 ./ROS1/ros1.o
                0x08011f34                std_msgs::Bool::serialize(unsigned char*) const
 .text._ZN8std_msgs4Bool11deserializeEPh
                0x08011f66       0x3c ./ROS1/ros1.o
                0x08011f66                std_msgs::Bool::deserialize(unsigned char*)
 *fill*         0x08011fa2        0x2 
 .text._ZN8std_msgs4Bool7getTypeEv
                0x08011fa4       0x1c ./ROS1/ros1.o
                0x08011fa4                std_msgs::Bool::getType()
 .text._ZN8std_msgs4Bool6getMD5Ev
                0x08011fc0       0x1c ./ROS1/ros1.o
                0x08011fc0                std_msgs::Bool::getMD5()
 .text._ZN4ROS116callback_ChassisERKN13geometry_msgs5TwistE
                0x08011fdc       0x50 ./ROS1/ros1.o
                0x08011fdc                ROS1::callback_Chassis(geometry_msgs::Twist const&)
 .text._ZN4ROS121callback_missonFinishERKN8std_msgs4BoolE
                0x0801202c       0x20 ./ROS1/ros1.o
                0x0801202c                ROS1::callback_missonFinish(std_msgs::Bool const&)
 .text._ZN4ROS120callback_coffeeTableERKN8std_msgs5Int32E
                0x0801204c       0x20 ./ROS1/ros1.o
                0x0801204c                ROS1::callback_coffeeTable(std_msgs::Int32 const&)
 .text._ZN4ROS117callback_CupColorERKN8std_msgs5Int32E
                0x0801206c       0x20 ./ROS1/ros1.o
                0x0801206c                ROS1::callback_CupColor(std_msgs::Int32 const&)
 .text._ZN3ros3Msg8varToArrIPhmEEvT_T0_
                0x0801208c       0x3e ./ROS1/ros1.o
                0x0801208c                void ros::Msg::varToArr<unsigned char*, unsigned long>(unsigned char*, unsigned long)
 .text._ZN3ros3Msg8arrToVarImPhEEvRT_T0_
                0x080120ca       0x4c ./ROS1/ros1.o
                0x080120ca                void ros::Msg::arrToVar<unsigned long, unsigned char*>(unsigned long&, unsigned char*)
 *fill*         0x08012116        0x2 
 .text._ZN3ros15NodeHandleBase_C2Ev
                0x08012118       0x20 ./ROS1/ros1.o
                0x08012118                ros::NodeHandleBase_::NodeHandleBase_()
                0x08012118                ros::NodeHandleBase_::NodeHandleBase_()
 .text._ZN3ros11NodeHandle_I13STM32HardwareLi25ELi25ELi512ELi512EEC2Ev
                0x08012138      0x134 ./ROS1/ros1.o
                0x08012138                ros::NodeHandle_<STM32Hardware, 25, 25, 512, 512>::NodeHandle_()
                0x08012138                ros::NodeHandle_<STM32Hardware, 25, 25, 512, 512>::NodeHandle_()
 .text._ZN3ros11Subscriber_C2Ev
                0x0801226c       0x20 ./ROS1/ros1.o
                0x0801226c                ros::Subscriber_::Subscriber_()
                0x0801226c                ros::Subscriber_::Subscriber_()
 .text._ZN3ros10SubscriberIN13geometry_msgs5TwistEvEC2EPKcPFvRKS2_Ei
                0x0801228c       0x48 ./ROS1/ros1.o
                0x0801228c                ros::Subscriber<geometry_msgs::Twist, void>::Subscriber(char const*, void (*)(geometry_msgs::Twist const&), int)
                0x0801228c                ros::Subscriber<geometry_msgs::Twist, void>::Subscriber(char const*, void (*)(geometry_msgs::Twist const&), int)
 .text._ZN3ros10SubscriberIN8std_msgs4BoolEvEC2EPKcPFvRKS2_Ei
                0x080122d4       0x48 ./ROS1/ros1.o
                0x080122d4                ros::Subscriber<std_msgs::Bool, void>::Subscriber(char const*, void (*)(std_msgs::Bool const&), int)
                0x080122d4                ros::Subscriber<std_msgs::Bool, void>::Subscriber(char const*, void (*)(std_msgs::Bool const&), int)
 .text._ZN3ros10SubscriberIN8std_msgs5Int32EvEC2EPKcPFvRKS2_Ei
                0x0801231c       0x48 ./ROS1/ros1.o
                0x0801231c                ros::Subscriber<std_msgs::Int32, void>::Subscriber(char const*, void (*)(std_msgs::Int32 const&), int)
                0x0801231c                ros::Subscriber<std_msgs::Int32, void>::Subscriber(char const*, void (*)(std_msgs::Int32 const&), int)
 .text._ZN3ros11NodeHandle_I13STM32HardwareLi25ELi25ELi512ELi512EE8spinOnceEv
                0x08012364      0x4f0 ./ROS1/ros1.o
                0x08012364                ros::NodeHandle_<STM32Hardware, 25, 25, 512, 512>::spinOnce()
 .text._ZN3ros11NodeHandle_I13STM32HardwareLi25ELi25ELi512ELi512EE15requestSyncTimeEv
                0x08012854       0x3e ./ROS1/ros1.o
                0x08012854                ros::NodeHandle_<STM32Hardware, 25, 25, 512, 512>::requestSyncTime()
 .text._ZN3ros11NodeHandle_I13STM32HardwareLi25ELi25ELi512ELi512EE15negotiateTopicsEv
                0x08012892      0x1c4 ./ROS1/ros1.o
                0x08012892                ros::NodeHandle_<STM32Hardware, 25, 25, 512, 512>::negotiateTopics()
 *fill*         0x08012a56        0x2 
 .text._ZN3ros11NodeHandle_I13STM32HardwareLi25ELi25ELi512ELi512EE8syncTimeEPh
                0x08012a58       0x9c ./ROS1/ros1.o
                0x08012a58                ros::NodeHandle_<STM32Hardware, 25, 25, 512, 512>::syncTime(unsigned char*)
 .text._ZN3ros11NodeHandle_I13STM32HardwareLi25ELi25ELi512ELi512EE7publishEiPKNS_3MsgE
                0x08012af4      0x158 ./ROS1/ros1.o
                0x08012af4                ros::NodeHandle_<STM32Hardware, 25, 25, 512, 512>::publish(int, ros::Msg const*)
 .text._ZN3ros11NodeHandle_I13STM32HardwareLi25ELi25ELi512ELi512EE6setNowERNS_4TimeE
                0x08012c4c       0x88 ./ROS1/ros1.o
                0x08012c4c                ros::NodeHandle_<STM32Hardware, 25, 25, 512, 512>::setNow(ros::Time&)
 .text._ZN3ros11NodeHandle_I13STM32HardwareLi25ELi25ELi512ELi512EE8logerrorEPKc
                0x08012cd4       0x1c ./ROS1/ros1.o
                0x08012cd4                ros::NodeHandle_<STM32Hardware, 25, 25, 512, 512>::logerror(char const*)
 .text._ZN3ros11NodeHandle_I13STM32HardwareLi25ELi25ELi512ELi512EE3logEcPKc
                0x08012cf0       0x38 ./ROS1/ros1.o
                0x08012cf0                ros::NodeHandle_<STM32Hardware, 25, 25, 512, 512>::log(char, char const*)
 .text._Z41__static_initialization_and_destruction_0v
                0x08012d28       0xb0 ./ROS1/ros1.o
 .text._ZN3ros10SubscriberIN8std_msgs5Int32EvE8callbackEPh
                0x08012dd8       0x2a ./ROS1/ros1.o
                0x08012dd8                ros::Subscriber<std_msgs::Int32, void>::callback(unsigned char*)
 .text._ZN3ros10SubscriberIN8std_msgs5Int32EvE15getEndpointTypeEv
                0x08012e02       0x18 ./ROS1/ros1.o
                0x08012e02                ros::Subscriber<std_msgs::Int32, void>::getEndpointType()
 .text._ZN3ros10SubscriberIN8std_msgs5Int32EvE10getMsgTypeEv
                0x08012e1a       0x1c ./ROS1/ros1.o
                0x08012e1a                ros::Subscriber<std_msgs::Int32, void>::getMsgType()
 .text._ZN3ros10SubscriberIN8std_msgs5Int32EvE9getMsgMD5Ev
                0x08012e36       0x1c ./ROS1/ros1.o
                0x08012e36                ros::Subscriber<std_msgs::Int32, void>::getMsgMD5()
 .text._ZN3ros10SubscriberIN8std_msgs4BoolEvE8callbackEPh
                0x08012e52       0x2a ./ROS1/ros1.o
                0x08012e52                ros::Subscriber<std_msgs::Bool, void>::callback(unsigned char*)
 .text._ZN3ros10SubscriberIN8std_msgs4BoolEvE15getEndpointTypeEv
                0x08012e7c       0x18 ./ROS1/ros1.o
                0x08012e7c                ros::Subscriber<std_msgs::Bool, void>::getEndpointType()
 .text._ZN3ros10SubscriberIN8std_msgs4BoolEvE10getMsgTypeEv
                0x08012e94       0x1c ./ROS1/ros1.o
                0x08012e94                ros::Subscriber<std_msgs::Bool, void>::getMsgType()
 .text._ZN3ros10SubscriberIN8std_msgs4BoolEvE9getMsgMD5Ev
                0x08012eb0       0x1c ./ROS1/ros1.o
                0x08012eb0                ros::Subscriber<std_msgs::Bool, void>::getMsgMD5()
 .text._ZN3ros10SubscriberIN13geometry_msgs5TwistEvE8callbackEPh
                0x08012ecc       0x2a ./ROS1/ros1.o
                0x08012ecc                ros::Subscriber<geometry_msgs::Twist, void>::callback(unsigned char*)
 .text._ZN3ros10SubscriberIN13geometry_msgs5TwistEvE15getEndpointTypeEv
                0x08012ef6       0x18 ./ROS1/ros1.o
                0x08012ef6                ros::Subscriber<geometry_msgs::Twist, void>::getEndpointType()
 .text._ZN3ros10SubscriberIN13geometry_msgs5TwistEvE10getMsgTypeEv
                0x08012f0e       0x1c ./ROS1/ros1.o
                0x08012f0e                ros::Subscriber<geometry_msgs::Twist, void>::getMsgType()
 .text._ZN3ros10SubscriberIN13geometry_msgs5TwistEvE9getMsgMD5Ev
                0x08012f2a       0x1c ./ROS1/ros1.o
                0x08012f2a                ros::Subscriber<geometry_msgs::Twist, void>::getMsgMD5()
 .text._ZN3ros11NodeHandle_I13STM32HardwareLi25ELi25ELi512ELi512EE9connectedEv
                0x08012f46       0x1e ./ROS1/ros1.o
                0x08012f46                ros::NodeHandle_<STM32Hardware, 25, 25, 512, 512>::connected()
 .text._GLOBAL__sub_I_mission_complete
                0x08012f64        0xa ./ROS1/ros1.o
 *fill*         0x08012f6e        0x2 
 .text._Z10path_setupv
                0x08012f70       0x28 ./location/pathsensor.o
                0x08012f70                path_setup()
 .text._Z6weighti
                0x08012f98      0x3a4 ./location/pathsensor.o
                0x08012f98                weight(int)
 .text._Z4pathi
                0x0801333c       0x16 ./location/pathsensor.o
                0x0801333c                path(int)
 .text.sinf_poly
                0x08013352       0x54 C:/ST/STM32CubeIDE_1.18.1/STM32CubeIDE/plugins/com.st.stm32cube.ide.mcu.externaltools.gnu-tools-for-stm32.13.3.rel1.win32_1.0.0.202411081344/tools/bin/../lib/gcc/arm-none-eabi/13.3.1/../../../../arm-none-eabi/lib/thumb/v7e-m+dp/hard\libm.a(libm_a-sinf.o)
 *fill*         0x080133a6        0x2 
 .text.sinf     0x080133a8      0x130 C:/ST/STM32CubeIDE_1.18.1/STM32CubeIDE/plugins/com.st.stm32cube.ide.mcu.externaltools.gnu-tools-for-stm32.13.3.rel1.win32_1.0.0.202411081344/tools/bin/../lib/gcc/arm-none-eabi/13.3.1/../../../../arm-none-eabi/lib/thumb/v7e-m+dp/hard\libm.a(libm_a-sinf.o)
                0x080133a8                sinf
 .text.sinf_poly
                0x080134d8       0x54 C:/ST/STM32CubeIDE_1.18.1/STM32CubeIDE/plugins/com.st.stm32cube.ide.mcu.externaltools.gnu-tools-for-stm32.13.3.rel1.win32_1.0.0.202411081344/tools/bin/../lib/gcc/arm-none-eabi/13.3.1/../../../../arm-none-eabi/lib/thumb/v7e-m+dp/hard\libm.a(libm_a-cosf.o)
 *fill*         0x0801352c        0x4 
 .text.cosf     0x08013530      0x140 C:/ST/STM32CubeIDE_1.18.1/STM32CubeIDE/plugins/com.st.stm32cube.ide.mcu.externaltools.gnu-tools-for-stm32.13.3.rel1.win32_1.0.0.202411081344/tools/bin/../lib/gcc/arm-none-eabi/13.3.1/../../../../arm-none-eabi/lib/thumb/v7e-m+dp/hard\libm.a(libm_a-cosf.o)
                0x08013530                cosf
 .text.with_errnof
                0x08013670       0x1c C:/ST/STM32CubeIDE_1.18.1/STM32CubeIDE/plugins/com.st.stm32cube.ide.mcu.externaltools.gnu-tools-for-stm32.13.3.rel1.win32_1.0.0.202411081344/tools/bin/../lib/gcc/arm-none-eabi/13.3.1/../../../../arm-none-eabi/lib/thumb/v7e-m+dp/hard\libm.a(libm_a-math_errf.o)
 .text.__math_invalidf
                0x0801368c       0x1e C:/ST/STM32CubeIDE_1.18.1/STM32CubeIDE/plugins/com.st.stm32cube.ide.mcu.externaltools.gnu-tools-for-stm32.13.3.rel1.win32_1.0.0.202411081344/tools/bin/../lib/gcc/arm-none-eabi/13.3.1/../../../../arm-none-eabi/lib/thumb/v7e-m+dp/hard\libm.a(libm_a-math_errf.o)
                0x0801368c                __math_invalidf
 *fill*         0x080136aa        0x2 
 .text.realloc  0x080136ac       0x10 C:/ST/STM32CubeIDE_1.18.1/STM32CubeIDE/plugins/com.st.stm32cube.ide.mcu.externaltools.gnu-tools-for-stm32.13.3.rel1.win32_1.0.0.202411081344/tools/bin/../lib/gcc/arm-none-eabi/13.3.1/../../../../arm-none-eabi/lib/thumb/v7e-m+dp/hard\libc_nano.a(libc_a-realloc.o)
                0x080136ac                realloc
 .text._realloc_r
                0x080136bc       0x5c C:/ST/STM32CubeIDE_1.18.1/STM32CubeIDE/plugins/com.st.stm32cube.ide.mcu.externaltools.gnu-tools-for-stm32.13.3.rel1.win32_1.0.0.202411081344/tools/bin/../lib/gcc/arm-none-eabi/13.3.1/../../../../arm-none-eabi/lib/thumb/v7e-m+dp/hard\libc_nano.a(libc_a-reallocr.o)
                0x080136bc                _realloc_r
 .text.memset   0x08013718       0x10 C:/ST/STM32CubeIDE_1.18.1/STM32CubeIDE/plugins/com.st.stm32cube.ide.mcu.externaltools.gnu-tools-for-stm32.13.3.rel1.win32_1.0.0.202411081344/tools/bin/../lib/gcc/arm-none-eabi/13.3.1/../../../../arm-none-eabi/lib/thumb/v7e-m+dp/hard\libc_nano.a(libc_a-memset.o)
                0x08013718                memset
 .text.__errno  0x08013728        0xc C:/ST/STM32CubeIDE_1.18.1/STM32CubeIDE/plugins/com.st.stm32cube.ide.mcu.externaltools.gnu-tools-for-stm32.13.3.rel1.win32_1.0.0.202411081344/tools/bin/../lib/gcc/arm-none-eabi/13.3.1/../../../../arm-none-eabi/lib/thumb/v7e-m+dp/hard\libc_nano.a(libc_a-errno.o)
                0x08013728                __errno
 .text.__libc_init_array
                0x08013734       0x48 C:/ST/STM32CubeIDE_1.18.1/STM32CubeIDE/plugins/com.st.stm32cube.ide.mcu.externaltools.gnu-tools-for-stm32.13.3.rel1.win32_1.0.0.202411081344/tools/bin/../lib/gcc/arm-none-eabi/13.3.1/../../../../arm-none-eabi/lib/thumb/v7e-m+dp/hard\libc_nano.a(libc_a-init.o)
                0x08013734                __libc_init_array
 .text.__retarget_lock_acquire_recursive
                0x0801377c        0x2 C:/ST/STM32CubeIDE_1.18.1/STM32CubeIDE/plugins/com.st.stm32cube.ide.mcu.externaltools.gnu-tools-for-stm32.13.3.rel1.win32_1.0.0.202411081344/tools/bin/../lib/gcc/arm-none-eabi/13.3.1/../../../../arm-none-eabi/lib/thumb/v7e-m+dp/hard\libc_nano.a(libc_a-lock.o)
                0x0801377c                __retarget_lock_acquire_recursive
 .text.__retarget_lock_release_recursive
                0x0801377e        0x2 C:/ST/STM32CubeIDE_1.18.1/STM32CubeIDE/plugins/com.st.stm32cube.ide.mcu.externaltools.gnu-tools-for-stm32.13.3.rel1.win32_1.0.0.202411081344/tools/bin/../lib/gcc/arm-none-eabi/13.3.1/../../../../arm-none-eabi/lib/thumb/v7e-m+dp/hard\libc_nano.a(libc_a-lock.o)
                0x0801377e                __retarget_lock_release_recursive
 .text.memcpy   0x08013780       0x1c C:/ST/STM32CubeIDE_1.18.1/STM32CubeIDE/plugins/com.st.stm32cube.ide.mcu.externaltools.gnu-tools-for-stm32.13.3.rel1.win32_1.0.0.202411081344/tools/bin/../lib/gcc/arm-none-eabi/13.3.1/../../../../arm-none-eabi/lib/thumb/v7e-m+dp/hard\libc_nano.a(libc_a-memcpy-stub.o)
                0x08013780                memcpy
 .text._free_r  0x0801379c       0x94 C:/ST/STM32CubeIDE_1.18.1/STM32CubeIDE/plugins/com.st.stm32cube.ide.mcu.externaltools.gnu-tools-for-stm32.13.3.rel1.win32_1.0.0.202411081344/tools/bin/../lib/gcc/arm-none-eabi/13.3.1/../../../../arm-none-eabi/lib/thumb/v7e-m+dp/hard\libc_nano.a(libc_a-freer.o)
                0x0801379c                _free_r
 .text.sbrk_aligned
                0x08013830       0x44 C:/ST/STM32CubeIDE_1.18.1/STM32CubeIDE/plugins/com.st.stm32cube.ide.mcu.externaltools.gnu-tools-for-stm32.13.3.rel1.win32_1.0.0.202411081344/tools/bin/../lib/gcc/arm-none-eabi/13.3.1/../../../../arm-none-eabi/lib/thumb/v7e-m+dp/hard\libc_nano.a(libc_a-mallocr.o)
 .text._malloc_r
                0x08013874      0x100 C:/ST/STM32CubeIDE_1.18.1/STM32CubeIDE/plugins/com.st.stm32cube.ide.mcu.externaltools.gnu-tools-for-stm32.13.3.rel1.win32_1.0.0.202411081344/tools/bin/../lib/gcc/arm-none-eabi/13.3.1/../../../../arm-none-eabi/lib/thumb/v7e-m+dp/hard\libc_nano.a(libc_a-mallocr.o)
                0x08013874                _malloc_r
 .text.__malloc_lock
                0x08013974        0xc C:/ST/STM32CubeIDE_1.18.1/STM32CubeIDE/plugins/com.st.stm32cube.ide.mcu.externaltools.gnu-tools-for-stm32.13.3.rel1.win32_1.0.0.202411081344/tools/bin/../lib/gcc/arm-none-eabi/13.3.1/../../../../arm-none-eabi/lib/thumb/v7e-m+dp/hard\libc_nano.a(libc_a-mlock.o)
                0x08013974                __malloc_lock
 .text.__malloc_unlock
                0x08013980        0xc C:/ST/STM32CubeIDE_1.18.1/STM32CubeIDE/plugins/com.st.stm32cube.ide.mcu.externaltools.gnu-tools-for-stm32.13.3.rel1.win32_1.0.0.202411081344/tools/bin/../lib/gcc/arm-none-eabi/13.3.1/../../../../arm-none-eabi/lib/thumb/v7e-m+dp/hard\libc_nano.a(libc_a-mlock.o)
                0x08013980                __malloc_unlock
 .text._malloc_usable_size_r
                0x0801398c       0x10 C:/ST/STM32CubeIDE_1.18.1/STM32CubeIDE/plugins/com.st.stm32cube.ide.mcu.externaltools.gnu-tools-for-stm32.13.3.rel1.win32_1.0.0.202411081344/tools/bin/../lib/gcc/arm-none-eabi/13.3.1/../../../../arm-none-eabi/lib/thumb/v7e-m+dp/hard\libc_nano.a(libc_a-msizer.o)
                0x0801398c                _malloc_usable_size_r
 .text._sbrk_r  0x0801399c       0x20 C:/ST/STM32CubeIDE_1.18.1/STM32CubeIDE/plugins/com.st.stm32cube.ide.mcu.externaltools.gnu-tools-for-stm32.13.3.rel1.win32_1.0.0.202411081344/tools/bin/../lib/gcc/arm-none-eabi/13.3.1/../../../../arm-none-eabi/lib/thumb/v7e-m+dp/hard\libc_nano.a(libc_a-sbrkr.o)
                0x0801399c                _sbrk_r
 *(.glue_7)
 .glue_7        0x080139bc        0x0 linker stubs
 *(.glue_7t)
 .glue_7t       0x080139bc        0x0 linker stubs
 *(.eh_frame)
 .eh_frame      0x080139bc        0x0 C:/ST/STM32CubeIDE_1.18.1/STM32CubeIDE/plugins/com.st.stm32cube.ide.mcu.externaltools.gnu-tools-for-stm32.13.3.rel1.win32_1.0.0.202411081344/tools/bin/../lib/gcc/arm-none-eabi/13.3.1/thumb/v7e-m+dp/hard/crtbegin.o
 *(.init)
 .init          0x080139bc        0x4 C:/ST/STM32CubeIDE_1.18.1/STM32CubeIDE/plugins/com.st.stm32cube.ide.mcu.externaltools.gnu-tools-for-stm32.13.3.rel1.win32_1.0.0.202411081344/tools/bin/../lib/gcc/arm-none-eabi/13.3.1/thumb/v7e-m+dp/hard/crti.o
                0x080139bc                _init
 .init          0x080139c0        0x8 C:/ST/STM32CubeIDE_1.18.1/STM32CubeIDE/plugins/com.st.stm32cube.ide.mcu.externaltools.gnu-tools-for-stm32.13.3.rel1.win32_1.0.0.202411081344/tools/bin/../lib/gcc/arm-none-eabi/13.3.1/thumb/v7e-m+dp/hard/crtn.o
 *(.fini)
 .fini          0x080139c8        0x4 C:/ST/STM32CubeIDE_1.18.1/STM32CubeIDE/plugins/com.st.stm32cube.ide.mcu.externaltools.gnu-tools-for-stm32.13.3.rel1.win32_1.0.0.202411081344/tools/bin/../lib/gcc/arm-none-eabi/13.3.1/thumb/v7e-m+dp/hard/crti.o
                0x080139c8                _fini
 .fini          0x080139cc        0x8 C:/ST/STM32CubeIDE_1.18.1/STM32CubeIDE/plugins/com.st.stm32cube.ide.mcu.externaltools.gnu-tools-for-stm32.13.3.rel1.win32_1.0.0.202411081344/tools/bin/../lib/gcc/arm-none-eabi/13.3.1/thumb/v7e-m+dp/hard/crtn.o
                0x080139d4                        . = ALIGN (0x4)
                0x080139d4                        _etext = .

.vfp11_veneer   0x080139d4        0x0
 .vfp11_veneer  0x080139d4        0x0 linker stubs

.v4_bx          0x080139d4        0x0
 .v4_bx         0x080139d4        0x0 linker stubs

.iplt           0x080139d4        0x0
 .iplt          0x080139d4        0x0 C:/ST/STM32CubeIDE_1.18.1/STM32CubeIDE/plugins/com.st.stm32cube.ide.mcu.externaltools.gnu-tools-for-stm32.13.3.rel1.win32_1.0.0.202411081344/tools/bin/../lib/gcc/arm-none-eabi/13.3.1/thumb/v7e-m+dp/hard/crtbegin.o

.rodata         0x080139d8      0x558
                0x080139d8                        . = ALIGN (0x4)
 *(.rodata)
 .rodata        0x080139d8      0x256 ./ROS1/ros1.o
 *(.rodata*)
 *fill*         0x08013c2e        0x2 
 .rodata.D1CorePrescTable
                0x08013c30       0x10 ./Core/Src/system_stm32h7xx.o
                0x08013c30                D1CorePrescTable
 .rodata.flagBitshiftOffset.0
                0x08013c40        0x8 ./Drivers/STM32H7xx_HAL_Driver/Src/stm32h7xx_hal_dma.o
 .rodata.UARTPrescTable
                0x08013c48       0x18 ./Drivers/STM32H7xx_HAL_Driver/Src/stm32h7xx_hal_uart.o
                0x08013c48                UARTPrescTable
 .rodata.numerator.1
                0x08013c60        0x8 ./Drivers/STM32H7xx_HAL_Driver/Src/stm32h7xx_hal_uart_ex.o
 .rodata.denominator.0
                0x08013c68        0x8 ./Drivers/STM32H7xx_HAL_Driver/Src/stm32h7xx_hal_uart_ex.o
 .rodata._ZN14rosserial_msgsL12REQUESTPARAME
                0x08013c70       0x1c ./ROS1/ros1.o
 .rodata._ZTVN3ros10SubscriberIN8std_msgs5Int32EvEE
                0x08013c8c       0x18 ./ROS1/ros1.o
                0x08013c8c                vtable for ros::Subscriber<std_msgs::Int32, void>
 .rodata._ZTVN3ros10SubscriberIN8std_msgs4BoolEvEE
                0x08013ca4       0x18 ./ROS1/ros1.o
                0x08013ca4                vtable for ros::Subscriber<std_msgs::Bool, void>
 .rodata._ZTVN3ros10SubscriberIN13geometry_msgs5TwistEvEE
                0x08013cbc       0x18 ./ROS1/ros1.o
                0x08013cbc                vtable for ros::Subscriber<geometry_msgs::Twist, void>
 .rodata._ZTVN3ros11NodeHandle_I13STM32HardwareLi25ELi25ELi512ELi512EEE
                0x08013cd4       0x14 ./ROS1/ros1.o
                0x08013cd4                vtable for ros::NodeHandle_<STM32Hardware, 25, 25, 512, 512>
 .rodata._ZTVN8std_msgs4BoolE
                0x08013ce8       0x18 ./ROS1/ros1.o
                0x08013ce8                vtable for std_msgs::Bool
 .rodata._ZTVN8std_msgs5Int32E
                0x08013d00       0x18 ./ROS1/ros1.o
                0x08013d00                vtable for std_msgs::Int32
 .rodata._ZTVN13geometry_msgs5TwistE
                0x08013d18       0x18 ./ROS1/ros1.o
                0x08013d18                vtable for geometry_msgs::Twist
 .rodata._ZTVN13geometry_msgs7Vector3E
                0x08013d30       0x18 ./ROS1/ros1.o
                0x08013d30                vtable for geometry_msgs::Vector3
 .rodata._ZTVN3ros11Subscriber_E
                0x08013d48       0x18 ./ROS1/ros1.o
                0x08013d48                vtable for ros::Subscriber_
 .rodata._ZTVN3ros15NodeHandleBase_E
                0x08013d60       0x14 ./ROS1/ros1.o
                0x08013d60                vtable for ros::NodeHandleBase_
 .rodata._ZTVN14rosserial_msgs20RequestParamResponseE
                0x08013d74       0x18 ./ROS1/ros1.o
                0x08013d74                vtable for rosserial_msgs::RequestParamResponse
 .rodata._ZTVN14rosserial_msgs3LogE
                0x08013d8c       0x18 ./ROS1/ros1.o
                0x08013d8c                vtable for rosserial_msgs::Log
 .rodata._ZTVN14rosserial_msgs9TopicInfoE
                0x08013da4       0x18 ./ROS1/ros1.o
                0x08013da4                vtable for rosserial_msgs::TopicInfo
 .rodata._ZTVN8std_msgs4TimeE
                0x08013dbc       0x18 ./ROS1/ros1.o
                0x08013dbc                vtable for std_msgs::Time
 .rodata._ZTVN3ros3MsgE
                0x08013dd4       0x18 ./ROS1/ros1.o
                0x08013dd4                vtable for ros::Msg
 .rodata.__inv_pio4
                0x08013dec       0x60 C:/ST/STM32CubeIDE_1.18.1/STM32CubeIDE/plugins/com.st.stm32cube.ide.mcu.externaltools.gnu-tools-for-stm32.13.3.rel1.win32_1.0.0.202411081344/tools/bin/../lib/gcc/arm-none-eabi/13.3.1/../../../../arm-none-eabi/lib/thumb/v7e-m+dp/hard\libm.a(libm_a-sincosf_data.o)
                0x08013dec                __inv_pio4
 *fill*         0x08013e4c        0x4 
 .rodata.__sincosf_table
                0x08013e50       0xe0 C:/ST/STM32CubeIDE_1.18.1/STM32CubeIDE/plugins/com.st.stm32cube.ide.mcu.externaltools.gnu-tools-for-stm32.13.3.rel1.win32_1.0.0.202411081344/tools/bin/../lib/gcc/arm-none-eabi/13.3.1/../../../../arm-none-eabi/lib/thumb/v7e-m+dp/hard\libm.a(libm_a-sincosf_data.o)
                0x08013e50                __sincosf_table
                0x08013f30                        . = ALIGN (0x4)

.ARM.extab
 *(.ARM.extab* .gnu.linkonce.armextab.*)

.ARM            0x08013f30        0x8
                0x08013f30                        __exidx_start = .
 *(.ARM.exidx*)
 .ARM.exidx     0x08013f30        0x8 C:/ST/STM32CubeIDE_1.18.1/STM32CubeIDE/plugins/com.st.stm32cube.ide.mcu.externaltools.gnu-tools-for-stm32.13.3.rel1.win32_1.0.0.202411081344/tools/bin/../lib/gcc/arm-none-eabi/13.3.1/../../../../arm-none-eabi/lib/thumb/v7e-m+dp/hard\libc_nano.a(libc_a-strlen.o)
 .ARM.exidx     0x08013f38        0x0 C:/ST/STM32CubeIDE_1.18.1/STM32CubeIDE/plugins/com.st.stm32cube.ide.mcu.externaltools.gnu-tools-for-stm32.13.3.rel1.win32_1.0.0.202411081344/tools/bin/../lib/gcc/arm-none-eabi/13.3.1/thumb/v7e-m+dp/hard\libgcc.a(_udivmoddi4.o)
                                  0x8 (size before relaxing)
                0x08013f38                        __exidx_end = .

.preinit_array  0x08013f38        0x0
                0x08013f38                        PROVIDE (__preinit_array_start = .)
 *(.preinit_array*)
                0x08013f38                        PROVIDE (__preinit_array_end = .)

.init_array     0x08013f38       0x10
                0x08013f38                        PROVIDE (__init_array_start = .)
 *(SORT_BY_NAME(.init_array.*))
 *(.init_array*)
 .init_array    0x08013f38        0x4 C:/ST/STM32CubeIDE_1.18.1/STM32CubeIDE/plugins/com.st.stm32cube.ide.mcu.externaltools.gnu-tools-for-stm32.13.3.rel1.win32_1.0.0.202411081344/tools/bin/../lib/gcc/arm-none-eabi/13.3.1/thumb/v7e-m+dp/hard/crtbegin.o
 .init_array    0x08013f3c        0x4 ./Chassis/chassis.o
 .init_array    0x08013f40        0x4 ./Lifter/lifter.o
 .init_array    0x08013f44        0x4 ./ROS1/ros1.o
                0x08013f48                        PROVIDE (__init_array_end = .)

.fini_array     0x08013f48        0x4
                [!provide]                        PROVIDE (__fini_array_start = .)
 *(SORT_BY_NAME(.fini_array.*))
 *(.fini_array*)
 .fini_array    0x08013f48        0x4 C:/ST/STM32CubeIDE_1.18.1/STM32CubeIDE/plugins/com.st.stm32cube.ide.mcu.externaltools.gnu-tools-for-stm32.13.3.rel1.win32_1.0.0.202411081344/tools/bin/../lib/gcc/arm-none-eabi/13.3.1/thumb/v7e-m+dp/hard/crtbegin.o
                [!provide]                        PROVIDE (__fini_array_end = .)
                0x08013f4c                        _sidata = LOADADDR (.data)

.rel.dyn        0x08013f4c        0x0
 .rel.iplt      0x08013f4c        0x0 C:/ST/STM32CubeIDE_1.18.1/STM32CubeIDE/plugins/com.st.stm32cube.ide.mcu.externaltools.gnu-tools-for-stm32.13.3.rel1.win32_1.0.0.202411081344/tools/bin/../lib/gcc/arm-none-eabi/13.3.1/thumb/v7e-m+dp/hard/crtbegin.o

.data           0x24000000       0x80 load address 0x08013f4c
                0x24000000                        . = ALIGN (0x4)
                0x24000000                        _sdata = .
 *(.data)
 *(.data*)
 .data.chassis_width
                0x24000000        0x4 ./Chassis/chassis.o
                0x24000000                chassis_width
 .data.chassis_length
                0x24000004        0x4 ./Chassis/chassis.o
                0x24000004                chassis_length
 .data.wheel_diameter
                0x24000008        0x4 ./Chassis/chassis.o
                0x24000008                wheel_diameter
 .data.span     0x2400000c        0x4 ./Chassis/chassis.o
                0x2400000c                span
 .data.pi       0x24000010        0x4 ./Chassis/chassis.o
                0x24000010                pi
 .data.test     0x24000014        0x4 ./Core/Src/mainpp.o
                0x24000014                test
 .data.SystemCoreClock
                0x24000018        0x4 ./Core/Src/system_stm32h7xx.o
                0x24000018                SystemCoreClock
 .data.SystemD2Clock
                0x2400001c        0x4 ./Core/Src/system_stm32h7xx.o
                0x2400001c                SystemD2Clock
 .data.uwTickPrio
                0x24000020        0x4 ./Drivers/STM32H7xx_HAL_Driver/Src/stm32h7xx_hal.o
                0x24000020                uwTickPrio
 .data.uwTickFreq
                0x24000024        0x1 ./Drivers/STM32H7xx_HAL_Driver/Src/stm32h7xx_hal.o
                0x24000024                uwTickFreq
 .data.mission_complete
                0x24000025        0x1 ./ROS1/ros1.o
                0x24000025                mission_complete
 *fill*         0x24000026        0x2 
 .data.normal_Speed
                0x24000028        0x4 ./location/pathsensor.o
                0x24000028                normal_Speed
 .data.coffee_table
                0x2400002c        0x4 ./location/script.o
                0x2400002c                coffee_table
 .data._impure_ptr
                0x24000030        0x4 C:/ST/STM32CubeIDE_1.18.1/STM32CubeIDE/plugins/com.st.stm32cube.ide.mcu.externaltools.gnu-tools-for-stm32.13.3.rel1.win32_1.0.0.202411081344/tools/bin/../lib/gcc/arm-none-eabi/13.3.1/../../../../arm-none-eabi/lib/thumb/v7e-m+dp/hard\libc_nano.a(libc_a-impure.o)
                0x24000030                _impure_ptr
 .data._impure_data
                0x24000034       0x4c C:/ST/STM32CubeIDE_1.18.1/STM32CubeIDE/plugins/com.st.stm32cube.ide.mcu.externaltools.gnu-tools-for-stm32.13.3.rel1.win32_1.0.0.202411081344/tools/bin/../lib/gcc/arm-none-eabi/13.3.1/../../../../arm-none-eabi/lib/thumb/v7e-m+dp/hard\libc_nano.a(libc_a-impure.o)
                0x24000034                _impure_data
 *(.RamFunc)
 *(.RamFunc*)
                0x24000080                        . = ALIGN (0x4)
                0x24000080                        _edata = .

.igot.plt       0x24000080        0x0 load address 0x08013fcc
 .igot.plt      0x24000080        0x0 C:/ST/STM32CubeIDE_1.18.1/STM32CubeIDE/plugins/com.st.stm32cube.ide.mcu.externaltools.gnu-tools-for-stm32.13.3.rel1.win32_1.0.0.202411081344/tools/bin/../lib/gcc/arm-none-eabi/13.3.1/thumb/v7e-m+dp/hard/crtbegin.o
                0x24000080                        . = ALIGN (0x4)

.bss            0x24000080     0x38b0 load address 0x08013fcc
                0x24000080                        _sbss = .
                0x24000080                        __bss_start__ = _sbss
 *(.bss)
 .bss           0x24000080       0x1c C:/ST/STM32CubeIDE_1.18.1/STM32CubeIDE/plugins/com.st.stm32cube.ide.mcu.externaltools.gnu-tools-for-stm32.13.3.rel1.win32_1.0.0.202411081344/tools/bin/../lib/gcc/arm-none-eabi/13.3.1/thumb/v7e-m+dp/hard/crtbegin.o
 *(.bss*)
 .bss.v_x       0x2400009c        0x4 ./Chassis/chassis.o
                0x2400009c                v_x
 .bss.v_y       0x240000a0        0x4 ./Chassis/chassis.o
                0x240000a0                v_y
 .bss.v_w       0x240000a4        0x4 ./Chassis/chassis.o
                0x240000a4                v_w
 .bss.map_x     0x240000a8        0x4 ./Chassis/chassis.o
                0x240000a8                map_x
 .bss.map_y     0x240000ac        0x4 ./Chassis/chassis.o
                0x240000ac                map_y
 .bss.theta     0x240000b0        0x4 ./Chassis/chassis.o
                0x240000b0                theta
 .bss.wheel_FL  0x240000b4       0x58 ./Chassis/chassis.o
                0x240000b4                wheel_FL
 .bss.wheel_FR  0x2400010c       0x58 ./Chassis/chassis.o
                0x2400010c                wheel_FR
 .bss.wheel_BL  0x24000164       0x58 ./Chassis/chassis.o
                0x24000164                wheel_BL
 .bss.wheel_BR  0x240001bc       0x58 ./Chassis/chassis.o
                0x240001bc                wheel_BR
 .bss.hadc1     0x24000214       0x70 ./Core/Src/main.o
                0x24000214                hadc1
 .bss.hadc2     0x24000284       0x70 ./Core/Src/main.o
                0x24000284                hadc2
 .bss.hadc3     0x240002f4       0x70 ./Core/Src/main.o
                0x240002f4                hadc3
 .bss.hdma_adc1
                0x24000364       0x78 ./Core/Src/main.o
                0x24000364                hdma_adc1
 .bss.hdma_adc3
                0x240003dc       0x78 ./Core/Src/main.o
                0x240003dc                hdma_adc3
 .bss.hi2c1     0x24000454       0x54 ./Core/Src/main.o
                0x24000454                hi2c1
 .bss.hi2c2     0x240004a8       0x54 ./Core/Src/main.o
                0x240004a8                hi2c2
 .bss.htim1     0x240004fc       0x4c ./Core/Src/main.o
                0x240004fc                htim1
 .bss.htim2     0x24000548       0x4c ./Core/Src/main.o