Archive member included to satisfy reference by file (symbol)

C:/ST/STM32CubeIDE_1.18.1/STM32CubeIDE/plugins/com.st.stm32cube.ide.mcu.externaltools.gnu-tools-for-stm32.13.3.rel1.win32_1.0.0.202411081344/tools/bin/../lib/gcc/arm-none-eabi/13.3.1/../../../../arm-none-eabi/lib/thumb/v7e-m+dp/hard\libm.a(libm_a-wf_atan2.o)
                              ./location/location.o (atan2f)
C:/ST/STM32CubeIDE_1.18.1/STM32CubeIDE/plugins/com.st.stm32cube.ide.mcu.externaltools.gnu-tools-for-stm32.13.3.rel1.win32_1.0.0.202411081344/tools/bin/../lib/gcc/arm-none-eabi/13.3.1/../../../../arm-none-eabi/lib/thumb/v7e-m+dp/hard\libm.a(libm_a-wf_sqrt.o)
                              ./location/location.o (sqrtf)
C:/ST/STM32CubeIDE_1.18.1/STM32CubeIDE/plugins/com.st.stm32cube.ide.mcu.externaltools.gnu-tools-for-stm32.13.3.rel1.win32_1.0.0.202411081344/tools/bin/../lib/gcc/arm-none-eabi/13.3.1/../../../../arm-none-eabi/lib/thumb/v7e-m+dp/hard\libm.a(libm_a-sinf.o)
                              ./Chassis/chassis.o (sinf)
C:/ST/STM32CubeIDE_1.18.1/STM32CubeIDE/plugins/com.st.stm32cube.ide.mcu.externaltools.gnu-tools-for-stm32.13.3.rel1.win32_1.0.0.202411081344/tools/bin/../lib/gcc/arm-none-eabi/13.3.1/../../../../arm-none-eabi/lib/thumb/v7e-m+dp/hard\libm.a(libm_a-cosf.o)
                              ./Chassis/chassis.o (cosf)
C:/ST/STM32CubeIDE_1.18.1/STM32CubeIDE/plugins/com.st.stm32cube.ide.mcu.externaltools.gnu-tools-for-stm32.13.3.rel1.win32_1.0.0.202411081344/tools/bin/../lib/gcc/arm-none-eabi/13.3.1/../../../../arm-none-eabi/lib/thumb/v7e-m+dp/hard\libm.a(libm_a-sincosf_data.o)
                              C:/ST/STM32CubeIDE_1.18.1/STM32CubeIDE/plugins/com.st.stm32cube.ide.mcu.externaltools.gnu-tools-for-stm32.13.3.rel1.win32_1.0.0.202411081344/tools/bin/../lib/gcc/arm-none-eabi/13.3.1/../../../../arm-none-eabi/lib/thumb/v7e-m+dp/hard\libm.a(libm_a-sinf.o) (__inv_pio4)
C:/ST/STM32CubeIDE_1.18.1/STM32CubeIDE/plugins/com.st.stm32cube.ide.mcu.externaltools.gnu-tools-for-stm32.13.3.rel1.win32_1.0.0.202411081344/tools/bin/../lib/gcc/arm-none-eabi/13.3.1/../../../../arm-none-eabi/lib/thumb/v7e-m+dp/hard\libm.a(libm_a-math_errf.o)
                              C:/ST/STM32CubeIDE_1.18.1/STM32CubeIDE/plugins/com.st.stm32cube.ide.mcu.externaltools.gnu-tools-for-stm32.13.3.rel1.win32_1.0.0.202411081344/tools/bin/../lib/gcc/arm-none-eabi/13.3.1/../../../../arm-none-eabi/lib/thumb/v7e-m+dp/hard\libm.a(libm_a-sinf.o) (__math_invalidf)
C:/ST/STM32CubeIDE_1.18.1/STM32CubeIDE/plugins/com.st.stm32cube.ide.mcu.externaltools.gnu-tools-for-stm32.13.3.rel1.win32_1.0.0.202411081344/tools/bin/../lib/gcc/arm-none-eabi/13.3.1/../../../../arm-none-eabi/lib/thumb/v7e-m+dp/hard\libm.a(libm_a-ef_sqrt.o)
                              C:/ST/STM32CubeIDE_1.18.1/STM32CubeIDE/plugins/com.st.stm32cube.ide.mcu.externaltools.gnu-tools-for-stm32.13.3.rel1.win32_1.0.0.202411081344/tools/bin/../lib/gcc/arm-none-eabi/13.3.1/../../../../arm-none-eabi/lib/thumb/v7e-m+dp/hard\libm.a(libm_a-wf_sqrt.o) (__ieee754_sqrtf)
C:/ST/STM32CubeIDE_1.18.1/STM32CubeIDE/plugins/com.st.stm32cube.ide.mcu.externaltools.gnu-tools-for-stm32.13.3.rel1.win32_1.0.0.202411081344/tools/bin/../lib/gcc/arm-none-eabi/13.3.1/../../../../arm-none-eabi/lib/thumb/v7e-m+dp/hard\libm.a(libm_a-ef_atan2.o)
                              C:/ST/STM32CubeIDE_1.18.1/STM32CubeIDE/plugins/com.st.stm32cube.ide.mcu.externaltools.gnu-tools-for-stm32.13.3.rel1.win32_1.0.0.202411081344/tools/bin/../lib/gcc/arm-none-eabi/13.3.1/../../../../arm-none-eabi/lib/thumb/v7e-m+dp/hard\libm.a(libm_a-wf_atan2.o) (__ieee754_atan2f)
C:/ST/STM32CubeIDE_1.18.1/STM32CubeIDE/plugins/com.st.stm32cube.ide.mcu.externaltools.gnu-tools-for-stm32.13.3.rel1.win32_1.0.0.202411081344/tools/bin/../lib/gcc/arm-none-eabi/13.3.1/../../../../arm-none-eabi/lib/thumb/v7e-m+dp/hard\libm.a(libm_a-sf_atan.o)
                              C:/ST/STM32CubeIDE_1.18.1/STM32CubeIDE/plugins/com.st.stm32cube.ide.mcu.externaltools.gnu-tools-for-stm32.13.3.rel1.win32_1.0.0.202411081344/tools/bin/../lib/gcc/arm-none-eabi/13.3.1/../../../../arm-none-eabi/lib/thumb/v7e-m+dp/hard\libm.a(libm_a-ef_atan2.o) (atanf)
C:/ST/STM32CubeIDE_1.18.1/STM32CubeIDE/plugins/com.st.stm32cube.ide.mcu.externaltools.gnu-tools-for-stm32.13.3.rel1.win32_1.0.0.202411081344/tools/bin/../lib/gcc/arm-none-eabi/13.3.1/../../../../arm-none-eabi/lib/thumb/v7e-m+dp/hard\libm.a(libm_a-sf_fabs.o)
                              C:/ST/STM32CubeIDE_1.18.1/STM32CubeIDE/plugins/com.st.stm32cube.ide.mcu.externaltools.gnu-tools-for-stm32.13.3.rel1.win32_1.0.0.202411081344/tools/bin/../lib/gcc/arm-none-eabi/13.3.1/../../../../arm-none-eabi/lib/thumb/v7e-m+dp/hard\libm.a(libm_a-ef_atan2.o) (fabsf)
C:/ST/STM32CubeIDE_1.18.1/STM32CubeIDE/plugins/com.st.stm32cube.ide.mcu.externaltools.gnu-tools-for-stm32.13.3.rel1.win32_1.0.0.202411081344/tools/bin/../lib/gcc/arm-none-eabi/13.3.1/../../../../arm-none-eabi/lib/thumb/v7e-m+dp/hard\libc_nano.a(libc_a-exit.o)
[...]
Memory Configuration

Name             Origin             Length             Attributes
ITCMRAM          0x00000000         0x00010000         xrw
DTCMRAM          0x20000000         0x00020000         xrw
FLASH            0x08000000         0x00100000         xr
RAM_D1           0x24000000         0x00050000         xrw
RAM_D2           0x30000000         0x00008000         xrw
RAM_D3           0x38000000         0x00004000         xrw
*default*        0x00000000         0xffffffff

Linker script and memory map

LOAD C:/ST/STM32CubeIDE_1.18.1/STM32CubeIDE/plugins/com.st.stm32cube.ide.mcu.externaltools.gnu-tools-for-stm32.13.3.rel1.win32_1.0.0.202411081344/tools/bin/../lib/gcc/arm-none-eabi/13.3.1/thumb/v7e-m+dp/hard/crti.o
LOAD C:/ST/STM32CubeIDE_1.18.1/STM32CubeIDE/plugins/com.st.stm32cube.ide.mcu.externaltools.gnu-tools-for-stm32.13.3.rel1.win32_1.0.0.202411081344/tools/bin/../lib/gcc/arm-none-eabi/13.3.1/thumb/v7e-m+dp/hard/crtbegin.o
LOAD C:/ST/STM32CubeIDE_1.18.1/STM32CubeIDE/plugins/com.st.stm32cube.ide.mcu.externaltools.gnu-tools-for-stm32.13.3.rel1.win32_1.0.0.202411081344/tools/bin/../lib/gcc/arm-none-eabi/13.3.1/../../../../arm-none-eabi/lib/thumb/v7e-m+dp/hard/crt0.o
LOAD ./Chassis/chassis.o
LOAD ./Core/Inc/duration.o
LOAD ./Core/Inc/time.o
LOAD ./Core/Src/main.o
LOAD ./Core/Src/mainpp.o
LOAD ./Core/Src/stm32h7xx_hal_msp.o
LOAD ./Core/Src/stm32h7xx_it.o
LOAD ./Core/Src/syscalls.o
LOAD ./Core/Src/sysmem.o
LOAD ./Core/Src/system_stm32h7xx.o
LOAD ./Core/Startup/startup_stm32h723zgtx.o
LOAD ./Drivers/STM32H7xx_HAL_Driver/Src/stm32h7xx_hal.o
LOAD ./Drivers/STM32H7xx_HAL_Driver/Src/stm32h7xx_hal_adc.o
LOAD ./Drivers/STM32H7xx_HAL_Driver/Src/stm32h7xx_hal_adc_ex.o
LOAD ./Drivers/STM32H7xx_HAL_Driver/Src/stm32h7xx_hal_cortex.o
LOAD ./Drivers/STM32H7xx_HAL_Driver/Src/stm32h7xx_hal_dma.o
LOAD ./Drivers/STM32H7xx_HAL_Driver/Src/stm32h7xx_hal_dma_ex.o
LOAD ./Drivers/STM32H7xx_HAL_Driver/Src/stm32h7xx_hal_exti.o
LOAD ./Drivers/STM32H7xx_HAL_Driver/Src/stm32h7xx_hal_flash.o
LOAD ./Drivers/STM32H7xx_HAL_Driver/Src/stm32h7xx_hal_flash_ex.o
LOAD ./Drivers/STM32H7xx_HAL_Driver/Src/stm32h7xx_hal_gpio.o
LOAD ./Drivers/STM32H7xx_HAL_Driver/Src/stm32h7xx_hal_hsem.o
LOAD ./Drivers/STM32H7xx_HAL_Driver/Src/stm32h7xx_hal_i2c.o
LOAD ./Drivers/STM32H7xx_HAL_Driver/Src/stm32h7xx_hal_i2c_ex.o
LOAD ./Drivers/STM32H7xx_HAL_Driver/Src/stm32h7xx_hal_mdma.o
LOAD ./Drivers/STM32H7xx_HAL_Driver/Src/stm32h7xx_hal_pwr.o
LOAD ./Drivers/STM32H7xx_HAL_Driver/Src/stm32h7xx_hal_pwr_ex.o
LOAD ./Drivers/STM32H7xx_HAL_Driver/Src/stm32h7xx_hal_rcc.o
LOAD ./Drivers/STM32H7xx_HAL_Driver/Src/stm32h7xx_hal_rcc_ex.o
LOAD ./Drivers/STM32H7xx_HAL_Driver/Src/stm32h7xx_hal_tim.o
LOAD ./Drivers/STM32H7xx_HAL_Driver/Src/stm32h7xx_hal_tim_ex.o
LOAD ./Drivers/STM32H7xx_HAL_Driver/Src/stm32h7xx_hal_uart.o
LOAD ./Drivers/STM32H7xx_HAL_Driver/Src/stm32h7xx_hal_uart_ex.o
LOAD ./Drivers/VL53L0X/vl53l0x_api.o
LOAD ./Drivers/VL53L0X/vl53l0x_api_calibration.o
LOAD ./Drivers/VL53L0X/vl53l0x_api_core.o
LOAD ./Drivers/VL53L0X/vl53l0x_api_ranging.o
LOAD ./Drivers/VL53L0X/vl53l0x_api_strings.o
LOAD ./Drivers/VL53L0X/vl53l0x_platform.o
LOAD ./Drivers/VL53L0X/vl53l0x_platform_log.o
LOAD ./Lifter/lifter.o
LOAD ./Motor/DC_motor.o
LOAD ./ROS1/ros1.o
LOAD ./location/VL53.o
LOAD ./location/location.o
LOAD ./location/pathsensor.o
LOAD ./location/script.o
START GROUP
LOAD C:/ST/STM32CubeIDE_1.18.1/STM32CubeIDE/plugins/com.st.stm32cube.ide.mcu.externaltools.gnu-tools-for-stm32.13.3.rel1.win32_1.0.0.202411081344/tools/bin/../lib/gcc/arm-none-eabi/13.3.1/../../../../arm-none-eabi/lib/thumb/v7e-m+dp/hard\libstdc++_nano.a
LOAD C:/ST/STM32CubeIDE_1.18.1/STM32CubeIDE/plugins/com.st.stm32cube.ide.mcu.externaltools.gnu-tools-for-stm32.13.3.rel1.win32_1.0.0.202411081344/tools/bin/../lib/gcc/arm-none-eabi/13.3.1/../../../../arm-none-eabi/lib/thumb/v7e-m+dp/hard\libsupc++_nano.a
END GROUP
LOAD C:/ST/STM32CubeIDE_1.18.1/STM32CubeIDE/plugins/com.st.stm32cube.ide.mcu.externaltools.gnu-tools-for-stm32.13.3.rel1.win32_1.0.0.202411081344/tools/bin/../lib/gcc/arm-none-eabi/13.3.1/../../../../arm-none-eabi/lib/thumb/v7e-m+dp/hard\libstdc++_nano.a
LOAD C:/ST/STM32CubeIDE_1.18.1/STM32CubeIDE/plugins/com.st.stm32cube.ide.mcu.externaltools.gnu-tools-for-stm32.13.3.rel1.win32_1.0.0.202411081344/tools/bin/../lib/gcc/arm-none-eabi/13.3.1/../../../../arm-none-eabi/lib/thumb/v7e-m+dp/hard\libm.a
LOAD C:/ST/STM32CubeIDE_1.18.1/STM32CubeIDE/plugins/com.st.stm32cube.ide.mcu.externaltools.gnu-tools-for-stm32.13.3.rel1.win32_1.0.0.202411081344/tools/bin/../lib/gcc/arm-none-eabi/13.3.1/../../../../arm-none-eabi/lib/thumb/v7e-m+dp/hard\libc_nano.a
START GROUP
LOAD C:/ST/STM32CubeIDE_1.18.1/STM32CubeIDE/plugins/com.st.stm32cube.ide.mcu.externaltools.gnu-tools-for-stm32.13.3.rel1.win32_1.0.0.202411081344/tools/bin/../lib/gcc/arm-none-eabi/13.3.1/thumb/v7e-m+dp/hard\libgcc.a
LOAD C:/ST/STM32CubeIDE_1.18.1/STM32CubeIDE/plugins/com.st.stm32cube.ide.mcu.externaltools.gnu-tools-for-stm32.13.3.rel1.win32_1.0.0.202411081344/tools/bin/../lib/gcc/arm-none-eabi/13.3.1/../../../../arm-none-eabi/lib/thumb/v7e-m+dp/hard\libc_nano.a
END GROUP
START GROUP
LOAD C:/ST/STM32CubeIDE_1.18.1/STM32CubeIDE/plugins/com.st.stm32cube.ide.mcu.externaltools.gnu-tools-for-stm32.13.3.rel1.win32_1.0.0.202411081344/tools/bin/../lib/gcc/arm-none-eabi/13.3.1/thumb/v7e-m+dp/hard\libgcc.a
LOAD C:/ST/STM32CubeIDE_1.18.1/STM32CubeIDE/plugins/com.st.stm32cube.ide.mcu.externaltools.gnu-tools-for-stm32.13.3.rel1.win32_1.0.0.202411081344/tools/bin/../lib/gcc/arm-none-eabi/13.3.1/../../../../arm-none-eabi/lib/thumb/v7e-m+dp/hard\libc_nano.a
LOAD C:/ST/STM32CubeIDE_1.18.1/STM32CubeIDE/plugins/com.st.stm32cube.ide.mcu.externaltools.gnu-tools-for-stm32.13.3.rel1.win32_1.0.0.202411081344/tools/bin/../lib/gcc/arm-none-eabi/13.3.1/../../../../arm-none-eabi/lib/thumb/v7e-m+dp/hard\libnosys.a
END GROUP
START GROUP
LOAD C:/ST/STM32CubeIDE_1.18.1/STM32CubeIDE/plugins/com.st.stm32cube.ide.mcu.externaltools.gnu-tools-for-stm32.13.3.rel1.win32_1.0.0.202411081344/tools/bin/../lib/gcc/arm-none-eabi/13.3.1/thumb/v7e-m+dp/hard\libgcc.a
LOAD C:/ST/STM32CubeIDE_1.18.1/STM32CubeIDE/plugins/com.st.stm32cube.ide.mcu.externaltools.gnu-tools-for-stm32.13.3.rel1.win32_1.0.0.202411081344/tools/bin/../lib/gcc/arm-none-eabi/13.3.1/../../../../arm-none-eabi/lib/thumb/v7e-m+dp/hard\libc_nano.a
LOAD C:/ST/STM32CubeIDE_1.18.1/STM32CubeIDE/plugins/com.st.stm32cube.ide.mcu.externaltools.gnu-tools-for-stm32.13.3.rel1.win32_1.0.0.202411081344/tools/bin/../lib/gcc/arm-none-eabi/13.3.1/../../../../arm-none-eabi/lib/thumb/v7e-m+dp/hard\libnosys.a
END GROUP
LOAD C:/ST/STM32CubeIDE_1.18.1/STM32CubeIDE/plugins/com.st.stm32cube.ide.mcu.externaltools.gnu-tools-for-stm32.13.3.rel1.win32_1.0.0.202411081344/tools/bin/../lib/gcc/arm-none-eabi/13.3.1/thumb/v7e-m+dp/hard/crtend.o
LOAD C:/ST/STM32CubeIDE_1.18.1/STM32CubeIDE/plugins/com.st.stm32cube.ide.mcu.externaltools.gnu-tools-for-stm32.13.3.rel1.win32_1.0.0.202411081344/tools/bin/../lib/gcc/arm-none-eabi/13.3.1/thumb/v7e-m+dp/hard/crtn.o
                0x24050000                        _estack = (ORIGIN (RAM_D1) + LENGTH (RAM_D1))
                0x00000200                        _Min_Heap_Size = 0x200
                0x00000400                        _Min_Stack_Size = 0x400

.isr_vector     0x08000000      0x2cc
                0x08000000                        . = ALIGN (0x4)
 *(.isr_vector)
 .isr_vector    0x08000000      0x2cc ./Core/Startup/startup_stm32h723zgtx.o
                0x08000000                g_pfnVectors
                0x080002cc                        . = ALIGN (0x4)

.text           0x080002d0    0x14e8c
                0x080002d0                        . = ALIGN (0x4)
 *(.text)
 .text          0x080002d0       0x40 C:/ST/STM32CubeIDE_1.18.1/STM32CubeIDE/plugins/com.st.stm32cube.ide.mcu.externaltools.gnu-tools-for-stm32.13.3.rel1.win32_1.0.0.202411081344/tools/bin/../lib/gcc/arm-none-eabi/13.3.1/thumb/v7e-m+dp/hard/crtbegin.o
 .text          0x08000310       0x10 C:/ST/STM32CubeIDE_1.18.1/STM32CubeIDE/plugins/com.st.stm32cube.ide.mcu.externaltools.gnu-tools-for-stm32.13.3.rel1.win32_1.0.0.202411081344/tools/bin/../lib/gcc/arm-none-eabi/13.3.1/../../../../arm-none-eabi/lib/thumb/v7e-m+dp/hard\libc_nano.a(libc_a-strlen.o)
                0x08000310                strlen
 .text          0x08000320      0x378 C:/ST/STM32CubeIDE_1.18.1/STM32CubeIDE/plugins/com.st.stm32cube.ide.mcu.externaltools.gnu-tools-for-stm32.13.3.rel1.win32_1.0.0.202411081344/tools/bin/../lib/gcc/arm-none-eabi/13.3.1/thumb/v7e-m+dp/hard\libgcc.a(_arm_addsubdf3.o)
                0x08000320                __aeabi_drsub
                0x08000328                __aeabi_dsub
                0x08000328                __subdf3
                0x0800032c                __aeabi_dadd
                0x0800032c                __adddf3
                0x080005a4                __floatunsidf
                0x080005a4                __aeabi_ui2d
                0x080005c4                __floatsidf
                0x080005c4                __aeabi_i2d
                0x080005e8                __aeabi_f2d
                0x080005e8                __extendsfdf2
                0x0800062c                __floatundidf
                0x0800062c                __aeabi_ul2d
                0x0800063c                __floatdidf
                0x0800063c                __aeabi_l2d
 .text          0x08000698       0x30 C:/ST/STM32CubeIDE_1.18.1/STM32CubeIDE/plugins/com.st.stm32cube.ide.mcu.externaltools.gnu-tools-for-stm32.13.3.rel1.win32_1.0.0.202411081344/tools/bin/../lib/gcc/arm-none-eabi/13.3.1/thumb/v7e-m+dp/hard\libgcc.a(_aeabi_uldivmod.o)
                0x08000698                __aeabi_uldivmod
 .text          0x080006c8      0x2f8 C:/ST/STM32CubeIDE_1.18.1/STM32CubeIDE/plugins/com.st.stm32cube.ide.mcu.externaltools.gnu-tools-for-stm32.13.3.rel1.win32_1.0.0.202411081344/tools/bin/../lib/gcc/arm-none-eabi/13.3.1/thumb/v7e-m+dp/hard\libgcc.a(_udivmoddi4.o)
                0x080006c8                __udivmoddi4
 .text          0x080009c0        0x4 C:/ST/STM32CubeIDE_1.18.1/STM32CubeIDE/plugins/com.st.stm32cube.ide.mcu.externaltools.gnu-tools-for-stm32.13.3.rel1.win32_1.0.0.202411081344/tools/bin/../lib/gcc/arm-none-eabi/13.3.1/thumb/v7e-m+dp/hard\libgcc.a(_dvmd_tls.o)
                0x080009c0                __aeabi_idiv0
                0x080009c0                __aeabi_ldiv0
 *(.text*)
 .text._ZSt3cosf
                0x080009c4       0x20 ./Chassis/chassis.o
                0x080009c4                std::cos(float)
 .text._ZSt3sinf
                0x080009e4       0x20 ./Chassis/chassis.o
                0x080009e4                std::sin(float)
 .text._ZNK8DC_motor9get_speedEv
                0x08000a04       0x1e ./Chassis/chassis.o
                0x08000a04                DC_motor::get_speed() const
 *fill*         0x08000a22        0x2 
 .text._ZN8DC_motorC2EP17TIM_HandleTypeDefP12GPIO_TypeDeftS1_mffb
                0x08000a24       0xe0 ./Chassis/chassis.o
                0x08000a24                DC_motor::DC_motor(TIM_HandleTypeDef*, GPIO_TypeDef*, unsigned short, TIM_HandleTypeDef*, unsigned long, float, float, bool)
                0x08000a24                DC_motor::DC_motor(TIM_HandleTypeDef*, GPIO_TypeDef*, unsigned short, TIM_HandleTypeDef*, unsigned long, float, float, bool)
 .text._Z13chassis_setupv
                0x08000b04       0x30 ./Chassis/chassis.o
                0x08000b04                chassis_setup()
 .text._Z18mecan_IK_transformfff
                0x08000b34      0x16c ./Chassis/chassis.o
                0x08000b34                mecan_IK_transform(float, float, float)
 .text._Z18mecan_FK_transformv
                0x08000ca0      0x164 ./Chassis/chassis.o
                0x08000ca0                mecan_FK_transform()
 *fill*         0x08000e04        0x4 
 .text._Z12localizationv
                0x08000e08      0x160 ./Chassis/chassis.o
                0x08000e08                localization()
 .text._Z20chassis_update_speedfff
                0x08000f68       0x80 ./Chassis/chassis.o
                0x08000f68                chassis_update_speed(float, float, float)
 .text._Z41__static_initialization_and_destruction_0v
                0x08000fe8       0xc0 ./Chassis/chassis.o
 .text._GLOBAL__sub_I_chassis_width
                0x080010a8        0xa ./Chassis/chassis.o
 *fill*         0x080010b2        0x2 
 .text._ZN3ros16normalizeSecNSecERmS0_
                0x080010b4       0x58 ./Core/Inc/time.o
                0x080010b4                ros::normalizeSecNSec(unsigned long&, unsigned long&)
 .text.main     0x0800110c       0x78 ./Core/Src/main.o
                0x0800110c                main
 .text.SystemClock_Config
                0x08001184       0xdc ./Core/Src/main.o
                0x08001184                SystemClock_Config
 .text.PeriphCommonClock_Config
                0x08001260       0x5e ./Core/Src/main.o
                0x08001260                PeriphCommonClock_Config
 *fill*         0x080012be        0x2 
 .text.MX_ADC1_Init
                0x080012c0      0x148 ./Core/Src/main.o
 .text.MX_ADC2_Init
                0x08001408       0xe4 ./Core/Src/main.o
 .text.MX_ADC3_Init
                0x080014ec      0x250 ./Core/Src/main.o
 .text.MX_I2C1_Init
                0x0800173c       0x80 ./Core/Src/main.o
 .text.MX_I2C2_Init
                0x080017bc       0x80 ./Core/Src/main.o
 .text.MX_TIM1_Init
                0x0800183c       0xb4 ./Core/Src/main.o
 .text.MX_TIM2_Init
                0x080018f0       0xa8 ./Core/Src/main.o
 .text.MX_TIM3_Init
                0x08001998       0xac ./Core/Src/main.o
 .text.MX_TIM4_Init
                0x08001a44       0xac ./Core/Src/main.o
 .text.MX_TIM5_Init
                0x08001af0       0xf8 ./Core/Src/main.o
 .text.MX_TIM6_Init
                0x08001be8       0x6c ./Core/Src/main.o
 .text.MX_TIM7_Init
                0x08001c54       0x6c ./Core/Src/main.o
 .text.MX_TIM8_Init
                0x08001cc0       0xb4 ./Core/Src/main.o
 .text.MX_TIM12_Init
                0x08001d74       0xcc ./Core/Src/main.o
 .text.MX_TIM13_Init
                0x08001e40       0x48 ./Core/Src/main.o
 .text.MX_TIM15_Init
                0x08001e88      0x124 ./Core/Src/main.o
 .text.MX_TIM16_Init
                0x08001fac       0xf4 ./Core/Src/main.o
 .text.MX_TIM17_Init
                0x080020a0       0xf4 ./Core/Src/main.o
 .text.MX_TIM23_Init
                0x08002194       0xac ./Core/Src/main.o
 .text.MX_TIM24_Init
                0x08002240       0xac ./Core/Src/main.o
 .text.MX_USART1_UART_Init
                0x080022ec       0x98 ./Core/Src/main.o
 .text.MX_USART3_UART_Init
                0x08002384       0x98 ./Core/Src/main.o
 .text.MX_DMA_Init
                0x0800241c       0x90 ./Core/Src/main.o
 .text.MX_GPIO_Init
                0x080024ac      0x234 ./Core/Src/main.o
 .text.Error_Handler
                0x080026e0        0xc ./Core/Src/main.o
                0x080026e0                Error_Handler
 .text._Z5setupv
                0x080026ec       0x30 ./Core/Src/mainpp.o
                0x080026ec                setup()
 .text.main_function
                0x0800271c        0xc ./Core/Src/mainpp.o
                0x0800271c                main_function
 .text.HAL_TIM_PeriodElapsedCallback
                0x08002728       0x84 ./Core/Src/mainpp.o
                0x08002728                HAL_TIM_PeriodElapsedCallback
 .text.HAL_ADC_ConvCpltCallback
                0x080027ac       0x4c ./Core/Src/mainpp.o
                0x080027ac                HAL_ADC_ConvCpltCallback
 .text.HAL_MspInit
                0x080027f8       0x40 ./Core/Src/stm32h7xx_hal_msp.o
                0x080027f8                HAL_MspInit
 .text.HAL_ADC_MspInit
                0x08002838      0x30c ./Core/Src/stm32h7xx_hal_msp.o
                0x08002838                HAL_ADC_MspInit
 .text.HAL_I2C_MspInit
                0x08002b44      0x170 ./Core/Src/stm32h7xx_hal_msp.o
                0x08002b44                HAL_I2C_MspInit
 .text.HAL_TIM_Encoder_MspInit
                0x08002cb4      0x388 ./Core/Src/stm32h7xx_hal_msp.o
                0x08002cb4                HAL_TIM_Encoder_MspInit
 .text.HAL_TIM_PWM_MspInit
                0x0800303c       0xa0 ./Core/Src/stm32h7xx_hal_msp.o
                0x0800303c                HAL_TIM_PWM_MspInit
 .text.HAL_TIM_Base_MspInit
                0x080030dc      0x128 ./Core/Src/stm32h7xx_hal_msp.o
                0x080030dc                HAL_TIM_Base_MspInit
 .text.HAL_TIM_MspPostInit
                0x08003204      0x1bc ./Core/Src/stm32h7xx_hal_msp.o
                0x08003204                HAL_TIM_MspPostInit
 .text.HAL_UART_MspInit
                0x080033c0      0x334 ./Core/Src/stm32h7xx_hal_msp.o
                0x080033c0                HAL_UART_MspInit
 .text.NMI_Handler
                0x080036f4        0x8 ./Core/Src/stm32h7xx_it.o
                0x080036f4                NMI_Handler
 .text.HardFault_Handler
                0x080036fc        0x8 ./Core/Src/stm32h7xx_it.o
                0x080036fc                HardFault_Handler
 .text.MemManage_Handler
                0x08003704        0x8 ./Core/Src/stm32h7xx_it.o
                0x08003704                MemManage_Handler
 .text.BusFault_Handler
                0x0800370c        0x8 ./Core/Src/stm32h7xx_it.o
                0x0800370c                BusFault_Handler
 .text.UsageFault_Handler
                0x08003714        0x8 ./Core/Src/stm32h7xx_it.o
                0x08003714                UsageFault_Handler
 .text.SVC_Handler
                0x0800371c        0xe ./Core/Src/stm32h7xx_it.o
                0x0800371c                SVC_Handler
 .text.DebugMon_Handler
                0x0800372a        0xe ./Core/Src/stm32h7xx_it.o
                0x0800372a                DebugMon_Handler
 .text.PendSV_Handler
                0x08003738        0xe ./Core/Src/stm32h7xx_it.o
                0x08003738                PendSV_Handler
 .text.SysTick_Handler
                0x08003746        0xc ./Core/Src/stm32h7xx_it.o
                0x08003746                SysTick_Handler
 .text.RCC_IRQHandler
                0x08003752        0xe ./Core/Src/stm32h7xx_it.o
                0x08003752                RCC_IRQHandler
 .text.DMA1_Stream0_IRQHandler
                0x08003760       0x14 ./Core/Src/stm32h7xx_it.o
                0x08003760                DMA1_Stream0_IRQHandler
 .text.DMA1_Stream1_IRQHandler
                0x08003774       0x14 ./Core/Src/stm32h7xx_it.o
                0x08003774                DMA1_Stream1_IRQHandler
 .text.DMA1_Stream2_IRQHandler
                0x08003788       0x14 ./Core/Src/stm32h7xx_it.o
                0x08003788                DMA1_Stream2_IRQHandler
 .text.DMA1_Stream3_IRQHandler
                0x0800379c       0x14 ./Core/Src/stm32h7xx_it.o
                0x0800379c                DMA1_Stream3_IRQHandler
 .text.DMA1_Stream4_IRQHandler
                0x080037b0       0x14 ./Core/Src/stm32h7xx_it.o
                0x080037b0                DMA1_Stream4_IRQHandler
 .text.DMA1_Stream5_IRQHandler
                0x080037c4       0x14 ./Core/Src/stm32h7xx_it.o
                0x080037c4                DMA1_Stream5_IRQHandler
 .text.ADC_IRQHandler
                0x080037d8       0x1c ./Core/Src/stm32h7xx_it.o
                0x080037d8                ADC_IRQHandler
 .text.USART1_IRQHandler
                0x080037f4       0x14 ./Core/Src/stm32h7xx_it.o
                0x080037f4                USART1_IRQHandler
 .text.USART3_IRQHandler
                0x08003808       0x14 ./Core/Src/stm32h7xx_it.o
                0x08003808                USART3_IRQHandler
 .text.TIM8_UP_TIM13_IRQHandler
                0x0800381c       0x1c ./Core/Src/stm32h7xx_it.o
                0x0800381c                TIM8_UP_TIM13_IRQHandler
 .text.TIM6_DAC_IRQHandler
                0x08003838       0x14 ./Core/Src/stm32h7xx_it.o
                0x08003838                TIM6_DAC_IRQHandler
 .text.TIM7_IRQHandler
                0x0800384c       0x14 ./Core/Src/stm32h7xx_it.o
                0x0800384c                TIM7_IRQHandler
 .text.ADC3_IRQHandler
                0x08003860       0x14 ./Core/Src/stm32h7xx_it.o
                0x08003860                ADC3_IRQHandler
 .text._sbrk    0x08003874       0x6c ./Core/Src/sysmem.o
                0x08003874                _sbrk
 .text.SystemInit
                0x080038e0      0x120 ./Core/Src/system_stm32h7xx.o
                0x080038e0                SystemInit
 .text.ExitRun0Mode
                0x08003a00       0x30 ./Core/Src/system_stm32h7xx.o
                0x08003a00                ExitRun0Mode
 .text.Reset_Handler
                0x08003a30       0x54 ./Core/Startup/startup_stm32h723zgtx.o
                0x08003a30                Reset_Handler
 .text.Default_Handler
                0x08003a84        0x2 ./Core/Startup/startup_stm32h723zgtx.o
                0x08003a84                RTC_Alarm_IRQHandler
                0x08003a84                EXTI2_IRQHandler
                0x08003a84                TIM8_CC_IRQHandler
                0x08003a84                UART8_IRQHandler
                0x08003a84                SPI4_IRQHandler
                0x08003a84                FDCAN3_IT0_IRQHandler
                0x08003a84                TIM1_CC_IRQHandler
                0x08003a84                BDMA_Channel6_IRQHandler
                0x08003a84                DMA2_Stream5_IRQHandler
                0x08003a84                CORDIC_IRQHandler
                0x08003a84                BDMA_Channel1_IRQHandler
                0x08003a84                TAMP_STAMP_IRQHandler
                0x08003a84                EXTI3_IRQHandler
                0x08003a84                LPTIM4_IRQHandler
                0x08003a84                TIM8_TRG_COM_TIM14_IRQHandler
                0x08003a84                LPTIM2_IRQHandler
                0x08003a84                DFSDM1_FLT1_IRQHandler
                0x08003a84                DMAMUX2_OVR_IRQHandler
                0x08003a84                I2C3_ER_IRQHandler
                0x08003a84                DFSDM1_FLT2_IRQHandler
                0x08003a84                I2C5_EV_IRQHandler
                0x08003a84                USART10_IRQHandler
                0x08003a84                MDMA_IRQHandler
                0x08003a84                LPTIM3_IRQHandler
                0x08003a84                HSEM1_IRQHandler
                0x08003a84                EXTI0_IRQHandler
                0x08003a84                I2C2_EV_IRQHandler
                0x08003a84                FPU_IRQHandler
                0x08003a84                OTG_HS_WKUP_IRQHandler
                0x08003a84                FDCAN1_IT1_IRQHandler
                0x08003a84                LTDC_ER_IRQHandler
                0x08003a84                DMA2_Stream2_IRQHandler
                0x08003a84                SPI1_IRQHandler
                0x08003a84                OCTOSPI1_IRQHandler
                0x08003a84                DMA2_Stream3_IRQHandler
                0x08003a84                OCTOSPI2_IRQHandler
                0x08003a84                DFSDM1_FLT3_IRQHandler
                0x08003a84                TIM23_IRQHandler
                0x08003a84                USART6_IRQHandler
                0x08003a84                TIM17_IRQHandler
                0x08003a84                BDMA_Channel7_IRQHandler
                0x08003a84                LPTIM5_IRQHandler
                0x08003a84                UART5_IRQHandler
                0x08003a84                DMA2_Stream0_IRQHandler
                0x08003a84                TIM4_IRQHandler
                0x08003a84                BDMA_Channel2_IRQHandler
                0x08003a84                I2C1_EV_IRQHandler
                0x08003a84                DMA1_Stream6_IRQHandler
                0x08003a84                DMAMUX1_OVR_IRQHandler
                0x08003a84                TIM16_IRQHandler
                0x08003a84                UART4_IRQHandler
                0x08003a84                BDMA_Channel5_IRQHandler
                0x08003a84                TIM3_IRQHandler
                0x08003a84                UART9_IRQHandler
                0x08003a84                TIM8_BRK_TIM12_IRQHandler
                0x08003a84                TIM1_TRG_COM_IRQHandler
                0x08003a84                Default_Handler
                0x08003a84                ECC_IRQHandler
                0x08003a84                FMAC_IRQHandler
                0x08003a84                CEC_IRQHandler
                0x08003a84                EXTI15_10_IRQHandler
                0x08003a84                BDMA_Channel0_IRQHandler
                0x08003a84                I2C5_ER_IRQHandler
                0x08003a84                DMA1_Stream7_IRQHandler
                0x08003a84                SPI5_IRQHandler
                0x08003a84                FDCAN3_IT1_IRQHandler
                0x08003a84                SDMMC1_IRQHandler
                0x08003a84                TIM5_IRQHandler
                0x08003a84                DMA2_Stream7_IRQHandler
                0x08003a84                TIM15_IRQHandler
                0x08003a84                PVD_AVD_IRQHandler
                0x08003a84                I2C3_EV_IRQHandler
                0x08003a84                EXTI9_5_IRQHandler
                0x08003a84                RTC_WKUP_IRQHandler
                0x08003a84                LTDC_IRQHandler
                0x08003a84                ETH_WKUP_IRQHandler
                0x08003a84                SPDIF_RX_IRQHandler
                0x08003a84                SPI2_IRQHandler
                0x08003a84                OTG_HS_EP1_IN_IRQHandler
                0x08003a84                TIM24_IRQHandler
                0x08003a84                CRS_IRQHandler
                0x08003a84                EXTI4_IRQHandler
                0x08003a84                RNG_IRQHandler
                0x08003a84                FDCAN2_IT1_IRQHandler
                0x08003a84                ETH_IRQHandler
                0x08003a84                TIM1_UP_IRQHandler
                0x08003a84                BDMA_Channel4_IRQHandler
                0x08003a84                OTG_HS_EP1_OUT_IRQHandler
                0x08003a84                WWDG_IRQHandler
                0x08003a84                SPI6_IRQHandler
                0x08003a84                MDIOS_IRQHandler
                0x08003a84                I2C4_EV_IRQHandler
                0x08003a84                FDCAN2_IT0_IRQHandler
                0x08003a84                LPUART1_IRQHandler
                0x08003a84                FDCAN1_IT0_IRQHandler
                0x08003a84                TIM2_IRQHandler
                0x08003a84                OTG_HS_IRQHandler
                0x08003a84                DMA2D_IRQHandler
                0x08003a84                TIM1_BRK_IRQHandler
                0x08003a84                EXTI1_IRQHandler
                0x08003a84                SDMMC2_IRQHandler
                0x08003a84                BDMA_Channel3_IRQHandler
                0x08003a84                DTS_IRQHandler
                0x08003a84                UART7_IRQHandler
                0x08003a84                MDIOS_WKUP_IRQHandler
                0x08003a84                USART2_IRQHandler
                0x08003a84                DFSDM1_FLT0_IRQHandler
                0x08003a84                SAI4_IRQHandler
                0x08003a84                I2C2_ER_IRQHandler
                0x08003a84                DMA2_Stream1_IRQHandler
                0x08003a84                FLASH_IRQHandler
                0x08003a84                DMA2_Stream4_IRQHandler
                0x08003a84                SPI3_IRQHandler
                0x08003a84                WAKEUP_PIN_IRQHandler
                0x08003a84                I2C1_ER_IRQHandler
                0x08003a84                FMC_IRQHandler
                0x08003a84                FDCAN_CAL_IRQHandler
                0x08003a84                SWPMI1_IRQHandler
                0x08003a84                COMP1_IRQHandler
                0x08003a84                LPTIM1_IRQHandler
                0x08003a84                DCMI_PSSI_IRQHandler
                0x08003a84                I2C4_ER_IRQHandler
                0x08003a84                DMA2_Stream6_IRQHandler
                0x08003a84                SAI1_IRQHandler
 *fill*         0x08003a86        0x2 
 .text.HAL_Init
                0x08003a88       0x78 ./Drivers/STM32H7xx_HAL_Driver/Src/stm32h7xx_hal.o
                0x08003a88                HAL_Init
 .text.HAL_InitTick
                0x08003b00       0x6c ./Drivers/STM32H7xx_HAL_Driver/Src/stm32h7xx_hal.o
                0x08003b00                HAL_InitTick
 .text.HAL_IncTick
                0x08003b6c       0x28 ./Drivers/STM32H7xx_HAL_Driver/Src/stm32h7xx_hal.o
                0x08003b6c                HAL_IncTick
 .text.HAL_GetTick
                0x08003b94       0x18 ./Drivers/STM32H7xx_HAL_Driver/Src/stm32h7xx_hal.o
                0x08003b94                HAL_GetTick
 .text.HAL_SYSCFG_AnalogSwitchConfig
                0x08003bac       0x2c ./Drivers/STM32H7xx_HAL_Driver/Src/stm32h7xx_hal.o
                0x08003bac                HAL_SYSCFG_AnalogSwitchConfig
 .text.LL_ADC_SetCommonClock
                0x08003bd8       0x26 ./Drivers/STM32H7xx_HAL_Driver/Src/stm32h7xx_hal_adc.o
 .text.LL_ADC_SetCommonPathInternalCh
                0x08003bfe       0x26 ./Drivers/STM32H7xx_HAL_Driver/Src/stm32h7xx_hal_adc.o
 .text.LL_ADC_GetCommonPathInternalCh
                0x08003c24       0x1c ./Drivers/STM32H7xx_HAL_Driver/Src/stm32h7xx_hal_adc.o
 .text.LL_ADC_SetChannelPreselection
                0x08003c40       0x74 ./Drivers/STM32H7xx_HAL_Driver/Src/stm32h7xx_hal_adc.o
 .text.LL_ADC_SetOffset
                0x08003cb4       0x64 ./Drivers/STM32H7xx_HAL_Driver/Src/stm32h7xx_hal_adc.o
 .text.LL_ADC_GetOffsetChannel
                0x08003d18       0x2c ./Drivers/STM32H7xx_HAL_Driver/Src/stm32h7xx_hal_adc.o
 .text.LL_ADC_SetDataRightShift
                0x08003d44       0x32 ./Drivers/STM32H7xx_HAL_Driver/Src/stm32h7xx_hal_adc.o
 *fill*         0x08003d76        0x2 
 .text.LL_ADC_SetOffsetSignedSaturation
                0x08003d78       0x44 ./Drivers/STM32H7xx_HAL_Driver/Src/stm32h7xx_hal_adc.o
 .text.LL_ADC_SetOffsetSaturation
                0x08003dbc       0x44 ./Drivers/STM32H7xx_HAL_Driver/Src/stm32h7xx_hal_adc.o
 .text.LL_ADC_SetOffsetSign
                0x08003e00       0x44 ./Drivers/STM32H7xx_HAL_Driver/Src/stm32h7xx_hal_adc.o
 .text.LL_ADC_SetOffsetState
                0x08003e44       0x54 ./Drivers/STM32H7xx_HAL_Driver/Src/stm32h7xx_hal_adc.o
 .text.LL_ADC_REG_IsTriggerSourceSWStart
                0x08003e98       0x26 ./Drivers/STM32H7xx_HAL_Driver/Src/stm32h7xx_hal_adc.o
 .text.LL_ADC_REG_SetSequencerRanks
                0x08003ebe       0x58 ./Drivers/STM32H7xx_HAL_Driver/Src/stm32h7xx_hal_adc.o
 .text.LL_ADC_REG_SetDataTransferMode
                0x08003f16       0x26 ./Drivers/STM32H7xx_HAL_Driver/Src/stm32h7xx_hal_adc.o
 .text.LL_ADC_EnableDMAReq
                0x08003f3c       0x20 ./Drivers/STM32H7xx_HAL_Driver/Src/stm32h7xx_hal_adc.o
 .text.LL_ADC_REG_SetDMATransferMode
                0x08003f5c       0x34 ./Drivers/STM32H7xx_HAL_Driver/Src/stm32h7xx_hal_adc.o
 .text.LL_ADC_INJ_IsTriggerSourceSWStart
                0x08003f90       0x26 ./Drivers/STM32H7xx_HAL_Driver/Src/stm32h7xx_hal_adc.o
 .text.LL_ADC_SetChannelSamplingTime
                0x08003fb6       0x56 ./Drivers/STM32H7xx_HAL_Driver/Src/stm32h7xx_hal_adc.o
 .text.LL_ADC_SetChannelSingleDiff
                0x0800400c       0x80 ./Drivers/STM32H7xx_HAL_Driver/Src/stm32h7xx_hal_adc.o
 .text.LL_ADC_GetMultimode
                0x0800408c       0x1c ./Drivers/STM32H7xx_HAL_Driver/Src/stm32h7xx_hal_adc.o
 .text.LL_ADC_GetMultiDMATransfer
                0x080040a8       0x1c ./Drivers/STM32H7xx_HAL_Driver/Src/stm32h7xx_hal_adc.o
 .text.LL_ADC_DisableDeepPowerDown
                0x080040c4       0x24 ./Drivers/STM32H7xx_HAL_Driver/Src/stm32h7xx_hal_adc.o
 .text.LL_ADC_IsDeepPowerDownEnabled
                0x080040e8       0x28 ./Drivers/STM32H7xx_HAL_Driver/Src/stm32h7xx_hal_adc.o
 .text.LL_ADC_EnableInternalRegulator
                0x08004110       0x28 ./Drivers/STM32H7xx_HAL_Driver/Src/stm32h7xx_hal_adc.o
 .text.LL_ADC_IsInternalRegulatorEnabled
                0x08004138       0x28 ./Drivers/STM32H7xx_HAL_Driver/Src/stm32h7xx_hal_adc.o
 .text.LL_ADC_Enable
                0x08004160       0x28 ./Drivers/STM32H7xx_HAL_Driver/Src/stm32h7xx_hal_adc.o
 .text.LL_ADC_IsEnabled
                0x08004188       0x26 ./Drivers/STM32H7xx_HAL_Driver/Src/stm32h7xx_hal_adc.o
 *fill*         0x080041ae        0x2 
 .text.LL_ADC_REG_StartConversion
                0x080041b0       0x28 ./Drivers/STM32H7xx_HAL_Driver/Src/stm32h7xx_hal_adc.o
 .text.LL_ADC_REG_IsConversionOngoing
                0x080041d8       0x26 ./Drivers/STM32H7xx_HAL_Driver/Src/stm32h7xx_hal_adc.o
 .text.LL_ADC_INJ_IsConversionOngoing
                0x080041fe       0x26 ./Drivers/STM32H7xx_HAL_Driver/Src/stm32h7xx_hal_adc.o
 .text.HAL_ADC_Init
                0x08004224      0x410 ./Drivers/STM32H7xx_HAL_Driver/Src/stm32h7xx_hal_adc.o
                0x08004224                HAL_ADC_Init
 .text.HAL_ADC_Start_DMA
                0x08004634      0x1b8 ./Drivers/STM32H7xx_HAL_Driver/Src/stm32h7xx_hal_adc.o
                0x08004634                HAL_ADC_Start_DMA
 .text.HAL_ADC_IRQHandler
                0x080047ec      0x474 ./Drivers/STM32H7xx_HAL_Driver/Src/stm32h7xx_hal_adc.o
                0x080047ec                HAL_ADC_IRQHandler
 .text.HAL_ADC_ConvHalfCpltCallback
                0x08004c60       0x14 ./Drivers/STM32H7xx_HAL_Driver/Src/stm32h7xx_hal_adc.o
                0x08004c60                HAL_ADC_ConvHalfCpltCallback
 .text.HAL_ADC_LevelOutOfWindowCallback
                0x08004c74       0x14 ./Drivers/STM32H7xx_HAL_Driver/Src/stm32h7xx_hal_adc.o
                0x08004c74                HAL_ADC_LevelOutOfWindowCallback
 .text.HAL_ADC_ErrorCallback
                0x08004c88       0x14 ./Drivers/STM32H7xx_HAL_Driver/Src/stm32h7xx_hal_adc.o
                0x08004c88                HAL_ADC_ErrorCallback
 .text.HAL_ADC_ConfigChannel
                0x08004c9c      0x9a8 ./Drivers/STM32H7xx_HAL_Driver/Src/stm32h7xx_hal_adc.o
                0x08004c9c                HAL_ADC_ConfigChannel
 .text.ADC_Enable
                0x08005644      0x114 ./Drivers/STM32H7xx_HAL_Driver/Src/stm32h7xx_hal_adc.o
                0x08005644                ADC_Enable
 .text.ADC_DMAConvCplt
                0x08005758       0xd8 ./Drivers/STM32H7xx_HAL_Driver/Src/stm32h7xx_hal_adc.o
                0x08005758                ADC_DMAConvCplt
 .text.ADC_DMAHalfConvCplt
                0x08005830       0x1c ./Drivers/STM32H7xx_HAL_Driver/Src/stm32h7xx_hal_adc.o
                0x08005830                ADC_DMAHalfConvCplt
 .text.ADC_DMAError
                0x0800584c       0x34 ./Drivers/STM32H7xx_HAL_Driver/Src/stm32h7xx_hal_adc.o
                0x0800584c                ADC_DMAError
 .text.ADC_ConfigureBoostMode
                0x08005880      0x1dc ./Drivers/STM32H7xx_HAL_Driver/Src/stm32h7xx_hal_adc.o
                0x08005880                ADC_ConfigureBoostMode
 .text.LL_ADC_IsEnabled
                0x08005a5c       0x26 ./Drivers/STM32H7xx_HAL_Driver/Src/stm32h7xx_hal_adc_ex.o
 .text.LL_ADC_REG_IsConversionOngoing
                0x08005a82       0x26 ./Drivers/STM32H7xx_HAL_Driver/Src/stm32h7xx_hal_adc_ex.o
 .text.HAL_ADCEx_InjectedConvCpltCallback
                0x08005aa8       0x14 ./Drivers/STM32H7xx_HAL_Driver/Src/stm32h7xx_hal_adc_ex.o
                0x08005aa8                HAL_ADCEx_InjectedConvCpltCallback
 .text.HAL_ADCEx_InjectedQueueOverflowCallback
                0x08005abc       0x14 ./Drivers/STM32H7xx_HAL_Driver/Src/stm32h7xx_hal_adc_ex.o
                0x08005abc                HAL_ADCEx_InjectedQueueOverflowCallback
 .text.HAL_ADCEx_LevelOutOfWindow2Callback
                0x08005ad0       0x14 ./Drivers/STM32H7xx_HAL_Driver/Src/stm32h7xx_hal_adc_ex.o
                0x08005ad0                HAL_ADCEx_LevelOutOfWindow2Callback
 .text.HAL_ADCEx_LevelOutOfWindow3Callback
                0x08005ae4       0x14 ./Drivers/STM32H7xx_HAL_Driver/Src/stm32h7xx_hal_adc_ex.o
                0x08005ae4                HAL_ADCEx_LevelOutOfWindow3Callback
 .text.HAL_ADCEx_EndOfSamplingCallback
                0x08005af8       0x14 ./Drivers/STM32H7xx_HAL_Driver/Src/stm32h7xx_hal_adc_ex.o
                0x08005af8                HAL_ADCEx_EndOfSamplingCallback
 .text.HAL_ADCEx_MultiModeConfigChannel
                0x08005b0c      0x1c4 ./Drivers/STM32H7xx_HAL_Driver/Src/stm32h7xx_hal_adc_ex.o
                0x08005b0c                HAL_ADCEx_MultiModeConfigChannel
 .text.__NVIC_SetPriorityGrouping
                0x08005cd0       0x48 ./Drivers/STM32H7xx_HAL_Driver/Src/stm32h7xx_hal_cortex.o
 .text.__NVIC_GetPriorityGrouping
                0x08005d18       0x1c ./Drivers/STM32H7xx_HAL_Driver/Src/stm32h7xx_hal_cortex.o
 .text.__NVIC_EnableIRQ
                0x08005d34       0x3c ./Drivers/STM32H7xx_HAL_Driver/Src/stm32h7xx_hal_cortex.o
 .text.__NVIC_SetPriority
                0x08005d70       0x54 ./Drivers/STM32H7xx_HAL_Driver/Src/stm32h7xx_hal_cortex.o
 .text.NVIC_EncodePriority
                0x08005dc4       0x66 ./Drivers/STM32H7xx_HAL_Driver/Src/stm32h7xx_hal_cortex.o
 *fill*         0x08005e2a        0x2 
 .text.SysTick_Config
                0x08005e2c       0x44 ./Drivers/STM32H7xx_HAL_Driver/Src/stm32h7xx_hal_cortex.o
 .text.HAL_NVIC_SetPriorityGrouping
                0x08005e70       0x16 ./Drivers/STM32H7xx_HAL_Driver/Src/stm32h7xx_hal_cortex.o
                0x08005e70                HAL_NVIC_SetPriorityGrouping
 .text.HAL_NVIC_SetPriority
                0x08005e86       0x34 ./Drivers/STM32H7xx_HAL_Driver/Src/stm32h7xx_hal_cortex.o
                0x08005e86                HAL_NVIC_SetPriority
 .text.HAL_NVIC_EnableIRQ
                0x08005eba       0x1c ./Drivers/STM32H7xx_HAL_Driver/Src/stm32h7xx_hal_cortex.o
                0x08005eba                HAL_NVIC_EnableIRQ
 .text.HAL_SYSTICK_Config
                0x08005ed6       0x18 ./Drivers/STM32H7xx_HAL_Driver/Src/stm32h7xx_hal_cortex.o
                0x08005ed6                HAL_SYSTICK_Config
 *fill*         0x08005eee        0x2 
 .text.HAL_DMA_Init
                0x08005ef0      0x6b0 ./Drivers/STM32H7xx_HAL_Driver/Src/stm32h7xx_hal_dma.o
                0x08005ef0                HAL_DMA_Init
 .text.HAL_DMA_Start_IT
                0x080065a0      0x4d4 ./Drivers/STM32H7xx_HAL_Driver/Src/stm32h7xx_hal_dma.o
                0x080065a0                HAL_DMA_Start_IT
 .text.HAL_DMA_Abort
                0x08006a74      0x63c ./Drivers/STM32H7xx_HAL_Driver/Src/stm32h7xx_hal_dma.o
                0x08006a74                HAL_DMA_Abort
 .text.HAL_DMA_Abort_IT
                0x080070b0      0x48c ./Drivers/STM32H7xx_HAL_Driver/Src/stm32h7xx_hal_dma.o
                0x080070b0                HAL_DMA_Abort_IT
 .text.HAL_DMA_IRQHandler
                0x0800753c      0xe54 ./Drivers/STM32H7xx_HAL_Driver/Src/stm32h7xx_hal_dma.o
                0x0800753c                HAL_DMA_IRQHandler
 .text.DMA_SetConfig
                0x08008390      0x358 ./Drivers/STM32H7xx_HAL_Driver/Src/stm32h7xx_hal_dma.o
 .text.DMA_CalcBaseAndBitshift
                0x080086e8      0x164 ./Drivers/STM32H7xx_HAL_Driver/Src/stm32h7xx_hal_dma.o
 .text.DMA_CheckFifoParam
                0x0800884c       0xf8 ./Drivers/STM32H7xx_HAL_Driver/Src/stm32h7xx_hal_dma.o
 .text.DMA_CalcDMAMUXChannelBaseAndMask
                0x08008944      0x134 ./Drivers/STM32H7xx_HAL_Driver/Src/stm32h7xx_hal_dma.o
 .text.DMA_CalcDMAMUXRequestGenBaseAndMask
                0x08008a78       0xe8 ./Drivers/STM32H7xx_HAL_Driver/Src/stm32h7xx_hal_dma.o
 .text.HAL_GPIO_Init
                0x08008b60      0x350 ./Drivers/STM32H7xx_HAL_Driver/Src/stm32h7xx_hal_gpio.o
                0x08008b60                HAL_GPIO_Init
 .text.HAL_GPIO_WritePin
                0x08008eb0       0x32 ./Drivers/STM32H7xx_HAL_Driver/Src/stm32h7xx_hal_gpio.o
                0x08008eb0                HAL_GPIO_WritePin
 *fill*         0x08008ee2        0x2 
 .text.HAL_I2C_Init
                0x08008ee4      0x138 ./Drivers/STM32H7xx_HAL_Driver/Src/stm32h7xx_hal_i2c.o
                0x08008ee4                HAL_I2C_Init
 .text.HAL_I2CEx_ConfigAnalogFilter
                0x0800901c       0x96 ./Drivers/STM32H7xx_HAL_Driver/Src/stm32h7xx_hal_i2c_ex.o
                0x0800901c                HAL_I2CEx_ConfigAnalogFilter
 .text.HAL_I2CEx_ConfigDigitalFilter
                0x080090b2       0x98 ./Drivers/STM32H7xx_HAL_Driver/Src/stm32h7xx_hal_i2c_ex.o
                0x080090b2                HAL_I2CEx_ConfigDigitalFilter
 *fill*         0x0800914a        0x2 
 .text.HAL_PWREx_ConfigSupply
                0x0800914c       0x74 ./Drivers/STM32H7xx_HAL_Driver/Src/stm32h7xx_hal_pwr_ex.o
                0x0800914c                HAL_PWREx_ConfigSupply
 .text.HAL_RCC_OscConfig
                0x080091c0      0x7b4 ./Drivers/STM32H7xx_HAL_Driver/Src/stm32h7xx_hal_rcc.o
                0x080091c0                HAL_RCC_OscConfig
 .text.HAL_RCC_ClockConfig
                0x08009974      0x36c ./Drivers/STM32H7xx_HAL_Driver/Src/stm32h7xx_hal_rcc.o
                0x08009974                HAL_RCC_ClockConfig
 .text.HAL_RCC_GetSysClockFreq
                0x08009ce0      0x2f4 ./Drivers/STM32H7xx_HAL_Driver/Src/stm32h7xx_hal_rcc.o
                0x08009ce0                HAL_RCC_GetSysClockFreq
 .text.HAL_RCC_GetHCLKFreq
                0x08009fd4       0x60 ./Drivers/STM32H7xx_HAL_Driver/Src/stm32h7xx_hal_rcc.o
                0x08009fd4                HAL_RCC_GetHCLKFreq
 .text.HAL_RCC_GetPCLK1Freq
                0x0800a034       0x2c ./Drivers/STM32H7xx_HAL_Driver/Src/stm32h7xx_hal_rcc.o
                0x0800a034                HAL_RCC_GetPCLK1Freq
 .text.HAL_RCC_GetPCLK2Freq
                0x0800a060       0x2c ./Drivers/STM32H7xx_HAL_Driver/Src/stm32h7xx_hal_rcc.o
                0x0800a060                HAL_RCC_GetPCLK2Freq
 .text.HAL_RCCEx_PeriphCLKConfig
                0x0800a08c     0x1340 ./Drivers/STM32H7xx_HAL_Driver/Src/stm32h7xx_hal_rcc_ex.o
                0x0800a08c                HAL_RCCEx_PeriphCLKConfig
 .text.HAL_RCCEx_GetPeriphCLKFreq
                0x0800b3cc      0x9a4 ./Drivers/STM32H7xx_HAL_Driver/Src/stm32h7xx_hal_rcc_ex.o
                0x0800b3cc                HAL_RCCEx_GetPeriphCLKFreq
 .text.HAL_RCCEx_GetD3PCLK1Freq
                0x0800bd70       0x2c ./Drivers/STM32H7xx_HAL_Driver/Src/stm32h7xx_hal_rcc_ex.o
                0x0800bd70                HAL_RCCEx_GetD3PCLK1Freq
 .text.HAL_RCCEx_GetPLL2ClockFreq
                0x0800bd9c      0x2a8 ./Drivers/STM32H7xx_HAL_Driver/Src/stm32h7xx_hal_rcc_ex.o
                0x0800bd9c                HAL_RCCEx_GetPLL2ClockFreq
 .text.HAL_RCCEx_GetPLL3ClockFreq
                0x0800c044      0x2a8 ./Drivers/STM32H7xx_HAL_Driver/Src/stm32h7xx_hal_rcc_ex.o
                0x0800c044                HAL_RCCEx_GetPLL3ClockFreq
 .text.HAL_RCCEx_GetPLL1ClockFreq
                0x0800c2ec      0x2a4 ./Drivers/STM32H7xx_HAL_Driver/Src/stm32h7xx_hal_rcc_ex.o
                0x0800c2ec                HAL_RCCEx_GetPLL1ClockFreq
 .text.RCCEx_PLL2_Config
                0x0800c590      0x164 ./Drivers/STM32H7xx_HAL_Driver/Src/stm32h7xx_hal_rcc_ex.o
 .text.RCCEx_PLL3_Config
                0x0800c6f4      0x164 ./Drivers/STM32H7xx_HAL_Driver/Src/stm32h7xx_hal_rcc_ex.o
 .text.HAL_TIM_Base_Init
                0x0800c858       0xae ./Drivers/STM32H7xx_HAL_Driver/Src/stm32h7xx_hal_tim.o
                0x0800c858                HAL_TIM_Base_Init
 *fill*         0x0800c906        0x2 
 .text.HAL_TIM_Base_Start_IT
                0x0800c908      0x10c ./Drivers/STM32H7xx_HAL_Driver/Src/stm32h7xx_hal_tim.o
                0x0800c908                HAL_TIM_Base_Start_IT
 .text.HAL_TIM_PWM_Init
                0x0800ca14       0xae ./Drivers/STM32H7xx_HAL_Driver/Src/stm32h7xx_hal_tim.o
                0x0800ca14                HAL_TIM_PWM_Init
 *fill*         0x0800cac2        0x2 
 .text.HAL_TIM_PWM_Start_IT
                0x0800cac4      0x2d0 ./Drivers/STM32H7xx_HAL_Driver/Src/stm32h7xx_hal_tim.o
                0x0800cac4                HAL_TIM_PWM_Start_IT
 .text.HAL_TIM_Encoder_Init
                0x0800cd94      0x14c ./Drivers/STM32H7xx_HAL_Driver/Src/stm32h7xx_hal_tim.o
                0x0800cd94                HAL_TIM_Encoder_Init
 .text.HAL_TIM_Encoder_Start
                0x0800cee0      0x11c ./Drivers/STM32H7xx_HAL_Driver/Src/stm32h7xx_hal_tim.o
                0x0800cee0                HAL_TIM_Encoder_Start
 .text.HAL_TIM_IRQHandler
                0x0800cffc      0x20e ./Drivers/STM32H7xx_HAL_Driver/Src/stm32h7xx_hal_tim.o
                0x0800cffc                HAL_TIM_IRQHandler
 *fill*         0x0800d20a        0x2 
 .text.HAL_TIM_PWM_ConfigChannel
                0x0800d20c      0x228 ./Drivers/STM32H7xx_HAL_Driver/Src/stm32h7xx_hal_tim.o
                0x0800d20c                HAL_TIM_PWM_ConfigChannel
 .text.HAL_TIM_OC_DelayElapsedCallback
                0x0800d434       0x14 ./Drivers/STM32H7xx_HAL_Driver/Src/stm32h7xx_hal_tim.o
                0x0800d434                HAL_TIM_OC_DelayElapsedCallback
 .text.HAL_TIM_IC_CaptureCallback
                0x0800d448       0x14 ./Drivers/STM32H7xx_HAL_Driver/Src/stm32h7xx_hal_tim.o
                0x0800d448                HAL_TIM_IC_CaptureCallback
 .text.HAL_TIM_PWM_PulseFinishedCallback
                0x0800d45c       0x14 ./Drivers/STM32H7xx_HAL_Driver/Src/stm32h7xx_hal_tim.o
                0x0800d45c                HAL_TIM_PWM_PulseFinishedCallback
 .text.HAL_TIM_TriggerCallback
                0x0800d470       0x14 ./Drivers/STM32H7xx_HAL_Driver/Src/stm32h7xx_hal_tim.o
                0x0800d470                HAL_TIM_TriggerCallback
 .text.TIM_Base_SetConfig
                0x0800d484      0x158 ./Drivers/STM32H7xx_HAL_Driver/Src/stm32h7xx_hal_tim.o
                0x0800d484                TIM_Base_SetConfig
 .text.TIM_OC1_SetConfig
                0x0800d5dc      0x120 ./Drivers/STM32H7xx_HAL_Driver/Src/stm32h7xx_hal_tim.o
 .text.TIM_OC2_SetConfig
                0x0800d6fc      0x114 ./Drivers/STM32H7xx_HAL_Driver/Src/stm32h7xx_hal_tim.o
                0x0800d6fc                TIM_OC2_SetConfig
 .text.TIM_OC3_SetConfig
                0x0800d810      0x110 ./Drivers/STM32H7xx_HAL_Driver/Src/stm32h7xx_hal_tim.o
 .text.TIM_OC4_SetConfig
                0x0800d920       0xd4 ./Drivers/STM32H7xx_HAL_Driver/Src/stm32h7xx_hal_tim.o
 .text.TIM_OC5_SetConfig
                0x0800d9f4       0xc8 ./Drivers/STM32H7xx_HAL_Driver/Src/stm32h7xx_hal_tim.o
 .text.TIM_OC6_SetConfig
                0x0800dabc       0xcc ./Drivers/STM32H7xx_HAL_Driver/Src/stm32h7xx_hal_tim.o
 .text.TIM_CCxChannelCmd
                0x0800db88       0x4a ./Drivers/STM32H7xx_HAL_Driver/Src/stm32h7xx_hal_tim.o
                0x0800db88                TIM_CCxChannelCmd
 *fill*         0x0800dbd2        0x2 
 .text.HAL_TIMEx_MasterConfigSynchronization
                0x0800dbd4      0x138 ./Drivers/STM32H7xx_HAL_Driver/Src/stm32h7xx_hal_tim_ex.o
                0x0800dbd4                HAL_TIMEx_MasterConfigSynchronization
 .text.HAL_TIMEx_ConfigBreakDeadTime
                0x0800dd0c      0x118 ./Drivers/STM32H7xx_HAL_Driver/Src/stm32h7xx_hal_tim_ex.o
                0x0800dd0c                HAL_TIMEx_ConfigBreakDeadTime
 .text.HAL_TIMEx_CommutCallback
                0x0800de24       0x14 ./Drivers/STM32H7xx_HAL_Driver/Src/stm32h7xx_hal_tim_ex.o
                0x0800de24                HAL_TIMEx_CommutCallback
 .text.HAL_TIMEx_BreakCallback
                0x0800de38       0x14 ./Drivers/STM32H7xx_HAL_Driver/Src/stm32h7xx_hal_tim_ex.o
                0x0800de38                HAL_TIMEx_BreakCallback
 .text.HAL_TIMEx_Break2Callback
                0x0800de4c       0x14 ./Drivers/STM32H7xx_HAL_Driver/Src/stm32h7xx_hal_tim_ex.o
                0x0800de4c                HAL_TIMEx_Break2Callback
 .text.HAL_UART_Init
                0x0800de60       0xa0 ./Drivers/STM32H7xx_HAL_Driver/Src/stm32h7xx_hal_uart.o
                0x0800de60                HAL_UART_Init
 .text.HAL_UART_Transmit_DMA
                0x0800df00      0x100 ./Drivers/STM32H7xx_HAL_Driver/Src/stm32h7xx_hal_uart.o
                0x0800df00                HAL_UART_Transmit_DMA
 .text.HAL_UART_IRQHandler
                0x0800e000      0x7ac ./Drivers/STM32H7xx_HAL_Driver/Src/stm32h7xx_hal_uart.o
                0x0800e000                HAL_UART_IRQHandler
 .text.HAL_UART_TxCpltCallback
                0x0800e7ac       0x14 ./Drivers/STM32H7xx_HAL_Driver/Src/stm32h7xx_hal_uart.o
                0x0800e7ac                HAL_UART_TxCpltCallback
 .text.HAL_UART_TxHalfCpltCallback
                0x0800e7c0       0x14 ./Drivers/STM32H7xx_HAL_Driver/Src/stm32h7xx_hal_uart.o
                0x0800e7c0                HAL_UART_TxHalfCpltCallback
 .text.HAL_UART_ErrorCallback
                0x0800e7d4       0x14 ./Drivers/STM32H7xx_HAL_Driver/Src/stm32h7xx_hal_uart.o
                0x0800e7d4                HAL_UART_ErrorCallback
 .text.HAL_UARTEx_RxEventCallback
                0x0800e7e8       0x18 ./Drivers/STM32H7xx_HAL_Driver/Src/stm32h7xx_hal_uart.o
                0x0800e7e8                HAL_UARTEx_RxEventCallback
 .text.UART_SetConfig
                0x0800e800      0xcd8 ./Drivers/STM32H7xx_HAL_Driver/Src/stm32h7xx_hal_uart.o
                0x0800e800                UART_SetConfig
 .text.UART_AdvFeatureConfig
                0x0800f4d8      0x144 ./Drivers/STM32H7xx_HAL_Driver/Src/stm32h7xx_hal_uart.o
                0x0800f4d8                UART_AdvFeatureConfig
 .text.UART_CheckIdleState
                0x0800f61c      0x154 ./Drivers/STM32H7xx_HAL_Driver/Src/stm32h7xx_hal_uart.o
                0x0800f61c                UART_CheckIdleState
 .text.UART_WaitOnFlagUntilTimeout
                0x0800f770       0xda ./Drivers/STM32H7xx_HAL_Driver/Src/stm32h7xx_hal_uart.o
                0x0800f770                UART_WaitOnFlagUntilTimeout
 .text.UART_EndTxTransfer
                0x0800f84a       0x82 ./Drivers/STM32H7xx_HAL_Driver/Src/stm32h7xx_hal_uart.o
 .text.UART_EndRxTransfer
                0x0800f8cc       0xcc ./Drivers/STM32H7xx_HAL_Driver/Src/stm32h7xx_hal_uart.o
 .text.UART_DMATransmitCplt
                0x0800f998       0x96 ./Drivers/STM32H7xx_HAL_Driver/Src/stm32h7xx_hal_uart.o
 .text.UART_DMATxHalfCplt
                0x0800fa2e       0x1c ./Drivers/STM32H7xx_HAL_Driver/Src/stm32h7xx_hal_uart.o
 .text.UART_DMAError
                0x0800fa4a       0x80 ./Drivers/STM32H7xx_HAL_Driver/Src/stm32h7xx_hal_uart.o
 .text.UART_DMAAbortOnError
                0x0800faca       0x24 ./Drivers/STM32H7xx_HAL_Driver/Src/stm32h7xx_hal_uart.o
 .text.UART_EndTransmit_IT
                0x0800faee       0x56 ./Drivers/STM32H7xx_HAL_Driver/Src/stm32h7xx_hal_uart.o
 .text.HAL_UARTEx_WakeupCallback
                0x0800fb44       0x14 ./Drivers/STM32H7xx_HAL_Driver/Src/stm32h7xx_hal_uart_ex.o
                0x0800fb44                HAL_UARTEx_WakeupCallback
 .text.HAL_UARTEx_RxFifoFullCallback
                0x0800fb58       0x14 ./Drivers/STM32H7xx_HAL_Driver/Src/stm32h7xx_hal_uart_ex.o
                0x0800fb58                HAL_UARTEx_RxFifoFullCallback
 .text.HAL_UARTEx_TxFifoEmptyCallback
                0x0800fb6c       0x14 ./Drivers/STM32H7xx_HAL_Driver/Src/stm32h7xx_hal_uart_ex.o
                0x0800fb6c                HAL_UARTEx_TxFifoEmptyCallback
 .text.HAL_UARTEx_DisableFifoMode
                0x0800fb80       0x72 ./Drivers/STM32H7xx_HAL_Driver/Src/stm32h7xx_hal_uart_ex.o
                0x0800fb80                HAL_UARTEx_DisableFifoMode
 .text.HAL_UARTEx_SetTxFifoThreshold
                0x0800fbf2       0x7c ./Drivers/STM32H7xx_HAL_Driver/Src/stm32h7xx_hal_uart_ex.o
                0x0800fbf2                HAL_UARTEx_SetTxFifoThreshold
 .text.HAL_UARTEx_SetRxFifoThreshold
                0x0800fc6e       0x7c ./Drivers/STM32H7xx_HAL_Driver/Src/stm32h7xx_hal_uart_ex.o
                0x0800fc6e                HAL_UARTEx_SetRxFifoThreshold
 *fill*         0x0800fcea        0x2 
 .text.UARTEx_SetNbDataToProcess
                0x0800fcec       0x9c ./Drivers/STM32H7xx_HAL_Driver/Src/stm32h7xx_hal_uart_ex.o
 .text._ZN7VL53L0XC2EP12GPIO_TypeDefti
                0x0800fd88       0x30 ./Lifter/lifter.o
                0x0800fd88                VL53L0X::VL53L0X(GPIO_TypeDef*, unsigned short, int)
                0x0800fd88                VL53L0X::VL53L0X(GPIO_TypeDef*, unsigned short, int)
 .text._Z41__static_initialization_and_destruction_0v
                0x0800fdb8       0xdc ./Lifter/lifter.o
 .text._GLOBAL__sub_I_lifter_right_wheel
                0x0800fe94        0xa ./Lifter/lifter.o
 .text._ZSt4fabsf
                0x0800fe9e       0x20 ./Motor/DC_motor.o
                0x0800fe9e                std::fabs(float)
 *fill*         0x0800febe        0x2 
 .text._ZN8DC_motor6PI_runEv
                0x0800fec0      0x26c ./Motor/DC_motor.o
                0x0800fec0                DC_motor::PI_run()
 .text._ZN8DC_motor8setspeedEf
                0x0801012c       0x1e ./Motor/DC_motor.o
                0x0801012c                DC_motor::setspeed(float)
 .text._ZN8DC_motor12update_speedEi
                0x0801014a       0x70 ./Motor/DC_motor.o
                0x0801014a                DC_motor::update_speed(int)
 .text._ZN8DC_motor5setupEv
                0x080101ba       0x38 ./Motor/DC_motor.o
                0x080101ba                DC_motor::setup()
 .text._ZN3ros4TimeC2Ev
                0x080101f2       0x22 ./ROS1/ros1.o
                0x080101f2                ros::Time::Time()
                0x080101f2                ros::Time::Time()
 .text._ZN3ros3MsgC2Ev
                0x08010214       0x20 ./ROS1/ros1.o
                0x08010214                ros::Msg::Msg()
                0x08010214                ros::Msg::Msg()
 .text._ZN8std_msgs4TimeC2Ev
                0x08010234       0x30 ./ROS1/ros1.o
                0x08010234                std_msgs::Time::Time()
                0x08010234                std_msgs::Time::Time()
 .text._ZNK8std_msgs4Time9serializeEPh
                0x08010264       0xb0 ./ROS1/ros1.o
                0x08010264                std_msgs::Time::serialize(unsigned char*) const
 .text._ZN8std_msgs4Time11deserializeEPh
                0x08010314       0xc8 ./ROS1/ros1.o
                0x08010314                std_msgs::Time::deserialize(unsigned char*)
 .text._ZN8std_msgs4Time7getTypeEv
                0x080103dc       0x1c ./ROS1/ros1.o
                0x080103dc                std_msgs::Time::getType()
 .text._ZN8std_msgs4Time6getMD5Ev
                0x080103f8       0x1c ./ROS1/ros1.o
                0x080103f8                std_msgs::Time::getMD5()
 .text._ZN14rosserial_msgs9TopicInfoC2Ev
                0x08010414       0x48 ./ROS1/ros1.o
                0x08010414                rosserial_msgs::TopicInfo::TopicInfo()
                0x08010414                rosserial_msgs::TopicInfo::TopicInfo()
 .text._ZNK14rosserial_msgs9TopicInfo9serializeEPh
                0x0801045c      0x136 ./ROS1/ros1.o
                0x0801045c                rosserial_msgs::TopicInfo::serialize(unsigned char*) const
 .text._ZN14rosserial_msgs9TopicInfo11deserializeEPh
                0x08010592      0x1d2 ./ROS1/ros1.o
                0x08010592                rosserial_msgs::TopicInfo::deserialize(unsigned char*)
 .text._ZN14rosserial_msgs9TopicInfo7getTypeEv
                0x08010764       0x1c ./ROS1/ros1.o
                0x08010764                rosserial_msgs::TopicInfo::getType()
 .text._ZN14rosserial_msgs9TopicInfo6getMD5Ev
                0x08010780       0x1c ./ROS1/ros1.o
                0x08010780                rosserial_msgs::TopicInfo::getMD5()
 .text._ZN14rosserial_msgs3LogC2Ev
                0x0801079c       0x34 ./ROS1/ros1.o
                0x0801079c                rosserial_msgs::Log::Log()
                0x0801079c                rosserial_msgs::Log::Log()
 .text._ZNK14rosserial_msgs3Log9serializeEPh
                0x080107d0       0x64 ./ROS1/ros1.o
                0x080107d0                rosserial_msgs::Log::serialize(unsigned char*) const
 .text._ZN14rosserial_msgs3Log11deserializeEPh
                0x08010834       0x90 ./ROS1/ros1.o
                0x08010834                rosserial_msgs::Log::deserialize(unsigned char*)
 .text._ZN14rosserial_msgs3Log7getTypeEv
                0x080108c4       0x1c ./ROS1/ros1.o
                0x080108c4                rosserial_msgs::Log::getType()
 .text._ZN14rosserial_msgs3Log6getMD5Ev
                0x080108e0       0x1c ./ROS1/ros1.o
                0x080108e0                rosserial_msgs::Log::getMD5()
 .text._ZN14rosserial_msgs20RequestParamResponseC2Ev
                0x080108fc       0x48 ./ROS1/ros1.o
                0x080108fc                rosserial_msgs::RequestParamResponse::RequestParamResponse()
                0x080108fc                rosserial_msgs::RequestParamResponse::RequestParamResponse()
 .text._ZNK14rosserial_msgs20RequestParamResponse9serializeEPh
                0x08010944      0x222 ./ROS1/ros1.o
                0x08010944                rosserial_msgs::RequestParamResponse::serialize(unsigned char*) const
 .text._ZN14rosserial_msgs20RequestParamResponse11deserializeEPh
                0x08010b66      0x2e2 ./ROS1/ros1.o
                0x08010b66                rosserial_msgs::RequestParamResponse::deserialize(unsigned char*)
 .text._ZN14rosserial_msgs20RequestParamResponse7getTypeEv
                0x08010e48       0x1c ./ROS1/ros1.o
                0x08010e48                rosserial_msgs::RequestParamResponse::getType()
 .text._ZN14rosserial_msgs20RequestParamResponse6getMD5Ev
                0x08010e64       0x1c ./ROS1/ros1.o
                0x08010e64                rosserial_msgs::RequestParamResponse::getMD5()
 .text._ZN3ros9PublisherC2EPKcPNS_3MsgEi
                0x08010e80       0x2e ./ROS1/ros1.o
                0x08010e80                ros::Publisher::Publisher(char const*, ros::Msg*, int)
                0x08010e80                ros::Publisher::Publisher(char const*, ros::Msg*, int)
 .text._ZN3ros9Publisher15getEndpointTypeEv
                0x08010eae       0x18 ./ROS1/ros1.o
                0x08010eae                ros::Publisher::getEndpointType()
 *fill*         0x08010ec6        0x2 
 .text._ZN13STM32Hardware10getRdmaIndEv
                0x08010ec8      0x180 ./ROS1/ros1.o
                0x08010ec8                STM32Hardware::getRdmaInd()
 .text._ZN13STM32HardwareC2Ev
                0x08011048       0x40 ./ROS1/ros1.o
                0x08011048                STM32Hardware::STM32Hardware()
                0x08011048                STM32Hardware::STM32Hardware()
 .text._ZN13STM32Hardware4readEv
                0x08011088       0x64 ./ROS1/ros1.o
                0x08011088                STM32Hardware::read()
 .text._ZN13STM32Hardware5flushEv
                0x080110ec       0xd0 ./ROS1/ros1.o
                0x080110ec                STM32Hardware::flush()
 .text._ZN13STM32Hardware5writeEPhi
                0x080111bc       0xa2 ./ROS1/ros1.o
                0x080111bc                STM32Hardware::write(unsigned char*, int)
 .text._ZN13STM32Hardware4timeEv
                0x0801125e       0x16 ./ROS1/ros1.o
                0x0801125e                STM32Hardware::time()
 .text._ZN13geometry_msgs7Vector3C2Ev
                0x08011274       0x50 ./ROS1/ros1.o
                0x08011274                geometry_msgs::Vector3::Vector3()
                0x08011274                geometry_msgs::Vector3::Vector3()
 .text._ZNK13geometry_msgs7Vector39serializeEPh
                0x080112c4      0x2e6 ./ROS1/ros1.o
                0x080112c4                geometry_msgs::Vector3::serialize(unsigned char*) const
 .text._ZN13geometry_msgs7Vector311deserializeEPh
                0x080115aa      0x6be ./ROS1/ros1.o
                0x080115aa                geometry_msgs::Vector3::deserialize(unsigned char*)
 .text._ZN13geometry_msgs7Vector37getTypeEv
                0x08011c68       0x1c ./ROS1/ros1.o
                0x08011c68                geometry_msgs::Vector3::getType()
 .text._ZN13geometry_msgs7Vector36getMD5Ev
                0x08011c84       0x1c ./ROS1/ros1.o
                0x08011c84                geometry_msgs::Vector3::getMD5()
 .text._ZN13geometry_msgs5TwistC2Ev
                0x08011ca0       0x38 ./ROS1/ros1.o
                0x08011ca0                geometry_msgs::Twist::Twist()
                0x08011ca0                geometry_msgs::Twist::Twist()
 .text._ZNK13geometry_msgs5Twist9serializeEPh
                0x08011cd8       0x4c ./ROS1/ros1.o
                0x08011cd8                geometry_msgs::Twist::serialize(unsigned char*) const
 .text._ZN13geometry_msgs5Twist11deserializeEPh
                0x08011d24       0x4c ./ROS1/ros1.o
                0x08011d24                geometry_msgs::Twist::deserialize(unsigned char*)
 .text._ZN13geometry_msgs5Twist7getTypeEv
                0x08011d70       0x1c ./ROS1/ros1.o
                0x08011d70                geometry_msgs::Twist::getType()
 .text._ZN13geometry_msgs5Twist6getMD5Ev
                0x08011d8c       0x1c ./ROS1/ros1.o
                0x08011d8c                geometry_msgs::Twist::getMD5()
 .text._ZN13geometry_msgs5PointC2Ev
                0x08011da8       0x50 ./ROS1/ros1.o
                0x08011da8                geometry_msgs::Point::Point()
                0x08011da8                geometry_msgs::Point::Point()
 .text._ZNK13geometry_msgs5Point9serializeEPh
                0x08011df8      0x2e6 ./ROS1/ros1.o
                0x08011df8                geometry_msgs::Point::serialize(unsigned char*) const
 .text._ZN13geometry_msgs5Point11deserializeEPh
                0x080120de      0x6be ./ROS1/ros1.o
                0x080120de                geometry_msgs::Point::deserialize(unsigned char*)
 .text._ZN13geometry_msgs5Point7getTypeEv
                0x0801279c       0x1c ./ROS1/ros1.o
                0x0801279c                geometry_msgs::Point::getType()
 .text._ZN13geometry_msgs5Point6getMD5Ev
                0x080127b8       0x1c ./ROS1/ros1.o
                0x080127b8                geometry_msgs::Point::getMD5()
 .text._ZN13geometry_msgs10QuaternionC2Ev
                0x080127d4       0x5c ./ROS1/ros1.o
                0x080127d4                geometry_msgs::Quaternion::Quaternion()
                0x080127d4                geometry_msgs::Quaternion::Quaternion()
 .text._ZNK13geometry_msgs10Quaternion9serializeEPh
                0x08012830      0x3d4 ./ROS1/ros1.o
                0x08012830                geometry_msgs::Quaternion::serialize(unsigned char*) const
 .text._ZN13geometry_msgs10Quaternion11deserializeEPh
                0x08012c04      0x914 ./ROS1/ros1.o
                0x08012c04                geometry_msgs::Quaternion::deserialize(unsigned char*)
 .text._ZN13geometry_msgs10Quaternion7getTypeEv
                0x08013518       0x1c ./ROS1/ros1.o
                0x08013518                geometry_msgs::Quaternion::getType()
 .text._ZN13geometry_msgs10Quaternion6getMD5Ev
                0x08013534       0x1c ./ROS1/ros1.o
                0x08013534                geometry_msgs::Quaternion::getMD5()
 .text._ZN13geometry_msgs4PoseC2Ev
                0x08013550       0x38 ./ROS1/ros1.o
                0x08013550                geometry_msgs::Pose::Pose()
                0x08013550                geometry_msgs::Pose::Pose()
 .text._ZNK13geometry_msgs4Pose9serializeEPh
                0x08013588       0x4c ./ROS1/ros1.o
                0x08013588                geometry_msgs::Pose::serialize(unsigned char*) const
 .text._ZN13geometry_msgs4Pose11deserializeEPh
                0x080135d4       0x4c ./ROS1/ros1.o
                0x080135d4                geometry_msgs::Pose::deserialize(unsigned char*)
 .text._ZN13geometry_msgs4Pose7getTypeEv
                0x08013620       0x1c ./ROS1/ros1.o
                0x08013620                geometry_msgs::Pose::getType()
 .text._ZN13geometry_msgs4Pose6getMD5Ev
                0x0801363c       0x1c ./ROS1/ros1.o
                0x0801363c                geometry_msgs::Pose::getMD5()
 .text._ZN8std_msgs5Int32C2Ev
                0x08013658       0x2c ./ROS1/ros1.o
                0x08013658                std_msgs::Int32::Int32()
                0x08013658                std_msgs::Int32::Int32()
 .text._ZNK8std_msgs5Int329serializeEPh
                0x08013684       0x64 ./ROS1/ros1.o
                0x08013684                std_msgs::Int32::serialize(unsigned char*) const
 .text._ZN8std_msgs5Int3211deserializeEPh
                0x080136e8       0x70 ./ROS1/ros1.o
                0x080136e8                std_msgs::Int32::deserialize(unsigned char*)
 .text._ZN8std_msgs5Int327getTypeEv
                0x08013758       0x1c ./ROS1/ros1.o
                0x08013758                std_msgs::Int32::getType()
 .text._ZN8std_msgs5Int326getMD5Ev
                0x08013774       0x1c ./ROS1/ros1.o
                0x08013774                std_msgs::Int32::getMD5()
 .text._ZN8std_msgs4BoolC2Ev
                0x08013790       0x2c ./ROS1/ros1.o
                0x08013790                std_msgs::Bool::Bool()
                0x08013790                std_msgs::Bool::Bool()
 .text._ZNK8std_msgs4Bool9serializeEPh
                0x080137bc       0x32 ./ROS1/ros1.o
                0x080137bc                std_msgs::Bool::serialize(unsigned char*) const
 .text._ZN8std_msgs4Bool11deserializeEPh
                0x080137ee       0x3c ./ROS1/ros1.o
                0x080137ee                std_msgs::Bool::deserialize(unsigned char*)
 *fill*         0x0801382a        0x2 
 .text._ZN8std_msgs4Bool7getTypeEv
                0x0801382c       0x1c ./ROS1/ros1.o
                0x0801382c                std_msgs::Bool::getType()
 .text._ZN8std_msgs4Bool6getMD5Ev
                0x08013848       0x1c ./ROS1/ros1.o
                0x08013848                std_msgs::Bool::getMD5()
 .text._ZN4ROS116callback_ChassisERKN13geometry_msgs5TwistE
                0x08013864       0x50 ./ROS1/ros1.o
                0x08013864                ROS1::callback_Chassis(geometry_msgs::Twist const&)
 .text._ZN4ROS115callback_IntakeERKN8std_msgs4BoolE
                0x080138b4       0x14 ./ROS1/ros1.o
                0x080138b4                ROS1::callback_Intake(std_msgs::Bool const&)
 .text._ZN4ROS117callback_ElevatorERKN8std_msgs5Int32E
                0x080138c8       0x14 ./ROS1/ros1.o
                0x080138c8                ROS1::callback_Elevator(std_msgs::Int32 const&)
 .text._ZN4ROS121callback_ElevatorDoorERKN8std_msgs4BoolE
                0x080138dc       0x14 ./ROS1/ros1.o
                0x080138dc                ROS1::callback_ElevatorDoor(std_msgs::Bool const&)
 .text._ZN4ROS119callback_BasketDoorERKN8std_msgs4BoolE
                0x080138f0       0x14 ./ROS1/ros1.o
                0x080138f0                ROS1::callback_BasketDoor(std_msgs::Bool const&)
 .text._ZN3ros3Msg8varToArrIPhmEEvT_T0_
                0x08013904       0x3e ./ROS1/ros1.o
                0x08013904                void ros::Msg::varToArr<unsigned char*, unsigned long>(unsigned char*, unsigned long)
 .text._ZN3ros3Msg8arrToVarImPhEEvRT_T0_
                0x08013942       0x4c ./ROS1/ros1.o
                0x08013942                void ros::Msg::arrToVar<unsigned long, unsigned char*>(unsigned long&, unsigned char*)
 *fill*         0x0801398e        0x2 
 .text._ZN3ros15NodeHandleBase_C2Ev
                0x08013990       0x20 ./ROS1/ros1.o
                0x08013990                ros::NodeHandleBase_::NodeHandleBase_()
                0x08013990                ros::NodeHandleBase_::NodeHandleBase_()
 .text._ZN3ros11NodeHandle_I13STM32HardwareLi25ELi25ELi512ELi512EEC2Ev
                0x080139b0      0x134 ./ROS1/ros1.o
                0x080139b0                ros::NodeHandle_<STM32Hardware, 25, 25, 512, 512>::NodeHandle_()
                0x080139b0                ros::NodeHandle_<STM32Hardware, 25, 25, 512, 512>::NodeHandle_()
 .text._ZN3ros11Subscriber_C2Ev
                0x08013ae4       0x20 ./ROS1/ros1.o
                0x08013ae4                ros::Subscriber_::Subscriber_()
                0x08013ae4                ros::Subscriber_::Subscriber_()
 .text._ZN3ros10SubscriberIN13geometry_msgs5TwistEvEC2EPKcPFvRKS2_Ei
                0x08013b04       0x48 ./ROS1/ros1.o
                0x08013b04                ros::Subscriber<geometry_msgs::Twist, void>::Subscriber(char const*, void (*)(geometry_msgs::Twist const&), int)
                0x08013b04                ros::Subscriber<geometry_msgs::Twist, void>::Subscriber(char const*, void (*)(geometry_msgs::Twist const&), int)
 .text._ZN3ros10SubscriberIN8std_msgs4BoolEvEC2EPKcPFvRKS2_Ei
                0x08013b4c       0x48 ./ROS1/ros1.o
                0x08013b4c                ros::Subscriber<std_msgs::Bool, void>::Subscriber(char const*, void (*)(std_msgs::Bool const&), int)
                0x08013b4c                ros::Subscriber<std_msgs::Bool, void>::Subscriber(char const*, void (*)(std_msgs::Bool const&), int)
 .text._ZN3ros10SubscriberIN8std_msgs5Int32EvEC2EPKcPFvRKS2_Ei
                0x08013b94       0x48 ./ROS1/ros1.o
                0x08013b94                ros::Subscriber<std_msgs::Int32, void>::Subscriber(char const*, void (*)(std_msgs::Int32 const&), int)
                0x08013b94                ros::Subscriber<std_msgs::Int32, void>::Subscriber(char const*, void (*)(std_msgs::Int32 const&), int)
 .text._ZN3ros11NodeHandle_I13STM32HardwareLi25ELi25ELi512ELi512EE8spinOnceEv
                0x08013bdc      0x4f0 ./ROS1/ros1.o
                0x08013bdc                ros::NodeHandle_<STM32Hardware, 25, 25, 512, 512>::spinOnce()
 .text._ZN3ros11NodeHandle_I13STM32HardwareLi25ELi25ELi512ELi512EE15requestSyncTimeEv
                0x080140cc       0x3e ./ROS1/ros1.o
                0x080140cc                ros::NodeHandle_<STM32Hardware, 25, 25, 512, 512>::requestSyncTime()
 .text._ZN3ros11NodeHandle_I13STM32HardwareLi25ELi25ELi512ELi512EE15negotiateTopicsEv
                0x0801410a      0x1c4 ./ROS1/ros1.o
                0x0801410a                ros::NodeHandle_<STM32Hardware, 25, 25, 512, 512>::negotiateTopics()
 *fill*         0x080142ce        0x2 
 .text._ZN3ros11NodeHandle_I13STM32HardwareLi25ELi25ELi512ELi512EE8syncTimeEPh
                0x080142d0       0x9c ./ROS1/ros1.o
                0x080142d0                ros::NodeHandle_<STM32Hardware, 25, 25, 512, 512>::syncTime(unsigned char*)
 .text._ZN3ros11NodeHandle_I13STM32HardwareLi25ELi25ELi512ELi512EE7publishEiPKNS_3MsgE
                0x0801436c      0x158 ./ROS1/ros1.o
                0x0801436c                ros::NodeHandle_<STM32Hardware, 25, 25, 512, 512>::publish(int, ros::Msg const*)
 .text._ZN3ros11NodeHandle_I13STM32HardwareLi25ELi25ELi512ELi512EE6setNowERNS_4TimeE
                0x080144c4       0x88 ./ROS1/ros1.o
                0x080144c4                ros::NodeHandle_<STM32Hardware, 25, 25, 512, 512>::setNow(ros::Time&)
 .text._ZN3ros11NodeHandle_I13STM32HardwareLi25ELi25ELi512ELi512EE8logerrorEPKc
                0x0801454c       0x1c ./ROS1/ros1.o
                0x0801454c                ros::NodeHandle_<STM32Hardware, 25, 25, 512, 512>::logerror(char const*)
 .text._ZN3ros11NodeHandle_I13STM32HardwareLi25ELi25ELi512ELi512EE3logEcPKc
                0x08014568       0x38 ./ROS1/ros1.o
                0x08014568                ros::NodeHandle_<STM32Hardware, 25, 25, 512, 512>::log(char, char const*)
 .text._Z41__static_initialization_and_destruction_0v
                0x080145a0       0xb4 ./ROS1/ros1.o
 .text._ZN3ros10SubscriberIN8std_msgs5Int32EvE8callbackEPh
                0x08014654       0x2a ./ROS1/ros1.o
                0x08014654                ros::Subscriber<std_msgs::Int32, void>::callback(unsigned char*)
 .text._ZN3ros10SubscriberIN8std_msgs5Int32EvE15getEndpointTypeEv
                0x0801467e       0x18 ./ROS1/ros1.o
                0x0801467e                ros::Subscriber<std_msgs::Int32, void>::getEndpointType()
 .text._ZN3ros10SubscriberIN8std_msgs5Int32EvE10getMsgTypeEv
                0x08014696       0x1c ./ROS1/ros1.o
                0x08014696                ros::Subscriber<std_msgs::Int32, void>::getMsgType()
 .text._ZN3ros10SubscriberIN8std_msgs5Int32EvE9getMsgMD5Ev
                0x080146b2       0x1c ./ROS1/ros1.o
                0x080146b2                ros::Subscriber<std_msgs::Int32, void>::getMsgMD5()
 .text._ZN3ros10SubscriberIN8std_msgs4BoolEvE8callbackEPh
                0x080146ce       0x2a ./ROS1/ros1.o
                0x080146ce                ros::Subscriber<std_msgs::Bool, void>::callback(unsigned char*)
 .text._ZN3ros10SubscriberIN8std_msgs4BoolEvE15getEndpointTypeEv
                0x080146f8       0x18 ./ROS1/ros1.o
                0x080146f8                ros::Subscriber<std_msgs::Bool, void>::getEndpointType()
 .text._ZN3ros10SubscriberIN8std_msgs4BoolEvE10getMsgTypeEv
                0x08014710       0x1c ./ROS1/ros1.o
                0x08014710                ros::Subscriber<std_msgs::Bool, void>::getMsgType()
 .text._ZN3ros10SubscriberIN8std_msgs4BoolEvE9getMsgMD5Ev
                0x0801472c       0x1c ./ROS1/ros1.o
                0x0801472c                ros::Subscriber<std_msgs::Bool, void>::getMsgMD5()
 .text._ZN3ros10SubscriberIN13geometry_msgs5TwistEvE8callbackEPh
                0x08014748       0x2a ./ROS1/ros1.o
                0x08014748                ros::Subscriber<geometry_msgs::Twist, void>::callback(unsigned char*)
 .text._ZN3ros10SubscriberIN13geometry_msgs5TwistEvE15getEndpointTypeEv
                0x08014772       0x18 ./ROS1/ros1.o
                0x08014772                ros::Subscriber<geometry_msgs::Twist, void>::getEndpointType()
 .text._ZN3ros10SubscriberIN13geometry_msgs5TwistEvE10getMsgTypeEv
                0x0801478a       0x1c ./ROS1/ros1.o
                0x0801478a                ros::Subscriber<geometry_msgs::Twist, void>::getMsgType()
 .text._ZN3ros10SubscriberIN13geometry_msgs5TwistEvE9getMsgMD5Ev
                0x080147a6       0x1c ./ROS1/ros1.o
                0x080147a6                ros::Subscriber<geometry_msgs::Twist, void>::getMsgMD5()
 .text._ZN3ros11NodeHandle_I13STM32HardwareLi25ELi25ELi512ELi512EE9connectedEv
                0x080147c2       0x1e ./ROS1/ros1.o
                0x080147c2                ros::NodeHandle_<STM32Hardware, 25, 25, 512, 512>::connected()
 .text._GLOBAL__sub_I_nh
                0x080147e0        0xa ./ROS1/ros1.o
 *fill*         0x080147ea        0x2 
 .text._Z10path_setupv
                0x080147ec       0x28 ./location/pathsensor.o
                0x080147ec                path_setup()
 *fill*         0x08014814        0x4 
 .text._Z6weighti
                0x08014818      0x2ac ./location/pathsensor.o
                0x08014818                weight(int)
 .text._Z4pathi
                0x08014ac4       0x16 ./location/pathsensor.o
                0x08014ac4                path(int)
 .text.sinf_poly
                0x08014ada       0x54 C:/ST/STM32CubeIDE_1.18.1/STM32CubeIDE/plugins/com.st.stm32cube.ide.mcu.externaltools.gnu-tools-for-stm32.13.3.rel1.win32_1.0.0.202411081344/tools/bin/../lib/gcc/arm-none-eabi/13.3.1/../../../../arm-none-eabi/lib/thumb/v7e-m+dp/hard\libm.a(libm_a-sinf.o)
 *fill*         0x08014b2e        0x2 
 .text.sinf     0x08014b30      0x130 C:/ST/STM32CubeIDE_1.18.1/STM32CubeIDE/plugins/com.st.stm32cube.ide.mcu.externaltools.gnu-tools-for-stm32.13.3.rel1.win32_1.0.0.202411081344/tools/bin/../lib/gcc/arm-none-eabi/13.3.1/../../../../arm-none-eabi/lib/thumb/v7e-m+dp/hard\libm.a(libm_a-sinf.o)
                0x08014b30                sinf
 .text.sinf_poly
                0x08014c60       0x54 C:/ST/STM32CubeIDE_1.18.1/STM32CubeIDE/plugins/com.st.stm32cube.ide.mcu.externaltools.gnu-tools-for-stm32.13.3.rel1.win32_1.0.0.202411081344/tools/bin/../lib/gcc/arm-none-eabi/13.3.1/../../../../arm-none-eabi/lib/thumb/v7e-m+dp/hard\libm.a(libm_a-cosf.o)
 *fill*         0x08014cb4        0x4 
 .text.cosf     0x08014cb8      0x140 C:/ST/STM32CubeIDE_1.18.1/STM32CubeIDE/plugins/com.st.stm32cube.ide.mcu.externaltools.gnu-tools-for-stm32.13.3.rel1.win32_1.0.0.202411081344/tools/bin/../lib/gcc/arm-none-eabi/13.3.1/../../../../arm-none-eabi/lib/thumb/v7e-m+dp/hard\libm.a(libm_a-cosf.o)
                0x08014cb8                cosf
 .text.with_errnof
                0x08014df8       0x1c C:/ST/STM32CubeIDE_1.18.1/STM32CubeIDE/plugins/com.st.stm32cube.ide.mcu.externaltools.gnu-tools-for-stm32.13.3.rel1.win32_1.0.0.202411081344/tools/bin/../lib/gcc/arm-none-eabi/13.3.1/../../../../arm-none-eabi/lib/thumb/v7e-m+dp/hard\libm.a(libm_a-math_errf.o)
 .text.__math_invalidf
                0x08014e14       0x1e C:/ST/STM32CubeIDE_1.18.1/STM32CubeIDE/plugins/com.st.stm32cube.ide.mcu.externaltools.gnu-tools-for-stm32.13.3.rel1.win32_1.0.0.202411081344/tools/bin/../lib/gcc/arm-none-eabi/13.3.1/../../../../arm-none-eabi/lib/thumb/v7e-m+dp/hard\libm.a(libm_a-math_errf.o)
                0x08014e14                __math_invalidf
 *fill*         0x08014e32        0x2 
 .text.realloc  0x08014e34       0x10 C:/ST/STM32CubeIDE_1.18.1/STM32CubeIDE/plugins/com.st.stm32cube.ide.mcu.externaltools.gnu-tools-for-stm32.13.3.rel1.win32_1.0.0.202411081344/tools/bin/../lib/gcc/arm-none-eabi/13.3.1/../../../../arm-none-eabi/lib/thumb/v7e-m+dp/hard\libc_nano.a(libc_a-realloc.o)
                0x08014e34                realloc
 .text._realloc_r
                0x08014e44       0x5c C:/ST/STM32CubeIDE_1.18.1/STM32CubeIDE/plugins/com.st.stm32cube.ide.mcu.externaltools.gnu-tools-for-stm32.13.3.rel1.win32_1.0.0.202411081344/tools/bin/../lib/gcc/arm-none-eabi/13.3.1/../../../../arm-none-eabi/lib/thumb/v7e-m+dp/hard\libc_nano.a(libc_a-reallocr.o)
                0x08014e44                _realloc_r
 .text.memset   0x08014ea0       0x10 C:/ST/STM32CubeIDE_1.18.1/STM32CubeIDE/plugins/com.st.stm32cube.ide.mcu.externaltools.gnu-tools-for-stm32.13.3.rel1.win32_1.0.0.202411081344/tools/bin/../lib/gcc/arm-none-eabi/13.3.1/../../../../arm-none-eabi/lib/thumb/v7e-m+dp/hard\libc_nano.a(libc_a-memset.o)
                0x08014ea0                memset
 .text.__errno  0x08014eb0        0xc C:/ST/STM32CubeIDE_1.18.1/STM32CubeIDE/plugins/com.st.stm32cube.ide.mcu.externaltools.gnu-tools-for-stm32.13.3.rel1.win32_1.0.0.202411081344/tools/bin/../lib/gcc/arm-none-eabi/13.3.1/../../../../arm-none-eabi/lib/thumb/v7e-m+dp/hard\libc_nano.a(libc_a-errno.o)
                0x08014eb0                __errno
 .text.__libc_init_array
                0x08014ebc       0x48 C:/ST/STM32CubeIDE_1.18.1/STM32CubeIDE/plugins/com.st.stm32cube.ide.mcu.externaltools.gnu-tools-for-stm32.13.3.rel1.win32_1.0.0.202411081344/tools/bin/../lib/gcc/arm-none-eabi/13.3.1/../../../../arm-none-eabi/lib/thumb/v7e-m+dp/hard\libc_nano.a(libc_a-init.o)
                0x08014ebc                __libc_init_array
 .text.__retarget_lock_acquire_recursive
                0x08014f04        0x2 C:/ST/STM32CubeIDE_1.18.1/STM32CubeIDE/plugins/com.st.stm32cube.ide.mcu.externaltools.gnu-tools-for-stm32.13.3.rel1.win32_1.0.0.202411081344/tools/bin/../lib/gcc/arm-none-eabi/13.3.1/../../../../arm-none-eabi/lib/thumb/v7e-m+dp/hard\libc_nano.a(libc_a-lock.o)
                0x08014f04                __retarget_lock_acquire_recursive
 .text.__retarget_lock_release_recursive
                0x08014f06        0x2 C:/ST/STM32CubeIDE_1.18.1/STM32CubeIDE/plugins/com.st.stm32cube.ide.mcu.externaltools.gnu-tools-for-stm32.13.3.rel1.win32_1.0.0.202411081344/tools/bin/../lib/gcc/arm-none-eabi/13.3.1/../../../../arm-none-eabi/lib/thumb/v7e-m+dp/hard\libc_nano.a(libc_a-lock.o)
                0x08014f06                __retarget_lock_release_recursive
 .text.memcpy   0x08014f08       0x1c C:/ST/STM32CubeIDE_1.18.1/STM32CubeIDE/plugins/com.st.stm32cube.ide.mcu.externaltools.gnu-tools-for-stm32.13.3.rel1.win32_1.0.0.202411081344/tools/bin/../lib/gcc/arm-none-eabi/13.3.1/../../../../arm-none-eabi/lib/thumb/v7e-m+dp/hard\libc_nano.a(libc_a-memcpy-stub.o)
                0x08014f08                memcpy
 .text._free_r  0x08014f24       0x94 C:/ST/STM32CubeIDE_1.18.1/STM32CubeIDE/plugins/com.st.stm32cube.ide.mcu.externaltools.gnu-tools-for-stm32.13.3.rel1.win32_1.0.0.202411081344/tools/bin/../lib/gcc/arm-none-eabi/13.3.1/../../../../arm-none-eabi/lib/thumb/v7e-m+dp/hard\libc_nano.a(libc_a-freer.o)
                0x08014f24                _free_r
 .text.sbrk_aligned
                0x08014fb8       0x44 C:/ST/STM32CubeIDE_1.18.1/STM32CubeIDE/plugins/com.st.stm32cube.ide.mcu.externaltools.gnu-tools-for-stm32.13.3.rel1.win32_1.0.0.202411081344/tools/bin/../lib/gcc/arm-none-eabi/13.3.1/../../../../arm-none-eabi/lib/thumb/v7e-m+dp/hard\libc_nano.a(libc_a-mallocr.o)
 .text._malloc_r
                0x08014ffc      0x100 C:/ST/STM32CubeIDE_1.18.1/STM32CubeIDE/plugins/com.st.stm32cube.ide.mcu.externaltools.gnu-tools-for-stm32.13.3.rel1.win32_1.0.0.202411081344/tools/bin/../lib/gcc/arm-none-eabi/13.3.1/../../../../arm-none-eabi/lib/thumb/v7e-m+dp/hard\libc_nano.a(libc_a-mallocr.o)
                0x08014ffc                _malloc_r
 .text.__malloc_lock
                0x080150fc        0xc C:/ST/STM32CubeIDE_1.18.1/STM32CubeIDE/plugins/com.st.stm32cube.ide.mcu.externaltools.gnu-tools-for-stm32.13.3.rel1.win32_1.0.0.202411081344/tools/bin/../lib/gcc/arm-none-eabi/13.3.1/../../../../arm-none-eabi/lib/thumb/v7e-m+dp/hard\libc_nano.a(libc_a-mlock.o)
                0x080150fc                __malloc_lock
 .text.__malloc_unlock
                0x08015108        0xc C:/ST/STM32CubeIDE_1.18.1/STM32CubeIDE/plugins/com.st.stm32cube.ide.mcu.externaltools.gnu-tools-for-stm32.13.3.rel1.win32_1.0.0.202411081344/tools/bin/../lib/gcc/arm-none-eabi/13.3.1/../../../../arm-none-eabi/lib/thumb/v7e-m+dp/hard\libc_nano.a(libc_a-mlock.o)
                0x08015108                __malloc_unlock
 .text._malloc_usable_size_r
                0x08015114       0x10 C:/ST/STM32CubeIDE_1.18.1/STM32CubeIDE/plugins/com.st.stm32cube.ide.mcu.externaltools.gnu-tools-for-stm32.13.3.rel1.win32_1.0.0.202411081344/tools/bin/../lib/gcc/arm-none-eabi/13.3.1/../../../../arm-none-eabi/lib/thumb/v7e-m+dp/hard\libc_nano.a(libc_a-msizer.o)
                0x08015114                _malloc_usable_size_r
 .text._sbrk_r  0x08015124       0x20 C:/ST/STM32CubeIDE_1.18.1/STM32CubeIDE/plugins/com.st.stm32cube.ide.mcu.externaltools.gnu-tools-for-stm32.13.3.rel1.win32_1.0.0.202411081344/tools/bin/../lib/gcc/arm-none-eabi/13.3.1/../../../../arm-none-eabi/lib/thumb/v7e-m+dp/hard\libc_nano.a(libc_a-sbrkr.o)
                0x08015124                _sbrk_r
 *(.glue_7)
 .glue_7        0x08015144        0x0 linker stubs
 *(.glue_7t)
 .glue_7t       0x08015144        0x0 linker stubs
 *(.eh_frame)
 .eh_frame      0x08015144        0x0 C:/ST/STM32CubeIDE_1.18.1/STM32CubeIDE/plugins/com.st.stm32cube.ide.mcu.externaltools.gnu-tools-for-stm32.13.3.rel1.win32_1.0.0.202411081344/tools/bin/../lib/gcc/arm-none-eabi/13.3.1/thumb/v7e-m+dp/hard/crtbegin.o
 *(.init)
 .init          0x08015144        0x4 C:/ST/STM32CubeIDE_1.18.1/STM32CubeIDE/plugins/com.st.stm32cube.ide.mcu.externaltools.gnu-tools-for-stm32.13.3.rel1.win32_1.0.0.202411081344/tools/bin/../lib/gcc/arm-none-eabi/13.3.1/thumb/v7e-m+dp/hard/crti.o
                0x08015144                _init
 .init          0x08015148        0x8 C:/ST/STM32CubeIDE_1.18.1/STM32CubeIDE/plugins/com.st.stm32cube.ide.mcu.externaltools.gnu-tools-for-stm32.13.3.rel1.win32_1.0.0.202411081344/tools/bin/../lib/gcc/arm-none-eabi/13.3.1/thumb/v7e-m+dp/hard/crtn.o
 *(.fini)
 .fini          0x08015150        0x4 C:/ST/STM32CubeIDE_1.18.1/STM32CubeIDE/plugins/com.st.stm32cube.ide.mcu.externaltools.gnu-tools-for-stm32.13.3.rel1.win32_1.0.0.202411081344/tools/bin/../lib/gcc/arm-none-eabi/13.3.1/thumb/v7e-m+dp/hard/crti.o
                0x08015150                _fini
 .fini          0x08015154        0x8 C:/ST/STM32CubeIDE_1.18.1/STM32CubeIDE/plugins/com.st.stm32cube.ide.mcu.externaltools.gnu-tools-for-stm32.13.3.rel1.win32_1.0.0.202411081344/tools/bin/../lib/gcc/arm-none-eabi/13.3.1/thumb/v7e-m+dp/hard/crtn.o
                0x0801515c                        . = ALIGN (0x4)
                0x0801515c                        _etext = .

.vfp11_veneer   0x0801515c        0x0
 .vfp11_veneer  0x0801515c        0x0 linker stubs

.v4_bx          0x0801515c        0x0
 .v4_bx         0x0801515c        0x0 linker stubs

.iplt           0x0801515c        0x0
 .iplt          0x0801515c        0x0 C:/ST/STM32CubeIDE_1.18.1/STM32CubeIDE/plugins/com.st.stm32cube.ide.mcu.externaltools.gnu-tools-for-stm32.13.3.rel1.win32_1.0.0.202411081344/tools/bin/../lib/gcc/arm-none-eabi/13.3.1/thumb/v7e-m+dp/hard/crtbegin.o

.rodata         0x08015160      0x618
                0x08015160                        . = ALIGN (0x4)
 *(.rodata)
 .rodata        0x08015160      0x2d0 ./ROS1/ros1.o
 *(.rodata*)
 .rodata.D1CorePrescTable
                0x08015430       0x10 ./Core/Src/system_stm32h7xx.o
                0x08015430                D1CorePrescTable
 .rodata.flagBitshiftOffset.0
                0x08015440        0x8 ./Drivers/STM32H7xx_HAL_Driver/Src/stm32h7xx_hal_dma.o
 .rodata.UARTPrescTable
                0x08015448       0x18 ./Drivers/STM32H7xx_HAL_Driver/Src/stm32h7xx_hal_uart.o
                0x08015448                UARTPrescTable
 .rodata.numerator.1
                0x08015460        0x8 ./Drivers/STM32H7xx_HAL_Driver/Src/stm32h7xx_hal_uart_ex.o
 .rodata.denominator.0
                0x08015468        0x8 ./Drivers/STM32H7xx_HAL_Driver/Src/stm32h7xx_hal_uart_ex.o
 .rodata._ZN14rosserial_msgsL12REQUESTPARAME
                0x08015470       0x1c ./ROS1/ros1.o
 .rodata._ZTVN3ros10SubscriberIN8std_msgs5Int32EvEE
                0x0801548c       0x18 ./ROS1/ros1.o
                0x0801548c                vtable for ros::Subscriber<std_msgs::Int32, void>
 .rodata._ZTVN3ros10SubscriberIN8std_msgs4BoolEvEE
                0x080154a4       0x18 ./ROS1/ros1.o
                0x080154a4                vtable for ros::Subscriber<std_msgs::Bool, void>
 .rodata._ZTVN3ros10SubscriberIN13geometry_msgs5TwistEvEE
                0x080154bc       0x18 ./ROS1/ros1.o
                0x080154bc                vtable for ros::Subscriber<geometry_msgs::Twist, void>
 .rodata._ZTVN3ros11NodeHandle_I13STM32HardwareLi25ELi25ELi512ELi512EEE
                0x080154d4       0x14 ./ROS1/ros1.o
                0x080154d4                vtable for ros::NodeHandle_<STM32Hardware, 25, 25, 512, 512>
 .rodata._ZTVN8std_msgs4BoolE
                0x080154e8       0x18 ./ROS1/ros1.o
                0x080154e8                vtable for std_msgs::Bool
 .rodata._ZTVN8std_msgs5Int32E
                0x08015500       0x18 ./ROS1/ros1.o
                0x08015500                vtable for std_msgs::Int32
 .rodata._ZTVN13geometry_msgs4PoseE
                0x08015518       0x18 ./ROS1/ros1.o
                0x08015518                vtable for geometry_msgs::Pose
 .rodata._ZTVN13geometry_msgs10QuaternionE
                0x08015530       0x18 ./ROS1/ros1.o
                0x08015530                vtable for geometry_msgs::Quaternion
 .rodata._ZTVN13geometry_msgs5PointE
                0x08015548       0x18 ./ROS1/ros1.o
                0x08015548                vtable for geometry_msgs::Point
 .rodata._ZTVN13geometry_msgs5TwistE
                0x08015560       0x18 ./ROS1/ros1.o
                0x08015560                vtable for geometry_msgs::Twist
 .rodata._ZTVN13geometry_msgs7Vector3E
                0x08015578       0x18 ./ROS1/ros1.o
                0x08015578                vtable for geometry_msgs::Vector3
 .rodata._ZTVN3ros11Subscriber_E
                0x08015590       0x18 ./ROS1/ros1.o
                0x08015590                vtable for ros::Subscriber_
 .rodata._ZTVN3ros15NodeHandleBase_E
                0x080155a8       0x14 ./ROS1/ros1.o
                0x080155a8                vtable for ros::NodeHandleBase_
 .rodata._ZTVN14rosserial_msgs20RequestParamResponseE
                0x080155bc       0x18 ./ROS1/ros1.o
                0x080155bc                vtable for rosserial_msgs::RequestParamResponse
 .rodata._ZTVN14rosserial_msgs3LogE
                0x080155d4       0x18 ./ROS1/ros1.o
                0x080155d4                vtable for rosserial_msgs::Log
 .rodata._ZTVN14rosserial_msgs9TopicInfoE
                0x080155ec       0x18 ./ROS1/ros1.o
                0x080155ec                vtable for rosserial_msgs::TopicInfo
 .rodata._ZTVN8std_msgs4TimeE
                0x08015604       0x18 ./ROS1/ros1.o
                0x08015604                vtable for std_msgs::Time
 .rodata._ZTVN3ros3MsgE
                0x0801561c       0x18 ./ROS1/ros1.o
                0x0801561c                vtable for ros::Msg
 .rodata.__inv_pio4
                0x08015634       0x60 C:/ST/STM32CubeIDE_1.18.1/STM32CubeIDE/plugins/com.st.stm32cube.ide.mcu.externaltools.gnu-tools-for-stm32.13.3.rel1.win32_1.0.0.202411081344/tools/bin/../lib/gcc/arm-none-eabi/13.3.1/../../../../arm-none-eabi/lib/thumb/v7e-m+dp/hard\libm.a(libm_a-sincosf_data.o)
                0x08015634                __inv_pio4
 *fill*         0x08015694        0x4 
 .rodata.__sincosf_table
                0x08015698       0xe0 C:/ST/STM32CubeIDE_1.18.1/STM32CubeIDE/plugins/com.st.stm32cube.ide.mcu.externaltools.gnu-tools-for-stm32.13.3.rel1.win32_1.0.0.202411081344/tools/bin/../lib/gcc/arm-none-eabi/13.3.1/../../../../arm-none-eabi/lib/thumb/v7e-m+dp/hard\libm.a(libm_a-sincosf_data.o)
                0x08015698                __sincosf_table
                0x08015778                        . = ALIGN (0x4)

.ARM.extab
 *(.ARM.extab* .gnu.linkonce.armextab.*)

.ARM            0x08015778        0x8
                0x08015778                        __exidx_start = .
 *(.ARM.exidx*)
 .ARM.exidx     0x08015778        0x8 C:/ST/STM32CubeIDE_1.18.1/STM32CubeIDE/plugins/com.st.stm32cube.ide.mcu.externaltools.gnu-tools-for-stm32.13.3.rel1.win32_1.0.0.202411081344/tools/bin/../lib/gcc/arm-none-eabi/13.3.1/../../../../arm-none-eabi/lib/thumb/v7e-m+dp/hard\libc_nano.a(libc_a-strlen.o)
 .ARM.exidx     0x08015780        0x0 C:/ST/STM32CubeIDE_1.18.1/STM32CubeIDE/plugins/com.st.stm32cube.ide.mcu.externaltools.gnu-tools-for-stm32.13.3.rel1.win32_1.0.0.202411081344/tools/bin/../lib/gcc/arm-none-eabi/13.3.1/thumb/v7e-m+dp/hard\libgcc.a(_udivmoddi4.o)
                                  0x8 (size before relaxing)
                0x08015780                        __exidx_end = .

.preinit_array  0x08015780        0x0
                0x08015780                        PROVIDE (__preinit_array_start = .)
 *(.preinit_array*)
                0x08015780                        PROVIDE (__preinit_array_end = .)

.init_array     0x08015780       0x10
                0x08015780                        PROVIDE (__init_array_start = .)
 *(SORT_BY_NAME(.init_array.*))
 *(.init_array*)
 .init_array    0x08015780        0x4 C:/ST/STM32CubeIDE_1.18.1/STM32CubeIDE/plugins/com.st.stm32cube.ide.mcu.externaltools.gnu-tools-for-stm32.13.3.rel1.win32_1.0.0.202411081344/tools/bin/../lib/gcc/arm-none-eabi/13.3.1/thumb/v7e-m+dp/hard/crtbegin.o
 .init_array    0x08015784        0x4 ./Chassis/chassis.o
 .init_array    0x08015788        0x4 ./Lifter/lifter.o
 .init_array    0x0801578c        0x4 ./ROS1/ros1.o
                0x08015790                        PROVIDE (__init_array_end = .)

.fini_array     0x08015790        0x4
                [!provide]                        PROVIDE (__fini_array_start = .)
 *(SORT_BY_NAME(.fini_array.*))
 *(.fini_array*)
 .fini_array    0x08015790        0x4 C:/ST/STM32CubeIDE_1.18.1/STM32CubeIDE/plugins/com.st.stm32cube.ide.mcu.externaltools.gnu-tools-for-stm32.13.3.rel1.win32_1.0.0.202411081344/tools/bin/../lib/gcc/arm-none-eabi/13.3.1/thumb/v7e-m+dp/hard/crtbegin.o
                [!provide]                        PROVIDE (__fini_array_end = .)
                0x08015794                        _sidata = LOADADDR (.data)

.rel.dyn        0x08015794        0x0
 .rel.iplt      0x08015794        0x0 C:/ST/STM32CubeIDE_1.18.1/STM32CubeIDE/plugins/com.st.stm32cube.ide.mcu.externaltools.gnu-tools-for-stm32.13.3.rel1.win32_1.0.0.202411081344/tools/bin/../lib/gcc/arm-none-eabi/13.3.1/thumb/v7e-m+dp/hard/crtbegin.o

.data           0x24000000       0x7c load address 0x08015794
                0x24000000                        . = ALIGN (0x4)
                0x24000000                        _sdata = .
 *(.data)
 *(.data*)
 .data.chassis_width
                0x24000000        0x4 ./Chassis/chassis.o
                0x24000000                chassis_width
 .data.chassis_length
                0x24000004        0x4 ./Chassis/chassis.o
                0x24000004                chassis_length
 .data.wheel_diameter
                0x24000008        0x4 ./Chassis/chassis.o
                0x24000008                wheel_diameter
 .data.span     0x2400000c        0x4 ./Chassis/chassis.o
                0x2400000c                span
 .data.pi       0x24000010        0x4 ./Chassis/chassis.o
                0x24000010                pi
 .data.test     0x24000014        0x4 ./Core/Src/mainpp.o
                0x24000014                test
 .data.SystemCoreClock
                0x24000018        0x4 ./Core/Src/system_stm32h7xx.o
                0x24000018                SystemCoreClock
 .data.SystemD2Clock
                0x2400001c        0x4 ./Core/Src/system_stm32h7xx.o
                0x2400001c                SystemD2Clock
 .data.uwTickPrio
                0x24000020        0x4 ./Drivers/STM32H7xx_HAL_Driver/Src/stm32h7xx_hal.o
                0x24000020                uwTickPrio
 .data.uwTickFreq
                0x24000024        0x1 ./Drivers/STM32H7xx_HAL_Driver/Src/stm32h7xx_hal.o
                0x24000024                uwTickFreq
 *fill*         0x24000025        0x3 
 .data.normal_Speed
                0x24000028        0x4 ./location/pathsensor.o
                0x24000028                normal_Speed
 .data._impure_ptr
                0x2400002c        0x4 C:/ST/STM32CubeIDE_1.18.1/STM32CubeIDE/plugins/com.st.stm32cube.ide.mcu.externaltools.gnu-tools-for-stm32.13.3.rel1.win32_1.0.0.202411081344/tools/bin/../lib/gcc/arm-none-eabi/13.3.1/../../../../arm-none-eabi/lib/thumb/v7e-m+dp/hard\libc_nano.a(libc_a-impure.o)
                0x2400002c                _impure_ptr