C:\ST\STM32CubeIDE_1.18.1\STM32CubeIDE\plugins\com.st.stm32cube.ide.mcu.externaltools.gnu-tools-for-stm32.13.3.rel1.win32_1.0.0.202411081344\tools\bin/../lib/gcc/arm-none-eabi/13.3.1/../../../../arm-none-eabi/include/c++/13.3.1/cmath:234:3:constexpr float std::fabs(float)	16	static
../location/pathsensor.cpp:61:6:void setLinePI(float, float, float)	24	static
../location/pathsensor.cpp:67:6:void path_setup()	8	static
../location/pathsensor.cpp:80:6:void smooth_speed_update(float, float)	24	static
../location/pathsensor.cpp:100:6:bool check_line_lost(int)	24	static
../location/pathsensor.cpp:131:6:void weight(int)	24	static
../location/pathsensor.cpp:250:6:void path(int)	16	static
../location/pathsensor.cpp:301:6:bool line_check(int)	24	static
