../Core/Src/mainpp.cpp:60:6:void setup()	8	static
../Core/Src/mainpp.cpp:95:6:void loop()	8	static
../Core/Src/mainpp.cpp:103:6:void main_function()	8	static
../Core/Src/mainpp.cpp:121:6:void HAL_TIM_PeriodElapsedCallback(TIM_HandleTypeDef*)	16	static
../Core/Src/mainpp.cpp:168:6:void HAL_ADC_ConvCpltCallback(ADC_HandleTypeDef*)	16	static
../Core/Src/mainpp.cpp:178:6:void HAL_UART_TxCpltCallback(UART_HandleTypeDef*)	16	static
../Core/Src/mainpp.cpp:188:6:void HAL_GPIO_EXTI_Callback(uint16_t)	16	static
