../Core/Src/stm32h7xx_it.c:88:6:NMI_Handler	4	static
../Core/Src/stm32h7xx_it.c:103:6:HardFault_Handler	4	static
../Core/Src/stm32h7xx_it.c:118:6:MemManage_Handler	4	static
../Core/Src/stm32h7xx_it.c:133:6:BusFault_Handler	4	static
../Core/Src/stm32h7xx_it.c:148:6:UsageFault_Handler	4	static
../Core/Src/stm32h7xx_it.c:163:6:SVC_Handler	4	static
../Core/Src/stm32h7xx_it.c:176:6:DebugMon_Handler	4	static
../Core/Src/stm32h7xx_it.c:189:6:PendSV_Handler	4	static
../Core/Src/stm32h7xx_it.c:202:6:SysTick_Handler	8	static
../Core/Src/stm32h7xx_it.c:223:6:RCC_IRQHandler	4	static
../Core/Src/stm32h7xx_it.c:236:6:EXTI0_IRQHandler	8	static
../Core/Src/stm32h7xx_it.c:250:6:EXTI1_IRQHandler	8	static
../Core/Src/stm32h7xx_it.c:264:6:EXTI2_IRQHandler	8	static
../Core/Src/stm32h7xx_it.c:278:6:DMA1_Stream0_IRQHandler	8	static
../Core/Src/stm32h7xx_it.c:292:6:DMA1_Stream1_IRQHandler	8	static
../Core/Src/stm32h7xx_it.c:306:6:DMA1_Stream2_IRQHandler	8	static
../Core/Src/stm32h7xx_it.c:320:6:DMA1_Stream3_IRQHandler	8	static
../Core/Src/stm32h7xx_it.c:334:6:DMA1_Stream4_IRQHandler	8	static
../Core/Src/stm32h7xx_it.c:348:6:DMA1_Stream5_IRQHandler	8	static
../Core/Src/stm32h7xx_it.c:362:6:DMA1_Stream6_IRQHandler	8	static
../Core/Src/stm32h7xx_it.c:376:6:ADC_IRQHandler	8	static
../Core/Src/stm32h7xx_it.c:391:6:EXTI9_5_IRQHandler	8	static
../Core/Src/stm32h7xx_it.c:405:6:I2C2_EV_IRQHandler	8	static
../Core/Src/stm32h7xx_it.c:419:6:I2C2_ER_IRQHandler	8	static
../Core/Src/stm32h7xx_it.c:433:6:USART1_IRQHandler	8	static
../Core/Src/stm32h7xx_it.c:447:6:USART3_IRQHandler	8	static
../Core/Src/stm32h7xx_it.c:461:6:EXTI15_10_IRQHandler	8	static
../Core/Src/stm32h7xx_it.c:480:6:TIM8_UP_TIM13_IRQHandler	8	static
../Core/Src/stm32h7xx_it.c:495:6:TIM8_TRG_COM_TIM14_IRQHandler	8	static
../Core/Src/stm32h7xx_it.c:510:6:DMA1_Stream7_IRQHandler	8	static
../Core/Src/stm32h7xx_it.c:524:6:TIM6_DAC_IRQHandler	8	static
../Core/Src/stm32h7xx_it.c:538:6:TIM7_IRQHandler	8	static
../Core/Src/stm32h7xx_it.c:552:6:DMA2_Stream0_IRQHandler	8	static
../Core/Src/stm32h7xx_it.c:566:6:ADC3_IRQHandler	8	static
