../Drivers/Pinpoint/gobilda_pinpoint_driver.c:40:26:pinpoint_write_int	40	static
../Drivers/Pinpoint/gobilda_pinpoint_driver.c:55:26:pinpoint_read_int	40	static
../Drivers/Pinpoint/gobilda_pinpoint_driver.c:74:26:pinpoint_write_float	48	static
../Drivers/Pinpoint/gobilda_pinpoint_driver.c:91:26:pinpoint_read_float	48	static
../Drivers/Pinpoint/gobilda_pinpoint_driver.c:111:26:pinpoint_write_byte	32	static
../Drivers/Pinpoint/gobilda_pinpoint_driver.c:120:26:pinpoint_read_byte	40	static
../Drivers/Pinpoint/gobilda_pinpoint_driver.c:136:19:Pinpoint_Init	32	static
../Drivers/Pinpoint/gobilda_pinpoint_driver.c:165:19:Pinpoint_Reset	24	static
../Drivers/Pinpoint/gobilda_pinpoint_driver.c:187:19:Pinpoint_SetOffsets	32	static
../Drivers/Pinpoint/gobilda_pinpoint_driver.c:209:19:Pinpoint_SetEncoderResolution_goBILDA	24	static
../Drivers/Pinpoint/gobilda_pinpoint_driver.c:232:19:Pinpoint_SetEncoderResolution	24	static
../Drivers/Pinpoint/gobilda_pinpoint_driver.c:247:19:Pinpoint_SetEncoderDirections	24	static
../Drivers/Pinpoint/gobilda_pinpoint_driver.c:264:19:Pinpoint_SetYawScalar	24	static
../Drivers/Pinpoint/gobilda_pinpoint_driver.c:279:19:Pinpoint_Update	48	static
../Drivers/Pinpoint/gobilda_pinpoint_driver.c:346:19:Pinpoint_RecalibrateIMU	16	static
../Drivers/Pinpoint/gobilda_pinpoint_driver.c:357:19:Pinpoint_ResetPosition	16	static
../Drivers/Pinpoint/gobilda_pinpoint_driver.c:365:19:Pinpoint_SetPosition	32	static
../Drivers/Pinpoint/gobilda_pinpoint_driver.c:391:19:Pinpoint_GetPosition	16	static
../Drivers/Pinpoint/gobilda_pinpoint_driver.c:402:19:Pinpoint_GetVelocity	16	static
../Drivers/Pinpoint/gobilda_pinpoint_driver.c:413:19:Pinpoint_GetDeviceStatus	16	static
../Drivers/Pinpoint/gobilda_pinpoint_driver.c:423:6:Pinpoint_IsReady	16	static
../Drivers/Pinpoint/gobilda_pinpoint_driver.c:433:6:Pinpoint_HasFaults	16	static
../Drivers/Pinpoint/gobilda_pinpoint_driver.c:446:19:Pinpoint_GetDeviceID	16	static
../Drivers/Pinpoint/gobilda_pinpoint_driver.c:456:19:Pinpoint_GetDeviceVersion	16	static
../Drivers/Pinpoint/gobilda_pinpoint_driver.c:466:7:Pinpoint_ConvertDistance	24	static
../Drivers/Pinpoint/gobilda_pinpoint_driver.c:504:7:Pinpoint_ConvertAngle	16	static
../Drivers/Pinpoint/gobilda_pinpoint_driver.c:522:19:Pinpoint_StartDMARead	40	static
../Drivers/Pinpoint/gobilda_pinpoint_driver.c:562:6:Pinpoint_IsDMAComplete	16	static
../Drivers/Pinpoint/gobilda_pinpoint_driver.c:574:19:Pinpoint_ProcessDMAData	72	static
../Drivers/Pinpoint/gobilda_pinpoint_driver.c:650:6:Pinpoint_DMACallback	16	static
